go mod download all
mkdir -p /Users/ben/Documents/solo-repos/solo-projects/.bin
GOBIN=/Users/ben/Documents/solo-repos/solo-projects/.bin go install istio.io/tools/cmd/protoc-gen-jsonshim
GOBIN=/Users/ben/Documents/solo-repos/solo-projects/.bin go install istio.io/pkg/version
GOBIN=/Users/ben/Documents/solo-repos/solo-projects/.bin go install github.com/solo-io/protoc-gen-ext
GOBIN=/Users/ben/Documents/solo-repos/solo-projects/.bin go install golang.org/x/tools/cmd/goimports
GOBIN=/Users/ben/Documents/solo-repos/solo-projects/.bin go install github.com/envoyproxy/protoc-gen-validate
GOBIN=/Users/ben/Documents/solo-repos/solo-projects/.bin go install github.com/golang/protobuf/protoc-gen-go
GOBIN=/Users/ben/Documents/solo-repos/solo-projects/.bin go install github.com/golang/mock/gomock
GOBIN=/Users/ben/Documents/solo-repos/solo-projects/.bin go install github.com/golang/mock/mockgen
GOBIN=/Users/ben/Documents/solo-repos/solo-projects/.bin go install github.com/google/wire/cmd/wire
GOBIN=/Users/ben/Documents/solo-repos/solo-projects/.bin go install github.com/onsi/ginkgo/ginkgo
GOBIN=/Users/ben/Documents/solo-repos/solo-projects/.bin go install github.com/solo-io/protoc-gen-openapi
GOLANG_PROTOBUF_REGISTRATION_CONFLICT=warn /Users/ben/Documents/solo-repos/solo-projects/.bin/ginkgo -r -failFast -trace -progress -race -compilers=4 -failOnPending -noColor ./test/e2e/
WARNING: proto: file "github.com/solo-io/solo-apis/api/gloo/gloo/external/envoy/type/v3/http.proto" has a name conflict over solo.io.envoy.type.v3.CodecClientType
	previously from: "github.com/solo-io/gloo/projects/gloo/pkg/api/external/envoy/type/v3"
	currently from:  "github.com/solo-io/solo-apis/pkg/api/gloo.solo.io/external/envoy/type/v3"
See https://developers.google.com/protocol-buffers/docs/reference/go/faq#namespace-conflict

WARNING: proto: file "github.com/solo-io/solo-apis/api/gloo/gloo/external/envoy/type/v3/http.proto" has a name conflict over solo.io.envoy.type.v3.HTTP3
	previously from: "github.com/solo-io/gloo/projects/gloo/pkg/api/external/envoy/type/v3"
	currently from:  "github.com/solo-io/solo-apis/pkg/api/gloo.solo.io/external/envoy/type/v3"
See https://developers.google.com/protocol-buffers/docs/reference/go/faq#namespace-conflict

WARNING: proto: file "github.com/solo-io/solo-apis/api/gloo/gloo/external/envoy/type/v3/http.proto" has a name conflict over solo.io.envoy.type.v3.HTTP2
	previously from: "github.com/solo-io/gloo/projects/gloo/pkg/api/external/envoy/type/v3"
	currently from:  "github.com/solo-io/solo-apis/pkg/api/gloo.solo.io/external/envoy/type/v3"
See https://developers.google.com/protocol-buffers/docs/reference/go/faq#namespace-conflict

WARNING: proto: file "github.com/solo-io/solo-apis/api/gloo/gloo/external/envoy/type/v3/http.proto" has a name conflict over solo.io.envoy.type.v3.HTTP1
	previously from: "github.com/solo-io/gloo/projects/gloo/pkg/api/external/envoy/type/v3"
	currently from:  "github.com/solo-io/solo-apis/pkg/api/gloo.solo.io/external/envoy/type/v3"
See https://developers.google.com/protocol-buffers/docs/reference/go/faq#namespace-conflict

WARNING: proto: enum solo.io.envoy.type.v3.CodecClientType is already registered
	previously from: "github.com/solo-io/gloo/projects/gloo/pkg/api/external/envoy/type/v3"
	currently from:  "github.com/solo-io/solo-apis/pkg/api/gloo.solo.io/external/envoy/type/v3"
See https://developers.google.com/protocol-buffers/docs/reference/go/faq#namespace-conflict

WARNING: proto: file "github.com/solo-io/solo-apis/api/gloo/gloo/external/envoy/type/v3/percent.proto" has a name conflict over solo.io.envoy.type.v3.FractionalPercent
	previously from: "github.com/solo-io/gloo/projects/gloo/pkg/api/external/envoy/type/v3"
	currently from:  "github.com/solo-io/solo-apis/pkg/api/gloo.solo.io/external/envoy/type/v3"
See https://developers.google.com/protocol-buffers/docs/reference/go/faq#namespace-conflict

WARNING: proto: file "github.com/solo-io/solo-apis/api/gloo/gloo/external/envoy/type/v3/percent.proto" has a name conflict over solo.io.envoy.type.v3.Percent
	previously from: "github.com/solo-io/gloo/projects/gloo/pkg/api/external/envoy/type/v3"
	currently from:  "github.com/solo-io/solo-apis/pkg/api/gloo.solo.io/external/envoy/type/v3"
See https://developers.google.com/protocol-buffers/docs/reference/go/faq#namespace-conflict

WARNING: proto: enum solo.io.envoy.type.v3.FractionalPercent.DenominatorType is already registered
	previously from: "github.com/solo-io/gloo/projects/gloo/pkg/api/external/envoy/type/v3"
	currently from:  "github.com/solo-io/solo-apis/pkg/api/gloo.solo.io/external/envoy/type/v3"
See https://developers.google.com/protocol-buffers/docs/reference/go/faq#namespace-conflict

WARNING: proto: message solo.io.envoy.type.v3.Percent is already registered
	previously from: "github.com/solo-io/gloo/projects/gloo/pkg/api/external/envoy/type/v3"
	currently from:  "github.com/solo-io/solo-apis/pkg/api/gloo.solo.io/external/envoy/type/v3"
See https://developers.google.com/protocol-buffers/docs/reference/go/faq#namespace-conflict

WARNING: proto: message solo.io.envoy.type.v3.FractionalPercent is already registered
	previously from: "github.com/solo-io/gloo/projects/gloo/pkg/api/external/envoy/type/v3"
	currently from:  "github.com/solo-io/solo-apis/pkg/api/gloo.solo.io/external/envoy/type/v3"
See https://developers.google.com/protocol-buffers/docs/reference/go/faq#namespace-conflict

WARNING: proto: file "github.com/solo-io/solo-apis/api/gloo/gloo/external/envoy/type/v3/range.proto" has a name conflict over solo.io.envoy.type.v3.DoubleRange
	previously from: "github.com/solo-io/gloo/projects/gloo/pkg/api/external/envoy/type/v3"
	currently from:  "github.com/solo-io/solo-apis/pkg/api/gloo.solo.io/external/envoy/type/v3"
See https://developers.google.com/protocol-buffers/docs/reference/go/faq#namespace-conflict

WARNING: proto: file "github.com/solo-io/solo-apis/api/gloo/gloo/external/envoy/type/v3/range.proto" has a name conflict over solo.io.envoy.type.v3.Int32Range
	previously from: "github.com/solo-io/gloo/projects/gloo/pkg/api/external/envoy/type/v3"
	currently from:  "github.com/solo-io/solo-apis/pkg/api/gloo.solo.io/external/envoy/type/v3"
See https://developers.google.com/protocol-buffers/docs/reference/go/faq#namespace-conflict

WARNING: proto: file "github.com/solo-io/solo-apis/api/gloo/gloo/external/envoy/type/v3/range.proto" has a name conflict over solo.io.envoy.type.v3.Int64Range
	previously from: "github.com/solo-io/gloo/projects/gloo/pkg/api/external/envoy/type/v3"
	currently from:  "github.com/solo-io/solo-apis/pkg/api/gloo.solo.io/external/envoy/type/v3"
See https://developers.google.com/protocol-buffers/docs/reference/go/faq#namespace-conflict

WARNING: proto: message solo.io.envoy.type.v3.Int64Range is already registered
	previously from: "github.com/solo-io/gloo/projects/gloo/pkg/api/external/envoy/type/v3"
	currently from:  "github.com/solo-io/solo-apis/pkg/api/gloo.solo.io/external/envoy/type/v3"
See https://developers.google.com/protocol-buffers/docs/reference/go/faq#namespace-conflict

WARNING: proto: message solo.io.envoy.type.v3.Int32Range is already registered
	previously from: "github.com/solo-io/gloo/projects/gloo/pkg/api/external/envoy/type/v3"
	currently from:  "github.com/solo-io/solo-apis/pkg/api/gloo.solo.io/external/envoy/type/v3"
See https://developers.google.com/protocol-buffers/docs/reference/go/faq#namespace-conflict

WARNING: proto: message solo.io.envoy.type.v3.DoubleRange is already registered
	previously from: "github.com/solo-io/gloo/projects/gloo/pkg/api/external/envoy/type/v3"
	currently from:  "github.com/solo-io/solo-apis/pkg/api/gloo.solo.io/external/envoy/type/v3"
See https://developers.google.com/protocol-buffers/docs/reference/go/faq#namespace-conflict

WARNING: proto: file "github.com/solo-io/solo-apis/api/gloo/gloo/external/envoy/type/v3/semantic_version.proto" has a name conflict over solo.io.envoy.type.v3.SemanticVersion
	previously from: "github.com/solo-io/gloo/projects/gloo/pkg/api/external/envoy/type/v3"
	currently from:  "github.com/solo-io/solo-apis/pkg/api/gloo.solo.io/external/envoy/type/v3"
See https://developers.google.com/protocol-buffers/docs/reference/go/faq#namespace-conflict

WARNING: proto: message solo.io.envoy.type.v3.SemanticVersion is already registered
	previously from: "github.com/solo-io/gloo/projects/gloo/pkg/api/external/envoy/type/v3"
	currently from:  "github.com/solo-io/solo-apis/pkg/api/gloo.solo.io/external/envoy/type/v3"
See https://developers.google.com/protocol-buffers/docs/reference/go/faq#namespace-conflict

WARNING: proto: file "github.com/solo-io/solo-apis/api/gloo/gloo/external/envoy/annotations/deprecation.proto" has a name conflict over solo.io.envoy.annotations.disallowed_by_default_enum
	previously from: "github.com/solo-io/gloo/projects/gloo/pkg/api/external/envoy/annotations"
	currently from:  "github.com/solo-io/solo-apis/pkg/api/gloo.solo.io/external/envoy/annotations"
See https://developers.google.com/protocol-buffers/docs/reference/go/faq#namespace-conflict

WARNING: proto: file "github.com/solo-io/solo-apis/api/gloo/gloo/external/envoy/annotations/deprecation.proto" has a name conflict over solo.io.envoy.annotations.disallowed_by_default
	previously from: "github.com/solo-io/gloo/projects/gloo/pkg/api/external/envoy/annotations"
	currently from:  "github.com/solo-io/solo-apis/pkg/api/gloo.solo.io/external/envoy/annotations"
See https://developers.google.com/protocol-buffers/docs/reference/go/faq#namespace-conflict

WARNING: proto: extension number 246172783 is already registered on message google.protobuf.FieldOptions
	previously from: "github.com/solo-io/gloo/projects/gloo/pkg/api/external/envoy/annotations"
	currently from:  "github.com/solo-io/solo-apis/pkg/api/gloo.solo.io/external/envoy/annotations"
See https://developers.google.com/protocol-buffers/docs/reference/go/faq#namespace-conflict

WARNING: proto: extension solo.io.envoy.annotations.disallowed_by_default is already registered
	previously from: "github.com/solo-io/gloo/projects/gloo/pkg/api/external/envoy/annotations"
	currently from:  "github.com/solo-io/solo-apis/pkg/api/gloo.solo.io/external/envoy/annotations"
See https://developers.google.com/protocol-buffers/docs/reference/go/faq#namespace-conflict

WARNING: proto: extension number 178329844 is already registered on message google.protobuf.EnumValueOptions
	previously from: "github.com/solo-io/gloo/projects/gloo/pkg/api/external/envoy/annotations"
	currently from:  "github.com/solo-io/solo-apis/pkg/api/gloo.solo.io/external/envoy/annotations"
See https://developers.google.com/protocol-buffers/docs/reference/go/faq#namespace-conflict

WARNING: proto: extension solo.io.envoy.annotations.disallowed_by_default_enum is already registered
	previously from: "github.com/solo-io/gloo/projects/gloo/pkg/api/external/envoy/annotations"
	currently from:  "github.com/solo-io/solo-apis/pkg/api/gloo.solo.io/external/envoy/annotations"
See https://developers.google.com/protocol-buffers/docs/reference/go/faq#namespace-conflict

WARNING: proto: file "github.com/solo-io/solo-apis/api/gloo/gloo/external/envoy/type/matcher/v3/regex.proto" has a name conflict over solo.io.envoy.type.matcher.v3.RegexMatchAndSubstitute
	previously from: "github.com/solo-io/gloo/projects/gloo/pkg/api/external/envoy/type/matcher/v3"
	currently from:  "github.com/solo-io/solo-apis/pkg/api/gloo.solo.io/external/envoy/type/matcher/v3"
See https://developers.google.com/protocol-buffers/docs/reference/go/faq#namespace-conflict

WARNING: proto: file "github.com/solo-io/solo-apis/api/gloo/gloo/external/envoy/type/matcher/v3/regex.proto" has a name conflict over solo.io.envoy.type.matcher.v3.RegexMatcher
	previously from: "github.com/solo-io/gloo/projects/gloo/pkg/api/external/envoy/type/matcher/v3"
	currently from:  "github.com/solo-io/solo-apis/pkg/api/gloo.solo.io/external/envoy/type/matcher/v3"
See https://developers.google.com/protocol-buffers/docs/reference/go/faq#namespace-conflict

WARNING: proto: message solo.io.envoy.type.matcher.v3.RegexMatcher is already registered
	previously from: "github.com/solo-io/gloo/projects/gloo/pkg/api/external/envoy/type/matcher/v3"
	currently from:  "github.com/solo-io/solo-apis/pkg/api/gloo.solo.io/external/envoy/type/matcher/v3"
See https://developers.google.com/protocol-buffers/docs/reference/go/faq#namespace-conflict

WARNING: proto: message solo.io.envoy.type.matcher.v3.RegexMatchAndSubstitute is already registered
	previously from: "github.com/solo-io/gloo/projects/gloo/pkg/api/external/envoy/type/matcher/v3"
	currently from:  "github.com/solo-io/solo-apis/pkg/api/gloo.solo.io/external/envoy/type/matcher/v3"
See https://developers.google.com/protocol-buffers/docs/reference/go/faq#namespace-conflict

WARNING: proto: message solo.io.envoy.type.matcher.v3.RegexMatcher.GoogleRE2 is already registered
	previously from: "github.com/solo-io/gloo/projects/gloo/pkg/api/external/envoy/type/matcher/v3"
	currently from:  "github.com/solo-io/solo-apis/pkg/api/gloo.solo.io/external/envoy/type/matcher/v3"
See https://developers.google.com/protocol-buffers/docs/reference/go/faq#namespace-conflict

WARNING: proto: file "github.com/solo-io/solo-apis/api/gloo/gloo/external/envoy/type/matcher/v3/string.proto" has a name conflict over solo.io.envoy.type.matcher.v3.ListStringMatcher
	previously from: "github.com/solo-io/gloo/projects/gloo/pkg/api/external/envoy/type/matcher/v3"
	currently from:  "github.com/solo-io/solo-apis/pkg/api/gloo.solo.io/external/envoy/type/matcher/v3"
See https://developers.google.com/protocol-buffers/docs/reference/go/faq#namespace-conflict

WARNING: proto: file "github.com/solo-io/solo-apis/api/gloo/gloo/external/envoy/type/matcher/v3/string.proto" has a name conflict over solo.io.envoy.type.matcher.v3.StringMatcher
	previously from: "github.com/solo-io/gloo/projects/gloo/pkg/api/external/envoy/type/matcher/v3"
	currently from:  "github.com/solo-io/solo-apis/pkg/api/gloo.solo.io/external/envoy/type/matcher/v3"
See https://developers.google.com/protocol-buffers/docs/reference/go/faq#namespace-conflict

WARNING: proto: message solo.io.envoy.type.matcher.v3.StringMatcher is already registered
	previously from: "github.com/solo-io/gloo/projects/gloo/pkg/api/external/envoy/type/matcher/v3"
	currently from:  "github.com/solo-io/solo-apis/pkg/api/gloo.solo.io/external/envoy/type/matcher/v3"
See https://developers.google.com/protocol-buffers/docs/reference/go/faq#namespace-conflict

WARNING: proto: message solo.io.envoy.type.matcher.v3.ListStringMatcher is already registered
	previously from: "github.com/solo-io/gloo/projects/gloo/pkg/api/external/envoy/type/matcher/v3"
	currently from:  "github.com/solo-io/solo-apis/pkg/api/gloo.solo.io/external/envoy/type/matcher/v3"
See https://developers.google.com/protocol-buffers/docs/reference/go/faq#namespace-conflict

WARNING: proto: file "github.com/solo-io/solo-apis/api/gloo/gloo/v1/options/advanced_http/advanced_http.proto" has a name conflict over advancedhttp.options.gloo.solo.io.HealthCheckResult
	previously from: "github.com/solo-io/gloo/projects/gloo/pkg/api/v1/options/advanced_http"
	currently from:  "github.com/solo-io/solo-apis/pkg/api/gloo.solo.io/v1/options/advanced_http"
See https://developers.google.com/protocol-buffers/docs/reference/go/faq#namespace-conflict

WARNING: proto: file "github.com/solo-io/solo-apis/api/gloo/gloo/v1/options/advanced_http/advanced_http.proto" has a name conflict over advancedhttp.options.gloo.solo.io.unhealthy
	previously from: "github.com/solo-io/gloo/projects/gloo/pkg/api/v1/options/advanced_http"
	currently from:  "github.com/solo-io/solo-apis/pkg/api/gloo.solo.io/v1/options/advanced_http"
See https://developers.google.com/protocol-buffers/docs/reference/go/faq#namespace-conflict

WARNING: proto: file "github.com/solo-io/solo-apis/api/gloo/gloo/v1/options/advanced_http/advanced_http.proto" has a name conflict over advancedhttp.options.gloo.solo.io.degraded
	previously from: "github.com/solo-io/gloo/projects/gloo/pkg/api/v1/options/advanced_http"
	currently from:  "github.com/solo-io/solo-apis/pkg/api/gloo.solo.io/v1/options/advanced_http"
See https://developers.google.com/protocol-buffers/docs/reference/go/faq#namespace-conflict

WARNING: proto: file "github.com/solo-io/solo-apis/api/gloo/gloo/v1/options/advanced_http/advanced_http.proto" has a name conflict over advancedhttp.options.gloo.solo.io.healthy
	previously from: "github.com/solo-io/gloo/projects/gloo/pkg/api/v1/options/advanced_http"
	currently from:  "github.com/solo-io/solo-apis/pkg/api/gloo.solo.io/v1/options/advanced_http"
See https://developers.google.com/protocol-buffers/docs/reference/go/faq#namespace-conflict

WARNING: proto: file "github.com/solo-io/solo-apis/api/gloo/gloo/v1/options/advanced_http/advanced_http.proto" has a name conflict over advancedhttp.options.gloo.solo.io.default
	previously from: "github.com/solo-io/gloo/projects/gloo/pkg/api/v1/options/advanced_http"
	currently from:  "github.com/solo-io/solo-apis/pkg/api/gloo.solo.io/v1/options/advanced_http"
See https://developers.google.com/protocol-buffers/docs/reference/go/faq#namespace-conflict

WARNING: proto: file "github.com/solo-io/solo-apis/api/gloo/gloo/v1/options/advanced_http/advanced_http.proto" has a name conflict over advancedhttp.options.gloo.solo.io.JsonKey
	previously from: "github.com/solo-io/gloo/projects/gloo/pkg/api/v1/options/advanced_http"
	currently from:  "github.com/solo-io/solo-apis/pkg/api/gloo.solo.io/v1/options/advanced_http"
See https://developers.google.com/protocol-buffers/docs/reference/go/faq#namespace-conflict

WARNING: proto: file "github.com/solo-io/solo-apis/api/gloo/gloo/v1/options/advanced_http/advanced_http.proto" has a name conflict over advancedhttp.options.gloo.solo.io.ResponseMatch
	previously from: "github.com/solo-io/gloo/projects/gloo/pkg/api/v1/options/advanced_http"
	currently from:  "github.com/solo-io/solo-apis/pkg/api/gloo.solo.io/v1/options/advanced_http"
See https://developers.google.com/protocol-buffers/docs/reference/go/faq#namespace-conflict

WARNING: proto: file "github.com/solo-io/solo-apis/api/gloo/gloo/v1/options/advanced_http/advanced_http.proto" has a name conflict over advancedhttp.options.gloo.solo.io.ResponseMatcher
	previously from: "github.com/solo-io/gloo/projects/gloo/pkg/api/v1/options/advanced_http"
	currently from:  "github.com/solo-io/solo-apis/pkg/api/gloo.solo.io/v1/options/advanced_http"
See https://developers.google.com/protocol-buffers/docs/reference/go/faq#namespace-conflict

WARNING: proto: file "github.com/solo-io/solo-apis/api/gloo/gloo/v1/options/advanced_http/advanced_http.proto" has a name conflict over advancedhttp.options.gloo.solo.io.ResponseAssertions
	previously from: "github.com/solo-io/gloo/projects/gloo/pkg/api/v1/options/advanced_http"
	currently from:  "github.com/solo-io/solo-apis/pkg/api/gloo.solo.io/v1/options/advanced_http"
See https://developers.google.com/protocol-buffers/docs/reference/go/faq#namespace-conflict

WARNING: proto: enum advancedhttp.options.gloo.solo.io.HealthCheckResult is already registered
	previously from: "github.com/solo-io/gloo/projects/gloo/pkg/api/v1/options/advanced_http"
	currently from:  "github.com/solo-io/solo-apis/pkg/api/gloo.solo.io/v1/options/advanced_http"
See https://developers.google.com/protocol-buffers/docs/reference/go/faq#namespace-conflict

WARNING: proto: message advancedhttp.options.gloo.solo.io.ResponseAssertions is already registered
	previously from: "github.com/solo-io/gloo/projects/gloo/pkg/api/v1/options/advanced_http"
	currently from:  "github.com/solo-io/solo-apis/pkg/api/gloo.solo.io/v1/options/advanced_http"
See https://developers.google.com/protocol-buffers/docs/reference/go/faq#namespace-conflict

WARNING: proto: message advancedhttp.options.gloo.solo.io.ResponseMatcher is already registered
	previously from: "github.com/solo-io/gloo/projects/gloo/pkg/api/v1/options/advanced_http"
	currently from:  "github.com/solo-io/solo-apis/pkg/api/gloo.solo.io/v1/options/advanced_http"
See https://developers.google.com/protocol-buffers/docs/reference/go/faq#namespace-conflict

WARNING: proto: message advancedhttp.options.gloo.solo.io.ResponseMatch is already registered
	previously from: "github.com/solo-io/gloo/projects/gloo/pkg/api/v1/options/advanced_http"
	currently from:  "github.com/solo-io/solo-apis/pkg/api/gloo.solo.io/v1/options/advanced_http"
See https://developers.google.com/protocol-buffers/docs/reference/go/faq#namespace-conflict

WARNING: proto: message advancedhttp.options.gloo.solo.io.JsonKey is already registered
	previously from: "github.com/solo-io/gloo/projects/gloo/pkg/api/v1/options/advanced_http"
	currently from:  "github.com/solo-io/solo-apis/pkg/api/gloo.solo.io/v1/options/advanced_http"
See https://developers.google.com/protocol-buffers/docs/reference/go/faq#namespace-conflict

WARNING: proto: message advancedhttp.options.gloo.solo.io.JsonKey.PathSegment is already registered
	previously from: "github.com/solo-io/gloo/projects/gloo/pkg/api/v1/options/advanced_http"
	currently from:  "github.com/solo-io/solo-apis/pkg/api/gloo.solo.io/v1/options/advanced_http"
See https://developers.google.com/protocol-buffers/docs/reference/go/faq#namespace-conflict

WARNING: proto: file "github.com/solo-io/solo-apis/api/gloo/gloo/external/envoy/config/core/v3/socket_option.proto" has a name conflict over solo.io.envoy.config.core.v3.SocketOption
	previously from: "github.com/solo-io/gloo/projects/gloo/pkg/api/external/envoy/config/core/v3"
	currently from:  "github.com/solo-io/solo-apis/pkg/api/gloo.solo.io/external/envoy/config/core/v3"
See https://developers.google.com/protocol-buffers/docs/reference/go/faq#namespace-conflict

WARNING: proto: enum solo.io.envoy.config.core.v3.SocketOption.SocketState is already registered
	previously from: "github.com/solo-io/gloo/projects/gloo/pkg/api/external/envoy/config/core/v3"
	currently from:  "github.com/solo-io/solo-apis/pkg/api/gloo.solo.io/external/envoy/config/core/v3"
See https://developers.google.com/protocol-buffers/docs/reference/go/faq#namespace-conflict

WARNING: proto: message solo.io.envoy.config.core.v3.SocketOption is already registered
	previously from: "github.com/solo-io/gloo/projects/gloo/pkg/api/external/envoy/config/core/v3"
	currently from:  "github.com/solo-io/solo-apis/pkg/api/gloo.solo.io/external/envoy/config/core/v3"
See https://developers.google.com/protocol-buffers/docs/reference/go/faq#namespace-conflict

WARNING: proto: file "github.com/solo-io/solo-apis/api/gloo/gloo/external/envoy/config/core/v3/address.proto" has a name conflict over solo.io.envoy.config.core.v3.CidrRange
	previously from: "github.com/solo-io/gloo/projects/gloo/pkg/api/external/envoy/config/core/v3"
	currently from:  "github.com/solo-io/solo-apis/pkg/api/gloo.solo.io/external/envoy/config/core/v3"
See https://developers.google.com/protocol-buffers/docs/reference/go/faq#namespace-conflict

WARNING: proto: file "github.com/solo-io/solo-apis/api/gloo/gloo/external/envoy/config/core/v3/address.proto" has a name conflict over solo.io.envoy.config.core.v3.Address
	previously from: "github.com/solo-io/gloo/projects/gloo/pkg/api/external/envoy/config/core/v3"
	currently from:  "github.com/solo-io/solo-apis/pkg/api/gloo.solo.io/external/envoy/config/core/v3"
See https://developers.google.com/protocol-buffers/docs/reference/go/faq#namespace-conflict

WARNING: proto: file "github.com/solo-io/solo-apis/api/gloo/gloo/external/envoy/config/core/v3/address.proto" has a name conflict over solo.io.envoy.config.core.v3.BindConfig
	previously from: "github.com/solo-io/gloo/projects/gloo/pkg/api/external/envoy/config/core/v3"
	currently from:  "github.com/solo-io/solo-apis/pkg/api/gloo.solo.io/external/envoy/config/core/v3"
See https://developers.google.com/protocol-buffers/docs/reference/go/faq#namespace-conflict

WARNING: proto: file "github.com/solo-io/solo-apis/api/gloo/gloo/external/envoy/config/core/v3/address.proto" has a name conflict over solo.io.envoy.config.core.v3.TcpKeepalive
	previously from: "github.com/solo-io/gloo/projects/gloo/pkg/api/external/envoy/config/core/v3"
	currently from:  "github.com/solo-io/solo-apis/pkg/api/gloo.solo.io/external/envoy/config/core/v3"
See https://developers.google.com/protocol-buffers/docs/reference/go/faq#namespace-conflict

WARNING: proto: file "github.com/solo-io/solo-apis/api/gloo/gloo/external/envoy/config/core/v3/address.proto" has a name conflict over solo.io.envoy.config.core.v3.SocketAddress
	previously from: "github.com/solo-io/gloo/projects/gloo/pkg/api/external/envoy/config/core/v3"
	currently from:  "github.com/solo-io/solo-apis/pkg/api/gloo.solo.io/external/envoy/config/core/v3"
See https://developers.google.com/protocol-buffers/docs/reference/go/faq#namespace-conflict

WARNING: proto: file "github.com/solo-io/solo-apis/api/gloo/gloo/external/envoy/config/core/v3/address.proto" has a name conflict over solo.io.envoy.config.core.v3.Pipe
	previously from: "github.com/solo-io/gloo/projects/gloo/pkg/api/external/envoy/config/core/v3"
	currently from:  "github.com/solo-io/solo-apis/pkg/api/gloo.solo.io/external/envoy/config/core/v3"
See https://developers.google.com/protocol-buffers/docs/reference/go/faq#namespace-conflict

WARNING: proto: enum solo.io.envoy.config.core.v3.SocketAddress.Protocol is already registered
	previously from: "github.com/solo-io/gloo/projects/gloo/pkg/api/external/envoy/config/core/v3"
	currently from:  "github.com/solo-io/solo-apis/pkg/api/gloo.solo.io/external/envoy/config/core/v3"
See https://developers.google.com/protocol-buffers/docs/reference/go/faq#namespace-conflict

WARNING: proto: message solo.io.envoy.config.core.v3.Pipe is already registered
	previously from: "github.com/solo-io/gloo/projects/gloo/pkg/api/external/envoy/config/core/v3"
	currently from:  "github.com/solo-io/solo-apis/pkg/api/gloo.solo.io/external/envoy/config/core/v3"
See https://developers.google.com/protocol-buffers/docs/reference/go/faq#namespace-conflict

WARNING: proto: message solo.io.envoy.config.core.v3.SocketAddress is already registered
	previously from: "github.com/solo-io/gloo/projects/gloo/pkg/api/external/envoy/config/core/v3"
	currently from:  "github.com/solo-io/solo-apis/pkg/api/gloo.solo.io/external/envoy/config/core/v3"
See https://developers.google.com/protocol-buffers/docs/reference/go/faq#namespace-conflict

WARNING: proto: message solo.io.envoy.config.core.v3.TcpKeepalive is already registered
	previously from: "github.com/solo-io/gloo/projects/gloo/pkg/api/external/envoy/config/core/v3"
	currently from:  "github.com/solo-io/solo-apis/pkg/api/gloo.solo.io/external/envoy/config/core/v3"
See https://developers.google.com/protocol-buffers/docs/reference/go/faq#namespace-conflict

WARNING: proto: message solo.io.envoy.config.core.v3.BindConfig is already registered
	previously from: "github.com/solo-io/gloo/projects/gloo/pkg/api/external/envoy/config/core/v3"
	currently from:  "github.com/solo-io/solo-apis/pkg/api/gloo.solo.io/external/envoy/config/core/v3"
See https://developers.google.com/protocol-buffers/docs/reference/go/faq#namespace-conflict

WARNING: proto: message solo.io.envoy.config.core.v3.Address is already registered
	previously from: "github.com/solo-io/gloo/projects/gloo/pkg/api/external/envoy/config/core/v3"
	currently from:  "github.com/solo-io/solo-apis/pkg/api/gloo.solo.io/external/envoy/config/core/v3"
See https://developers.google.com/protocol-buffers/docs/reference/go/faq#namespace-conflict

WARNING: proto: message solo.io.envoy.config.core.v3.CidrRange is already registered
	previously from: "github.com/solo-io/gloo/projects/gloo/pkg/api/external/envoy/config/core/v3"
	currently from:  "github.com/solo-io/solo-apis/pkg/api/gloo.solo.io/external/envoy/config/core/v3"
See https://developers.google.com/protocol-buffers/docs/reference/go/faq#namespace-conflict

WARNING: proto: file "github.com/solo-io/solo-apis/api/gloo/gloo/external/envoy/config/core/v3/backoff.proto" has a name conflict over solo.io.envoy.config.core.v3.BackoffStrategy
	previously from: "github.com/solo-io/gloo/projects/gloo/pkg/api/external/envoy/config/core/v3"
	currently from:  "github.com/solo-io/solo-apis/pkg/api/gloo.solo.io/external/envoy/config/core/v3"
See https://developers.google.com/protocol-buffers/docs/reference/go/faq#namespace-conflict

WARNING: proto: message solo.io.envoy.config.core.v3.BackoffStrategy is already registered
	previously from: "github.com/solo-io/gloo/projects/gloo/pkg/api/external/envoy/config/core/v3"
	currently from:  "github.com/solo-io/solo-apis/pkg/api/gloo.solo.io/external/envoy/config/core/v3"
See https://developers.google.com/protocol-buffers/docs/reference/go/faq#namespace-conflict

WARNING: proto: file "github.com/solo-io/solo-apis/api/gloo/gloo/external/envoy/config/core/v3/http_uri.proto" has a name conflict over solo.io.envoy.config.core.v3.HttpUri
	previously from: "github.com/solo-io/gloo/projects/gloo/pkg/api/external/envoy/config/core/v3"
	currently from:  "github.com/solo-io/solo-apis/pkg/api/gloo.solo.io/external/envoy/config/core/v3"
See https://developers.google.com/protocol-buffers/docs/reference/go/faq#namespace-conflict

WARNING: proto: message solo.io.envoy.config.core.v3.HttpUri is already registered
	previously from: "github.com/solo-io/gloo/projects/gloo/pkg/api/external/envoy/config/core/v3"
	currently from:  "github.com/solo-io/solo-apis/pkg/api/gloo.solo.io/external/envoy/config/core/v3"
See https://developers.google.com/protocol-buffers/docs/reference/go/faq#namespace-conflict

WARNING: proto: file "github.com/solo-io/solo-apis/api/gloo/gloo/external/envoy/config/core/v3/base.proto" has a name conflict over solo.io.envoy.config.core.v3.TrafficDirection
	previously from: "github.com/solo-io/gloo/projects/gloo/pkg/api/external/envoy/config/core/v3"
	currently from:  "github.com/solo-io/solo-apis/pkg/api/gloo.solo.io/external/envoy/config/core/v3"
See https://developers.google.com/protocol-buffers/docs/reference/go/faq#namespace-conflict

WARNING: proto: file "github.com/solo-io/solo-apis/api/gloo/gloo/external/envoy/config/core/v3/base.proto" has a name conflict over solo.io.envoy.config.core.v3.OUTBOUND
	previously from: "github.com/solo-io/gloo/projects/gloo/pkg/api/external/envoy/config/core/v3"
	currently from:  "github.com/solo-io/solo-apis/pkg/api/gloo.solo.io/external/envoy/config/core/v3"
See https://developers.google.com/protocol-buffers/docs/reference/go/faq#namespace-conflict

WARNING: proto: file "github.com/solo-io/solo-apis/api/gloo/gloo/external/envoy/config/core/v3/base.proto" has a name conflict over solo.io.envoy.config.core.v3.INBOUND
	previously from: "github.com/solo-io/gloo/projects/gloo/pkg/api/external/envoy/config/core/v3"
	currently from:  "github.com/solo-io/solo-apis/pkg/api/gloo.solo.io/external/envoy/config/core/v3"
See https://developers.google.com/protocol-buffers/docs/reference/go/faq#namespace-conflict

WARNING: proto: file "github.com/solo-io/solo-apis/api/gloo/gloo/external/envoy/config/core/v3/base.proto" has a name conflict over solo.io.envoy.config.core.v3.UNSPECIFIED
	previously from: "github.com/solo-io/gloo/projects/gloo/pkg/api/external/envoy/config/core/v3"
	currently from:  "github.com/solo-io/solo-apis/pkg/api/gloo.solo.io/external/envoy/config/core/v3"
See https://developers.google.com/protocol-buffers/docs/reference/go/faq#namespace-conflict

WARNING: proto: file "github.com/solo-io/solo-apis/api/gloo/gloo/external/envoy/config/core/v3/base.proto" has a name conflict over solo.io.envoy.config.core.v3.RequestMethod
	previously from: "github.com/solo-io/gloo/projects/gloo/pkg/api/external/envoy/config/core/v3"
	currently from:  "github.com/solo-io/solo-apis/pkg/api/gloo.solo.io/external/envoy/config/core/v3"
See https://developers.google.com/protocol-buffers/docs/reference/go/faq#namespace-conflict

WARNING: proto: file "github.com/solo-io/solo-apis/api/gloo/gloo/external/envoy/config/core/v3/base.proto" has a name conflict over solo.io.envoy.config.core.v3.PATCH
	previously from: "github.com/solo-io/gloo/projects/gloo/pkg/api/external/envoy/config/core/v3"
	currently from:  "github.com/solo-io/solo-apis/pkg/api/gloo.solo.io/external/envoy/config/core/v3"
See https://developers.google.com/protocol-buffers/docs/reference/go/faq#namespace-conflict

WARNING: proto: file "github.com/solo-io/solo-apis/api/gloo/gloo/external/envoy/config/core/v3/base.proto" has a name conflict over solo.io.envoy.config.core.v3.TRACE
	previously from: "github.com/solo-io/gloo/projects/gloo/pkg/api/external/envoy/config/core/v3"
	currently from:  "github.com/solo-io/solo-apis/pkg/api/gloo.solo.io/external/envoy/config/core/v3"
See https://developers.google.com/protocol-buffers/docs/reference/go/faq#namespace-conflict

WARNING: proto: file "github.com/solo-io/solo-apis/api/gloo/gloo/external/envoy/config/core/v3/base.proto" has a name conflict over solo.io.envoy.config.core.v3.OPTIONS
	previously from: "github.com/solo-io/gloo/projects/gloo/pkg/api/external/envoy/config/core/v3"
	currently from:  "github.com/solo-io/solo-apis/pkg/api/gloo.solo.io/external/envoy/config/core/v3"
See https://developers.google.com/protocol-buffers/docs/reference/go/faq#namespace-conflict

WARNING: proto: file "github.com/solo-io/solo-apis/api/gloo/gloo/external/envoy/config/core/v3/base.proto" has a name conflict over solo.io.envoy.config.core.v3.CONNECT
	previously from: "github.com/solo-io/gloo/projects/gloo/pkg/api/external/envoy/config/core/v3"
	currently from:  "github.com/solo-io/solo-apis/pkg/api/gloo.solo.io/external/envoy/config/core/v3"
See https://developers.google.com/protocol-buffers/docs/reference/go/faq#namespace-conflict

WARNING: proto: file "github.com/solo-io/solo-apis/api/gloo/gloo/external/envoy/config/core/v3/base.proto" has a name conflict over solo.io.envoy.config.core.v3.DELETE
	previously from: "github.com/solo-io/gloo/projects/gloo/pkg/api/external/envoy/config/core/v3"
	currently from:  "github.com/solo-io/solo-apis/pkg/api/gloo.solo.io/external/envoy/config/core/v3"
See https://developers.google.com/protocol-buffers/docs/reference/go/faq#namespace-conflict

WARNING: proto: file "github.com/solo-io/solo-apis/api/gloo/gloo/external/envoy/config/core/v3/base.proto" has a name conflict over solo.io.envoy.config.core.v3.PUT
	previously from: "github.com/solo-io/gloo/projects/gloo/pkg/api/external/envoy/config/core/v3"
	currently from:  "github.com/solo-io/solo-apis/pkg/api/gloo.solo.io/external/envoy/config/core/v3"
See https://developers.google.com/protocol-buffers/docs/reference/go/faq#namespace-conflict

WARNING: proto: file "github.com/solo-io/solo-apis/api/gloo/gloo/external/envoy/config/core/v3/base.proto" has a name conflict over solo.io.envoy.config.core.v3.POST
	previously from: "github.com/solo-io/gloo/projects/gloo/pkg/api/external/envoy/config/core/v3"
	currently from:  "github.com/solo-io/solo-apis/pkg/api/gloo.solo.io/external/envoy/config/core/v3"
See https://developers.google.com/protocol-buffers/docs/reference/go/faq#namespace-conflict

WARNING: proto: file "github.com/solo-io/solo-apis/api/gloo/gloo/external/envoy/config/core/v3/base.proto" has a name conflict over solo.io.envoy.config.core.v3.HEAD
	previously from: "github.com/solo-io/gloo/projects/gloo/pkg/api/external/envoy/config/core/v3"
	currently from:  "github.com/solo-io/solo-apis/pkg/api/gloo.solo.io/external/envoy/config/core/v3"
See https://developers.google.com/protocol-buffers/docs/reference/go/faq#namespace-conflict

WARNING: proto: file "github.com/solo-io/solo-apis/api/gloo/gloo/external/envoy/config/core/v3/base.proto" has a name conflict over solo.io.envoy.config.core.v3.GET
	previously from: "github.com/solo-io/gloo/projects/gloo/pkg/api/external/envoy/config/core/v3"
	currently from:  "github.com/solo-io/solo-apis/pkg/api/gloo.solo.io/external/envoy/config/core/v3"
See https://developers.google.com/protocol-buffers/docs/reference/go/faq#namespace-conflict

WARNING: proto: file "github.com/solo-io/solo-apis/api/gloo/gloo/external/envoy/config/core/v3/base.proto" has a name conflict over solo.io.envoy.config.core.v3.METHOD_UNSPECIFIED
	previously from: "github.com/solo-io/gloo/projects/gloo/pkg/api/external/envoy/config/core/v3"
	currently from:  "github.com/solo-io/solo-apis/pkg/api/gloo.solo.io/external/envoy/config/core/v3"
See https://developers.google.com/protocol-buffers/docs/reference/go/faq#namespace-conflict

WARNING: proto: file "github.com/solo-io/solo-apis/api/gloo/gloo/external/envoy/config/core/v3/base.proto" has a name conflict over solo.io.envoy.config.core.v3.RoutingPriority
	previously from: "github.com/solo-io/gloo/projects/gloo/pkg/api/external/envoy/config/core/v3"
	currently from:  "github.com/solo-io/solo-apis/pkg/api/gloo.solo.io/external/envoy/config/core/v3"
See https://developers.google.com/protocol-buffers/docs/reference/go/faq#namespace-conflict

WARNING: proto: file "github.com/solo-io/solo-apis/api/gloo/gloo/external/envoy/config/core/v3/base.proto" has a name conflict over solo.io.envoy.config.core.v3.HIGH
	previously from: "github.com/solo-io/gloo/projects/gloo/pkg/api/external/envoy/config/core/v3"
	currently from:  "github.com/solo-io/solo-apis/pkg/api/gloo.solo.io/external/envoy/config/core/v3"
See https://developers.google.com/protocol-buffers/docs/reference/go/faq#namespace-conflict

WARNING: proto: file "github.com/solo-io/solo-apis/api/gloo/gloo/external/envoy/config/core/v3/base.proto" has a name conflict over solo.io.envoy.config.core.v3.DEFAULT
	previously from: "github.com/solo-io/gloo/projects/gloo/pkg/api/external/envoy/config/core/v3"
	currently from:  "github.com/solo-io/solo-apis/pkg/api/gloo.solo.io/external/envoy/config/core/v3"
See https://developers.google.com/protocol-buffers/docs/reference/go/faq#namespace-conflict

WARNING: proto: file "github.com/solo-io/solo-apis/api/gloo/gloo/external/envoy/config/core/v3/base.proto" has a name conflict over solo.io.envoy.config.core.v3.ControlPlane
	previously from: "github.com/solo-io/gloo/projects/gloo/pkg/api/external/envoy/config/core/v3"
	currently from:  "github.com/solo-io/solo-apis/pkg/api/gloo.solo.io/external/envoy/config/core/v3"
See https://developers.google.com/protocol-buffers/docs/reference/go/faq#namespace-conflict

WARNING: proto: file "github.com/solo-io/solo-apis/api/gloo/gloo/external/envoy/config/core/v3/base.proto" has a name conflict over solo.io.envoy.config.core.v3.RuntimeFractionalPercent
	previously from: "github.com/solo-io/gloo/projects/gloo/pkg/api/external/envoy/config/core/v3"
	currently from:  "github.com/solo-io/solo-apis/pkg/api/gloo.solo.io/external/envoy/config/core/v3"
See https://developers.google.com/protocol-buffers/docs/reference/go/faq#namespace-conflict

WARNING: proto: file "github.com/solo-io/solo-apis/api/gloo/gloo/external/envoy/config/core/v3/base.proto" has a name conflict over solo.io.envoy.config.core.v3.TransportSocket
	previously from: "github.com/solo-io/gloo/projects/gloo/pkg/api/external/envoy/config/core/v3"
	currently from:  "github.com/solo-io/solo-apis/pkg/api/gloo.solo.io/external/envoy/config/core/v3"
See https://developers.google.com/protocol-buffers/docs/reference/go/faq#namespace-conflict

WARNING: proto: file "github.com/solo-io/solo-apis/api/gloo/gloo/external/envoy/config/core/v3/base.proto" has a name conflict over solo.io.envoy.config.core.v3.AsyncDataSource
	previously from: "github.com/solo-io/gloo/projects/gloo/pkg/api/external/envoy/config/core/v3"
	currently from:  "github.com/solo-io/solo-apis/pkg/api/gloo.solo.io/external/envoy/config/core/v3"
See https://developers.google.com/protocol-buffers/docs/reference/go/faq#namespace-conflict

WARNING: proto: file "github.com/solo-io/solo-apis/api/gloo/gloo/external/envoy/config/core/v3/base.proto" has a name conflict over solo.io.envoy.config.core.v3.RemoteDataSource
	previously from: "github.com/solo-io/gloo/projects/gloo/pkg/api/external/envoy/config/core/v3"
	currently from:  "github.com/solo-io/solo-apis/pkg/api/gloo.solo.io/external/envoy/config/core/v3"
See https://developers.google.com/protocol-buffers/docs/reference/go/faq#namespace-conflict

WARNING: proto: file "github.com/solo-io/solo-apis/api/gloo/gloo/external/envoy/config/core/v3/base.proto" has a name conflict over solo.io.envoy.config.core.v3.RetryPolicy
	previously from: "github.com/solo-io/gloo/projects/gloo/pkg/api/external/envoy/config/core/v3"
	currently from:  "github.com/solo-io/solo-apis/pkg/api/gloo.solo.io/external/envoy/config/core/v3"
See https://developers.google.com/protocol-buffers/docs/reference/go/faq#namespace-conflict

WARNING: proto: file "github.com/solo-io/solo-apis/api/gloo/gloo/external/envoy/config/core/v3/base.proto" has a name conflict over solo.io.envoy.config.core.v3.DataSource
	previously from: "github.com/solo-io/gloo/projects/gloo/pkg/api/external/envoy/config/core/v3"
	currently from:  "github.com/solo-io/solo-apis/pkg/api/gloo.solo.io/external/envoy/config/core/v3"
See https://developers.google.com/protocol-buffers/docs/reference/go/faq#namespace-conflict

WARNING: proto: file "github.com/solo-io/solo-apis/api/gloo/gloo/external/envoy/config/core/v3/base.proto" has a name conflict over solo.io.envoy.config.core.v3.HeaderMap
	previously from: "github.com/solo-io/gloo/projects/gloo/pkg/api/external/envoy/config/core/v3"
	currently from:  "github.com/solo-io/solo-apis/pkg/api/gloo.solo.io/external/envoy/config/core/v3"
See https://developers.google.com/protocol-buffers/docs/reference/go/faq#namespace-conflict

WARNING: proto: file "github.com/solo-io/solo-apis/api/gloo/gloo/external/envoy/config/core/v3/base.proto" has a name conflict over solo.io.envoy.config.core.v3.HeaderValueOption
	previously from: "github.com/solo-io/gloo/projects/gloo/pkg/api/external/envoy/config/core/v3"
	currently from:  "github.com/solo-io/solo-apis/pkg/api/gloo.solo.io/external/envoy/config/core/v3"
See https://developers.google.com/protocol-buffers/docs/reference/go/faq#namespace-conflict

WARNING: proto: file "github.com/solo-io/solo-apis/api/gloo/gloo/external/envoy/config/core/v3/base.proto" has a name conflict over solo.io.envoy.config.core.v3.HeaderValue
	previously from: "github.com/solo-io/gloo/projects/gloo/pkg/api/external/envoy/config/core/v3"
	currently from:  "github.com/solo-io/solo-apis/pkg/api/gloo.solo.io/external/envoy/config/core/v3"
See https://developers.google.com/protocol-buffers/docs/reference/go/faq#namespace-conflict

WARNING: proto: file "github.com/solo-io/solo-apis/api/gloo/gloo/external/envoy/config/core/v3/base.proto" has a name conflict over solo.io.envoy.config.core.v3.RuntimeFeatureFlag
	previously from: "github.com/solo-io/gloo/projects/gloo/pkg/api/external/envoy/config/core/v3"
	currently from:  "github.com/solo-io/solo-apis/pkg/api/gloo.solo.io/external/envoy/config/core/v3"
See https://developers.google.com/protocol-buffers/docs/reference/go/faq#namespace-conflict

WARNING: proto: file "github.com/solo-io/solo-apis/api/gloo/gloo/external/envoy/config/core/v3/base.proto" has a name conflict over solo.io.envoy.config.core.v3.RuntimeDouble
	previously from: "github.com/solo-io/gloo/projects/gloo/pkg/api/external/envoy/config/core/v3"
	currently from:  "github.com/solo-io/solo-apis/pkg/api/gloo.solo.io/external/envoy/config/core/v3"
See https://developers.google.com/protocol-buffers/docs/reference/go/faq#namespace-conflict

WARNING: proto: file "github.com/solo-io/solo-apis/api/gloo/gloo/external/envoy/config/core/v3/base.proto" has a name conflict over solo.io.envoy.config.core.v3.RuntimeUInt32
	previously from: "github.com/solo-io/gloo/projects/gloo/pkg/api/external/envoy/config/core/v3"
	currently from:  "github.com/solo-io/solo-apis/pkg/api/gloo.solo.io/external/envoy/config/core/v3"
See https://developers.google.com/protocol-buffers/docs/reference/go/faq#namespace-conflict

WARNING: proto: file "github.com/solo-io/solo-apis/api/gloo/gloo/external/envoy/config/core/v3/base.proto" has a name conflict over solo.io.envoy.config.core.v3.Metadata
	previously from: "github.com/solo-io/gloo/projects/gloo/pkg/api/external/envoy/config/core/v3"
	currently from:  "github.com/solo-io/solo-apis/pkg/api/gloo.solo.io/external/envoy/config/core/v3"
See https://developers.google.com/protocol-buffers/docs/reference/go/faq#namespace-conflict

WARNING: proto: file "github.com/solo-io/solo-apis/api/gloo/gloo/external/envoy/config/core/v3/base.proto" has a name conflict over solo.io.envoy.config.core.v3.Node
	previously from: "github.com/solo-io/gloo/projects/gloo/pkg/api/external/envoy/config/core/v3"
	currently from:  "github.com/solo-io/solo-apis/pkg/api/gloo.solo.io/external/envoy/config/core/v3"
See https://developers.google.com/protocol-buffers/docs/reference/go/faq#namespace-conflict

WARNING: proto: file "github.com/solo-io/solo-apis/api/gloo/gloo/external/envoy/config/core/v3/base.proto" has a name conflict over solo.io.envoy.config.core.v3.Extension
	previously from: "github.com/solo-io/gloo/projects/gloo/pkg/api/external/envoy/config/core/v3"
	currently from:  "github.com/solo-io/solo-apis/pkg/api/gloo.solo.io/external/envoy/config/core/v3"
See https://developers.google.com/protocol-buffers/docs/reference/go/faq#namespace-conflict

WARNING: proto: file "github.com/solo-io/solo-apis/api/gloo/gloo/external/envoy/config/core/v3/base.proto" has a name conflict over solo.io.envoy.config.core.v3.BuildVersion
	previously from: "github.com/solo-io/gloo/projects/gloo/pkg/api/external/envoy/config/core/v3"
	currently from:  "github.com/solo-io/solo-apis/pkg/api/gloo.solo.io/external/envoy/config/core/v3"
See https://developers.google.com/protocol-buffers/docs/reference/go/faq#namespace-conflict

WARNING: proto: file "github.com/solo-io/solo-apis/api/gloo/gloo/external/envoy/config/core/v3/base.proto" has a name conflict over solo.io.envoy.config.core.v3.Locality
	previously from: "github.com/solo-io/gloo/projects/gloo/pkg/api/external/envoy/config/core/v3"
	currently from:  "github.com/solo-io/solo-apis/pkg/api/gloo.solo.io/external/envoy/config/core/v3"
See https://developers.google.com/protocol-buffers/docs/reference/go/faq#namespace-conflict

WARNING: proto: enum solo.io.envoy.config.core.v3.RoutingPriority is already registered
	previously from: "github.com/solo-io/gloo/projects/gloo/pkg/api/external/envoy/config/core/v3"
	currently from:  "github.com/solo-io/solo-apis/pkg/api/gloo.solo.io/external/envoy/config/core/v3"
See https://developers.google.com/protocol-buffers/docs/reference/go/faq#namespace-conflict

WARNING: proto: enum solo.io.envoy.config.core.v3.RequestMethod is already registered
	previously from: "github.com/solo-io/gloo/projects/gloo/pkg/api/external/envoy/config/core/v3"
	currently from:  "github.com/solo-io/solo-apis/pkg/api/gloo.solo.io/external/envoy/config/core/v3"
See https://developers.google.com/protocol-buffers/docs/reference/go/faq#namespace-conflict

WARNING: proto: enum solo.io.envoy.config.core.v3.TrafficDirection is already registered
	previously from: "github.com/solo-io/gloo/projects/gloo/pkg/api/external/envoy/config/core/v3"
	currently from:  "github.com/solo-io/solo-apis/pkg/api/gloo.solo.io/external/envoy/config/core/v3"
See https://developers.google.com/protocol-buffers/docs/reference/go/faq#namespace-conflict

WARNING: proto: message solo.io.envoy.config.core.v3.Locality is already registered
	previously from: "github.com/solo-io/gloo/projects/gloo/pkg/api/external/envoy/config/core/v3"
	currently from:  "github.com/solo-io/solo-apis/pkg/api/gloo.solo.io/external/envoy/config/core/v3"
See https://developers.google.com/protocol-buffers/docs/reference/go/faq#namespace-conflict

WARNING: proto: message solo.io.envoy.config.core.v3.BuildVersion is already registered
	previously from: "github.com/solo-io/gloo/projects/gloo/pkg/api/external/envoy/config/core/v3"
	currently from:  "github.com/solo-io/solo-apis/pkg/api/gloo.solo.io/external/envoy/config/core/v3"
See https://developers.google.com/protocol-buffers/docs/reference/go/faq#namespace-conflict

WARNING: proto: message solo.io.envoy.config.core.v3.Extension is already registered
	previously from: "github.com/solo-io/gloo/projects/gloo/pkg/api/external/envoy/config/core/v3"
	currently from:  "github.com/solo-io/solo-apis/pkg/api/gloo.solo.io/external/envoy/config/core/v3"
See https://developers.google.com/protocol-buffers/docs/reference/go/faq#namespace-conflict

WARNING: proto: message solo.io.envoy.config.core.v3.Node is already registered
	previously from: "github.com/solo-io/gloo/projects/gloo/pkg/api/external/envoy/config/core/v3"
	currently from:  "github.com/solo-io/solo-apis/pkg/api/gloo.solo.io/external/envoy/config/core/v3"
See https://developers.google.com/protocol-buffers/docs/reference/go/faq#namespace-conflict

WARNING: proto: message solo.io.envoy.config.core.v3.Metadata is already registered
	previously from: "github.com/solo-io/gloo/projects/gloo/pkg/api/external/envoy/config/core/v3"
	currently from:  "github.com/solo-io/solo-apis/pkg/api/gloo.solo.io/external/envoy/config/core/v3"
See https://developers.google.com/protocol-buffers/docs/reference/go/faq#namespace-conflict

WARNING: proto: message solo.io.envoy.config.core.v3.RuntimeUInt32 is already registered
	previously from: "github.com/solo-io/gloo/projects/gloo/pkg/api/external/envoy/config/core/v3"
	currently from:  "github.com/solo-io/solo-apis/pkg/api/gloo.solo.io/external/envoy/config/core/v3"
See https://developers.google.com/protocol-buffers/docs/reference/go/faq#namespace-conflict

WARNING: proto: message solo.io.envoy.config.core.v3.RuntimeDouble is already registered
	previously from: "github.com/solo-io/gloo/projects/gloo/pkg/api/external/envoy/config/core/v3"
	currently from:  "github.com/solo-io/solo-apis/pkg/api/gloo.solo.io/external/envoy/config/core/v3"
See https://developers.google.com/protocol-buffers/docs/reference/go/faq#namespace-conflict

WARNING: proto: message solo.io.envoy.config.core.v3.RuntimeFeatureFlag is already registered
	previously from: "github.com/solo-io/gloo/projects/gloo/pkg/api/external/envoy/config/core/v3"
	currently from:  "github.com/solo-io/solo-apis/pkg/api/gloo.solo.io/external/envoy/config/core/v3"
See https://developers.google.com/protocol-buffers/docs/reference/go/faq#namespace-conflict

WARNING: proto: message solo.io.envoy.config.core.v3.HeaderValue is already registered
	previously from: "github.com/solo-io/gloo/projects/gloo/pkg/api/external/envoy/config/core/v3"
	currently from:  "github.com/solo-io/solo-apis/pkg/api/gloo.solo.io/external/envoy/config/core/v3"
See https://developers.google.com/protocol-buffers/docs/reference/go/faq#namespace-conflict

WARNING: proto: message solo.io.envoy.config.core.v3.HeaderValueOption is already registered
	previously from: "github.com/solo-io/gloo/projects/gloo/pkg/api/external/envoy/config/core/v3"
	currently from:  "github.com/solo-io/solo-apis/pkg/api/gloo.solo.io/external/envoy/config/core/v3"
See https://developers.google.com/protocol-buffers/docs/reference/go/faq#namespace-conflict

WARNING: proto: message solo.io.envoy.config.core.v3.HeaderMap is already registered
	previously from: "github.com/solo-io/gloo/projects/gloo/pkg/api/external/envoy/config/core/v3"
	currently from:  "github.com/solo-io/solo-apis/pkg/api/gloo.solo.io/external/envoy/config/core/v3"
See https://developers.google.com/protocol-buffers/docs/reference/go/faq#namespace-conflict

WARNING: proto: message solo.io.envoy.config.core.v3.DataSource is already registered
	previously from: "github.com/solo-io/gloo/projects/gloo/pkg/api/external/envoy/config/core/v3"
	currently from:  "github.com/solo-io/solo-apis/pkg/api/gloo.solo.io/external/envoy/config/core/v3"
See https://developers.google.com/protocol-buffers/docs/reference/go/faq#namespace-conflict

WARNING: proto: message solo.io.envoy.config.core.v3.RetryPolicy is already registered
	previously from: "github.com/solo-io/gloo/projects/gloo/pkg/api/external/envoy/config/core/v3"
	currently from:  "github.com/solo-io/solo-apis/pkg/api/gloo.solo.io/external/envoy/config/core/v3"
See https://developers.google.com/protocol-buffers/docs/reference/go/faq#namespace-conflict

WARNING: proto: message solo.io.envoy.config.core.v3.RemoteDataSource is already registered
	previously from: "github.com/solo-io/gloo/projects/gloo/pkg/api/external/envoy/config/core/v3"
	currently from:  "github.com/solo-io/solo-apis/pkg/api/gloo.solo.io/external/envoy/config/core/v3"
See https://developers.google.com/protocol-buffers/docs/reference/go/faq#namespace-conflict

WARNING: proto: message solo.io.envoy.config.core.v3.AsyncDataSource is already registered
	previously from: "github.com/solo-io/gloo/projects/gloo/pkg/api/external/envoy/config/core/v3"
	currently from:  "github.com/solo-io/solo-apis/pkg/api/gloo.solo.io/external/envoy/config/core/v3"
See https://developers.google.com/protocol-buffers/docs/reference/go/faq#namespace-conflict

WARNING: proto: message solo.io.envoy.config.core.v3.TransportSocket is already registered
	previously from: "github.com/solo-io/gloo/projects/gloo/pkg/api/external/envoy/config/core/v3"
	currently from:  "github.com/solo-io/solo-apis/pkg/api/gloo.solo.io/external/envoy/config/core/v3"
See https://developers.google.com/protocol-buffers/docs/reference/go/faq#namespace-conflict

WARNING: proto: message solo.io.envoy.config.core.v3.RuntimeFractionalPercent is already registered
	previously from: "github.com/solo-io/gloo/projects/gloo/pkg/api/external/envoy/config/core/v3"
	currently from:  "github.com/solo-io/solo-apis/pkg/api/gloo.solo.io/external/envoy/config/core/v3"
See https://developers.google.com/protocol-buffers/docs/reference/go/faq#namespace-conflict

WARNING: proto: message solo.io.envoy.config.core.v3.ControlPlane is already registered
	previously from: "github.com/solo-io/gloo/projects/gloo/pkg/api/external/envoy/config/core/v3"
	currently from:  "github.com/solo-io/solo-apis/pkg/api/gloo.solo.io/external/envoy/config/core/v3"
See https://developers.google.com/protocol-buffers/docs/reference/go/faq#namespace-conflict

WARNING: proto: file "github.com/solo-io/solo-apis/api/gloo/gloo/external/envoy/config/core/v3/grpc_service.proto" has a name conflict over solo.io.envoy.config.core.v3.GrpcService
	previously from: "github.com/solo-io/gloo/projects/gloo/pkg/api/external/envoy/config/core/v3"
	currently from:  "github.com/solo-io/solo-apis/pkg/api/gloo.solo.io/external/envoy/config/core/v3"
See https://developers.google.com/protocol-buffers/docs/reference/go/faq#namespace-conflict

WARNING: proto: message solo.io.envoy.config.core.v3.GrpcService is already registered
	previously from: "github.com/solo-io/gloo/projects/gloo/pkg/api/external/envoy/config/core/v3"
	currently from:  "github.com/solo-io/solo-apis/pkg/api/gloo.solo.io/external/envoy/config/core/v3"
See https://developers.google.com/protocol-buffers/docs/reference/go/faq#namespace-conflict

WARNING: proto: message solo.io.envoy.config.core.v3.GrpcService.EnvoyGrpc is already registered
	previously from: "github.com/solo-io/gloo/projects/gloo/pkg/api/external/envoy/config/core/v3"
	currently from:  "github.com/solo-io/solo-apis/pkg/api/gloo.solo.io/external/envoy/config/core/v3"
See https://developers.google.com/protocol-buffers/docs/reference/go/faq#namespace-conflict

WARNING: proto: message solo.io.envoy.config.core.v3.GrpcService.GoogleGrpc is already registered
	previously from: "github.com/solo-io/gloo/projects/gloo/pkg/api/external/envoy/config/core/v3"
	currently from:  "github.com/solo-io/solo-apis/pkg/api/gloo.solo.io/external/envoy/config/core/v3"
See https://developers.google.com/protocol-buffers/docs/reference/go/faq#namespace-conflict

WARNING: proto: message solo.io.envoy.config.core.v3.GrpcService.GoogleGrpc.SslCredentials is already registered
	previously from: "github.com/solo-io/gloo/projects/gloo/pkg/api/external/envoy/config/core/v3"
	currently from:  "github.com/solo-io/solo-apis/pkg/api/gloo.solo.io/external/envoy/config/core/v3"
See https://developers.google.com/protocol-buffers/docs/reference/go/faq#namespace-conflict

WARNING: proto: message solo.io.envoy.config.core.v3.GrpcService.GoogleGrpc.GoogleLocalCredentials is already registered
	previously from: "github.com/solo-io/gloo/projects/gloo/pkg/api/external/envoy/config/core/v3"
	currently from:  "github.com/solo-io/solo-apis/pkg/api/gloo.solo.io/external/envoy/config/core/v3"
See https://developers.google.com/protocol-buffers/docs/reference/go/faq#namespace-conflict

WARNING: proto: message solo.io.envoy.config.core.v3.GrpcService.GoogleGrpc.ChannelCredentials is already registered
	previously from: "github.com/solo-io/gloo/projects/gloo/pkg/api/external/envoy/config/core/v3"
	currently from:  "github.com/solo-io/solo-apis/pkg/api/gloo.solo.io/external/envoy/config/core/v3"
See https://developers.google.com/protocol-buffers/docs/reference/go/faq#namespace-conflict

WARNING: proto: message solo.io.envoy.config.core.v3.GrpcService.GoogleGrpc.CallCredentials is already registered
	previously from: "github.com/solo-io/gloo/projects/gloo/pkg/api/external/envoy/config/core/v3"
	currently from:  "github.com/solo-io/solo-apis/pkg/api/gloo.solo.io/external/envoy/config/core/v3"
See https://developers.google.com/protocol-buffers/docs/reference/go/faq#namespace-conflict

WARNING: proto: message solo.io.envoy.config.core.v3.GrpcService.GoogleGrpc.ChannelArgs is already registered
	previously from: "github.com/solo-io/gloo/projects/gloo/pkg/api/external/envoy/config/core/v3"
	currently from:  "github.com/solo-io/solo-apis/pkg/api/gloo.solo.io/external/envoy/config/core/v3"
See https://developers.google.com/protocol-buffers/docs/reference/go/faq#namespace-conflict

WARNING: proto: message solo.io.envoy.config.core.v3.GrpcService.GoogleGrpc.CallCredentials.ServiceAccountJWTAccessCredentials is already registered
	previously from: "github.com/solo-io/gloo/projects/gloo/pkg/api/external/envoy/config/core/v3"
	currently from:  "github.com/solo-io/solo-apis/pkg/api/gloo.solo.io/external/envoy/config/core/v3"
See https://developers.google.com/protocol-buffers/docs/reference/go/faq#namespace-conflict

WARNING: proto: message solo.io.envoy.config.core.v3.GrpcService.GoogleGrpc.CallCredentials.GoogleIAMCredentials is already registered
	previously from: "github.com/solo-io/gloo/projects/gloo/pkg/api/external/envoy/config/core/v3"
	currently from:  "github.com/solo-io/solo-apis/pkg/api/gloo.solo.io/external/envoy/config/core/v3"
See https://developers.google.com/protocol-buffers/docs/reference/go/faq#namespace-conflict

WARNING: proto: message solo.io.envoy.config.core.v3.GrpcService.GoogleGrpc.CallCredentials.MetadataCredentialsFromPlugin is already registered
	previously from: "github.com/solo-io/gloo/projects/gloo/pkg/api/external/envoy/config/core/v3"
	currently from:  "github.com/solo-io/solo-apis/pkg/api/gloo.solo.io/external/envoy/config/core/v3"
See https://developers.google.com/protocol-buffers/docs/reference/go/faq#namespace-conflict

WARNING: proto: message solo.io.envoy.config.core.v3.GrpcService.GoogleGrpc.CallCredentials.StsService is already registered
	previously from: "github.com/solo-io/gloo/projects/gloo/pkg/api/external/envoy/config/core/v3"
	currently from:  "github.com/solo-io/solo-apis/pkg/api/gloo.solo.io/external/envoy/config/core/v3"
See https://developers.google.com/protocol-buffers/docs/reference/go/faq#namespace-conflict

WARNING: proto: message solo.io.envoy.config.core.v3.GrpcService.GoogleGrpc.ChannelArgs.Value is already registered
	previously from: "github.com/solo-io/gloo/projects/gloo/pkg/api/external/envoy/config/core/v3"
	currently from:  "github.com/solo-io/solo-apis/pkg/api/gloo.solo.io/external/envoy/config/core/v3"
See https://developers.google.com/protocol-buffers/docs/reference/go/faq#namespace-conflict

WARNING: proto: file "github.com/solo-io/solo-apis/api/gloo/gloo/external/envoy/config/core/v3/event_service_config.proto" has a name conflict over solo.io.envoy.config.core.v3.EventServiceConfig
	previously from: "github.com/solo-io/gloo/projects/gloo/pkg/api/external/envoy/config/core/v3"
	currently from:  "github.com/solo-io/solo-apis/pkg/api/gloo.solo.io/external/envoy/config/core/v3"
See https://developers.google.com/protocol-buffers/docs/reference/go/faq#namespace-conflict

WARNING: proto: message solo.io.envoy.config.core.v3.EventServiceConfig is already registered
	previously from: "github.com/solo-io/gloo/projects/gloo/pkg/api/external/envoy/config/core/v3"
	currently from:  "github.com/solo-io/solo-apis/pkg/api/gloo.solo.io/external/envoy/config/core/v3"
See https://developers.google.com/protocol-buffers/docs/reference/go/faq#namespace-conflict

WARNING: proto: file "github.com/solo-io/solo-apis/api/gloo/gloo/external/envoy/config/core/v3/extension.proto" has a name conflict over solo.io.envoy.config.core.v3.TypedExtensionConfig
	previously from: "github.com/solo-io/gloo/projects/gloo/pkg/api/external/envoy/config/core/v3"
	currently from:  "github.com/solo-io/solo-apis/pkg/api/gloo.solo.io/external/envoy/config/core/v3"
See https://developers.google.com/protocol-buffers/docs/reference/go/faq#namespace-conflict

WARNING: proto: message solo.io.envoy.config.core.v3.TypedExtensionConfig is already registered
	previously from: "github.com/solo-io/gloo/projects/gloo/pkg/api/external/envoy/config/core/v3"
	currently from:  "github.com/solo-io/solo-apis/pkg/api/gloo.solo.io/external/envoy/config/core/v3"
See https://developers.google.com/protocol-buffers/docs/reference/go/faq#namespace-conflict

WARNING: proto: file "github.com/solo-io/solo-apis/api/gloo/gloo/external/envoy/config/core/v3/health_check.proto" has a name conflict over solo.io.envoy.config.core.v3.HealthStatus
	previously from: "github.com/solo-io/gloo/projects/gloo/pkg/api/external/envoy/config/core/v3"
	currently from:  "github.com/solo-io/solo-apis/pkg/api/gloo.solo.io/external/envoy/config/core/v3"
See https://developers.google.com/protocol-buffers/docs/reference/go/faq#namespace-conflict

WARNING: proto: file "github.com/solo-io/solo-apis/api/gloo/gloo/external/envoy/config/core/v3/health_check.proto" has a name conflict over solo.io.envoy.config.core.v3.DEGRADED
	previously from: "github.com/solo-io/gloo/projects/gloo/pkg/api/external/envoy/config/core/v3"
	currently from:  "github.com/solo-io/solo-apis/pkg/api/gloo.solo.io/external/envoy/config/core/v3"
See https://developers.google.com/protocol-buffers/docs/reference/go/faq#namespace-conflict

WARNING: proto: file "github.com/solo-io/solo-apis/api/gloo/gloo/external/envoy/config/core/v3/health_check.proto" has a name conflict over solo.io.envoy.config.core.v3.TIMEOUT
	previously from: "github.com/solo-io/gloo/projects/gloo/pkg/api/external/envoy/config/core/v3"
	currently from:  "github.com/solo-io/solo-apis/pkg/api/gloo.solo.io/external/envoy/config/core/v3"
See https://developers.google.com/protocol-buffers/docs/reference/go/faq#namespace-conflict

WARNING: proto: file "github.com/solo-io/solo-apis/api/gloo/gloo/external/envoy/config/core/v3/health_check.proto" has a name conflict over solo.io.envoy.config.core.v3.DRAINING
	previously from: "github.com/solo-io/gloo/projects/gloo/pkg/api/external/envoy/config/core/v3"
	currently from:  "github.com/solo-io/solo-apis/pkg/api/gloo.solo.io/external/envoy/config/core/v3"
See https://developers.google.com/protocol-buffers/docs/reference/go/faq#namespace-conflict

WARNING: proto: file "github.com/solo-io/solo-apis/api/gloo/gloo/external/envoy/config/core/v3/health_check.proto" has a name conflict over solo.io.envoy.config.core.v3.UNHEALTHY
	previously from: "github.com/solo-io/gloo/projects/gloo/pkg/api/external/envoy/config/core/v3"
	currently from:  "github.com/solo-io/solo-apis/pkg/api/gloo.solo.io/external/envoy/config/core/v3"
See https://developers.google.com/protocol-buffers/docs/reference/go/faq#namespace-conflict

WARNING: proto: file "github.com/solo-io/solo-apis/api/gloo/gloo/external/envoy/config/core/v3/health_check.proto" has a name conflict over solo.io.envoy.config.core.v3.HEALTHY
	previously from: "github.com/solo-io/gloo/projects/gloo/pkg/api/external/envoy/config/core/v3"
	currently from:  "github.com/solo-io/solo-apis/pkg/api/gloo.solo.io/external/envoy/config/core/v3"
See https://developers.google.com/protocol-buffers/docs/reference/go/faq#namespace-conflict

WARNING: proto: file "github.com/solo-io/solo-apis/api/gloo/gloo/external/envoy/config/core/v3/health_check.proto" has a name conflict over solo.io.envoy.config.core.v3.UNKNOWN
	previously from: "github.com/solo-io/gloo/projects/gloo/pkg/api/external/envoy/config/core/v3"
	currently from:  "github.com/solo-io/solo-apis/pkg/api/gloo.solo.io/external/envoy/config/core/v3"
See https://developers.google.com/protocol-buffers/docs/reference/go/faq#namespace-conflict

WARNING: proto: file "github.com/solo-io/solo-apis/api/gloo/gloo/external/envoy/config/core/v3/health_check.proto" has a name conflict over solo.io.envoy.config.core.v3.HealthCheck
	previously from: "github.com/solo-io/gloo/projects/gloo/pkg/api/external/envoy/config/core/v3"
	currently from:  "github.com/solo-io/solo-apis/pkg/api/gloo.solo.io/external/envoy/config/core/v3"
See https://developers.google.com/protocol-buffers/docs/reference/go/faq#namespace-conflict

WARNING: proto: enum solo.io.envoy.config.core.v3.HealthStatus is already registered
	previously from: "github.com/solo-io/gloo/projects/gloo/pkg/api/external/envoy/config/core/v3"
	currently from:  "github.com/solo-io/solo-apis/pkg/api/gloo.solo.io/external/envoy/config/core/v3"
See https://developers.google.com/protocol-buffers/docs/reference/go/faq#namespace-conflict

WARNING: proto: message solo.io.envoy.config.core.v3.HealthCheck is already registered
	previously from: "github.com/solo-io/gloo/projects/gloo/pkg/api/external/envoy/config/core/v3"
	currently from:  "github.com/solo-io/solo-apis/pkg/api/gloo.solo.io/external/envoy/config/core/v3"
See https://developers.google.com/protocol-buffers/docs/reference/go/faq#namespace-conflict

WARNING: proto: message solo.io.envoy.config.core.v3.HealthCheck.Payload is already registered
	previously from: "github.com/solo-io/gloo/projects/gloo/pkg/api/external/envoy/config/core/v3"
	currently from:  "github.com/solo-io/solo-apis/pkg/api/gloo.solo.io/external/envoy/config/core/v3"
See https://developers.google.com/protocol-buffers/docs/reference/go/faq#namespace-conflict

WARNING: proto: message solo.io.envoy.config.core.v3.HealthCheck.HttpHealthCheck is already registered
	previously from: "github.com/solo-io/gloo/projects/gloo/pkg/api/external/envoy/config/core/v3"
	currently from:  "github.com/solo-io/solo-apis/pkg/api/gloo.solo.io/external/envoy/config/core/v3"
See https://developers.google.com/protocol-buffers/docs/reference/go/faq#namespace-conflict

WARNING: proto: message solo.io.envoy.config.core.v3.HealthCheck.TcpHealthCheck is already registered
	previously from: "github.com/solo-io/gloo/projects/gloo/pkg/api/external/envoy/config/core/v3"
	currently from:  "github.com/solo-io/solo-apis/pkg/api/gloo.solo.io/external/envoy/config/core/v3"
See https://developers.google.com/protocol-buffers/docs/reference/go/faq#namespace-conflict

WARNING: proto: message solo.io.envoy.config.core.v3.HealthCheck.RedisHealthCheck is already registered
	previously from: "github.com/solo-io/gloo/projects/gloo/pkg/api/external/envoy/config/core/v3"
	currently from:  "github.com/solo-io/solo-apis/pkg/api/gloo.solo.io/external/envoy/config/core/v3"
See https://developers.google.com/protocol-buffers/docs/reference/go/faq#namespace-conflict

WARNING: proto: message solo.io.envoy.config.core.v3.HealthCheck.GrpcHealthCheck is already registered
	previously from: "github.com/solo-io/gloo/projects/gloo/pkg/api/external/envoy/config/core/v3"
	currently from:  "github.com/solo-io/solo-apis/pkg/api/gloo.solo.io/external/envoy/config/core/v3"
See https://developers.google.com/protocol-buffers/docs/reference/go/faq#namespace-conflict

WARNING: proto: message solo.io.envoy.config.core.v3.HealthCheck.CustomHealthCheck is already registered
	previously from: "github.com/solo-io/gloo/projects/gloo/pkg/api/external/envoy/config/core/v3"
	currently from:  "github.com/solo-io/solo-apis/pkg/api/gloo.solo.io/external/envoy/config/core/v3"
See https://developers.google.com/protocol-buffers/docs/reference/go/faq#namespace-conflict

WARNING: proto: message solo.io.envoy.config.core.v3.HealthCheck.TlsOptions is already registered
	previously from: "github.com/solo-io/gloo/projects/gloo/pkg/api/external/envoy/config/core/v3"
	currently from:  "github.com/solo-io/solo-apis/pkg/api/gloo.solo.io/external/envoy/config/core/v3"
See https://developers.google.com/protocol-buffers/docs/reference/go/faq#namespace-conflict

WARNING: proto: file "github.com/solo-io/solo-apis/api/gloo/gloo/external/envoy/config/core/v3/proxy_protocol.proto" has a name conflict over solo.io.envoy.config.core.v3.ProxyProtocolConfig
	previously from: "github.com/solo-io/gloo/projects/gloo/pkg/api/external/envoy/config/core/v3"
	currently from:  "github.com/solo-io/solo-apis/pkg/api/gloo.solo.io/external/envoy/config/core/v3"
See https://developers.google.com/protocol-buffers/docs/reference/go/faq#namespace-conflict

WARNING: proto: enum solo.io.envoy.config.core.v3.ProxyProtocolConfig.Version is already registered
	previously from: "github.com/solo-io/gloo/projects/gloo/pkg/api/external/envoy/config/core/v3"
	currently from:  "github.com/solo-io/solo-apis/pkg/api/gloo.solo.io/external/envoy/config/core/v3"
See https://developers.google.com/protocol-buffers/docs/reference/go/faq#namespace-conflict

WARNING: proto: message solo.io.envoy.config.core.v3.ProxyProtocolConfig is already registered
	previously from: "github.com/solo-io/gloo/projects/gloo/pkg/api/external/envoy/config/core/v3"
	currently from:  "github.com/solo-io/solo-apis/pkg/api/gloo.solo.io/external/envoy/config/core/v3"
See https://developers.google.com/protocol-buffers/docs/reference/go/faq#namespace-conflict

WARNING: proto: file "github.com/solo-io/solo-apis/api/gloo/gloo/external/envoy/extensions/graphql/graphql.proto" has a name conflict over envoy.config.filter.http.graphql.v2.Executor
	previously from: "github.com/solo-io/gloo/projects/gloo/pkg/api/external/envoy/extensions/filters/http/graphql/v2"
	currently from:  "github.com/solo-io/solo-apis/pkg/api/gloo.solo.io/external/envoy/extensions/filters/http/graphql/v2"
See https://developers.google.com/protocol-buffers/docs/reference/go/faq#namespace-conflict

WARNING: proto: file "github.com/solo-io/solo-apis/api/gloo/gloo/external/envoy/extensions/graphql/graphql.proto" has a name conflict over envoy.config.filter.http.graphql.v2.ExecutableSchema
	previously from: "github.com/solo-io/gloo/projects/gloo/pkg/api/external/envoy/extensions/filters/http/graphql/v2"
	currently from:  "github.com/solo-io/solo-apis/pkg/api/gloo.solo.io/external/envoy/extensions/filters/http/graphql/v2"
See https://developers.google.com/protocol-buffers/docs/reference/go/faq#namespace-conflict

WARNING: proto: file "github.com/solo-io/solo-apis/api/gloo/gloo/external/envoy/extensions/graphql/graphql.proto" has a name conflict over envoy.config.filter.http.graphql.v2.PersistedQueryCacheConfig
	previously from: "github.com/solo-io/gloo/projects/gloo/pkg/api/external/envoy/extensions/filters/http/graphql/v2"
	currently from:  "github.com/solo-io/solo-apis/pkg/api/gloo.solo.io/external/envoy/extensions/filters/http/graphql/v2"
See https://developers.google.com/protocol-buffers/docs/reference/go/faq#namespace-conflict

WARNING: proto: file "github.com/solo-io/solo-apis/api/gloo/gloo/external/envoy/extensions/graphql/graphql.proto" has a name conflict over envoy.config.filter.http.graphql.v2.GraphQLRouteConfig
	previously from: "github.com/solo-io/gloo/projects/gloo/pkg/api/external/envoy/extensions/filters/http/graphql/v2"
	currently from:  "github.com/solo-io/solo-apis/pkg/api/gloo.solo.io/external/envoy/extensions/filters/http/graphql/v2"
See https://developers.google.com/protocol-buffers/docs/reference/go/faq#namespace-conflict

WARNING: proto: file "github.com/solo-io/solo-apis/api/gloo/gloo/external/envoy/extensions/graphql/graphql.proto" has a name conflict over envoy.config.filter.http.graphql.v2.GraphQLConfig
	previously from: "github.com/solo-io/gloo/projects/gloo/pkg/api/external/envoy/extensions/filters/http/graphql/v2"
	currently from:  "github.com/solo-io/solo-apis/pkg/api/gloo.solo.io/external/envoy/extensions/filters/http/graphql/v2"
See https://developers.google.com/protocol-buffers/docs/reference/go/faq#namespace-conflict

WARNING: proto: file "github.com/solo-io/solo-apis/api/gloo/gloo/external/envoy/extensions/graphql/graphql.proto" has a name conflict over envoy.config.filter.http.graphql.v2.CacheControl
	previously from: "github.com/solo-io/gloo/projects/gloo/pkg/api/external/envoy/extensions/filters/http/graphql/v2"
	currently from:  "github.com/solo-io/solo-apis/pkg/api/gloo.solo.io/external/envoy/extensions/filters/http/graphql/v2"
See https://developers.google.com/protocol-buffers/docs/reference/go/faq#namespace-conflict

WARNING: proto: file "github.com/solo-io/solo-apis/api/gloo/gloo/external/envoy/extensions/graphql/graphql.proto" has a name conflict over envoy.config.filter.http.graphql.v2.Resolution
	previously from: "github.com/solo-io/gloo/projects/gloo/pkg/api/external/envoy/extensions/filters/http/graphql/v2"
	currently from:  "github.com/solo-io/solo-apis/pkg/api/gloo.solo.io/external/envoy/extensions/filters/http/graphql/v2"
See https://developers.google.com/protocol-buffers/docs/reference/go/faq#namespace-conflict

WARNING: proto: file "github.com/solo-io/solo-apis/api/gloo/gloo/external/envoy/extensions/graphql/graphql.proto" has a name conflict over envoy.config.filter.http.graphql.v2.QueryMatcher
	previously from: "github.com/solo-io/gloo/projects/gloo/pkg/api/external/envoy/extensions/filters/http/graphql/v2"
	currently from:  "github.com/solo-io/solo-apis/pkg/api/gloo.solo.io/external/envoy/extensions/filters/http/graphql/v2"
See https://developers.google.com/protocol-buffers/docs/reference/go/faq#namespace-conflict

WARNING: proto: file "github.com/solo-io/solo-apis/api/gloo/gloo/external/envoy/extensions/graphql/graphql.proto" has a name conflict over envoy.config.filter.http.graphql.v2.AbstractTypeResolver
	previously from: "github.com/solo-io/gloo/projects/gloo/pkg/api/external/envoy/extensions/filters/http/graphql/v2"
	currently from:  "github.com/solo-io/solo-apis/pkg/api/gloo.solo.io/external/envoy/extensions/filters/http/graphql/v2"
See https://developers.google.com/protocol-buffers/docs/reference/go/faq#namespace-conflict

WARNING: proto: file "github.com/solo-io/solo-apis/api/gloo/gloo/external/envoy/extensions/graphql/graphql.proto" has a name conflict over envoy.config.filter.http.graphql.v2.StaticResolver
	previously from: "github.com/solo-io/gloo/projects/gloo/pkg/api/external/envoy/extensions/filters/http/graphql/v2"
	currently from:  "github.com/solo-io/solo-apis/pkg/api/gloo.solo.io/external/envoy/extensions/filters/http/graphql/v2"
See https://developers.google.com/protocol-buffers/docs/reference/go/faq#namespace-conflict

WARNING: proto: file "github.com/solo-io/solo-apis/api/gloo/gloo/external/envoy/extensions/graphql/graphql.proto" has a name conflict over envoy.config.filter.http.graphql.v2.GrpcResolver
	previously from: "github.com/solo-io/gloo/projects/gloo/pkg/api/external/envoy/extensions/filters/http/graphql/v2"
	currently from:  "github.com/solo-io/solo-apis/pkg/api/gloo.solo.io/external/envoy/extensions/filters/http/graphql/v2"
See https://developers.google.com/protocol-buffers/docs/reference/go/faq#namespace-conflict

WARNING: proto: file "github.com/solo-io/solo-apis/api/gloo/gloo/external/envoy/extensions/graphql/graphql.proto" has a name conflict over envoy.config.filter.http.graphql.v2.GrpcDescriptorRegistry
	previously from: "github.com/solo-io/gloo/projects/gloo/pkg/api/external/envoy/extensions/filters/http/graphql/v2"
	currently from:  "github.com/solo-io/solo-apis/pkg/api/gloo.solo.io/external/envoy/extensions/filters/http/graphql/v2"
See https://developers.google.com/protocol-buffers/docs/reference/go/faq#namespace-conflict

WARNING: proto: file "github.com/solo-io/solo-apis/api/gloo/gloo/external/envoy/extensions/graphql/graphql.proto" has a name conflict over envoy.config.filter.http.graphql.v2.GrpcRequestTemplate
	previously from: "github.com/solo-io/gloo/projects/gloo/pkg/api/external/envoy/extensions/filters/http/graphql/v2"
	currently from:  "github.com/solo-io/solo-apis/pkg/api/gloo.solo.io/external/envoy/extensions/filters/http/graphql/v2"
See https://developers.google.com/protocol-buffers/docs/reference/go/faq#namespace-conflict

WARNING: proto: file "github.com/solo-io/solo-apis/api/gloo/gloo/external/envoy/extensions/graphql/graphql.proto" has a name conflict over envoy.config.filter.http.graphql.v2.RESTResolver
	previously from: "github.com/solo-io/gloo/projects/gloo/pkg/api/external/envoy/extensions/filters/http/graphql/v2"
	currently from:  "github.com/solo-io/solo-apis/pkg/api/gloo.solo.io/external/envoy/extensions/filters/http/graphql/v2"
See https://developers.google.com/protocol-buffers/docs/reference/go/faq#namespace-conflict

WARNING: proto: file "github.com/solo-io/solo-apis/api/gloo/gloo/external/envoy/extensions/graphql/graphql.proto" has a name conflict over envoy.config.filter.http.graphql.v2.ResponseTemplate
	previously from: "github.com/solo-io/gloo/projects/gloo/pkg/api/external/envoy/extensions/filters/http/graphql/v2"
	currently from:  "github.com/solo-io/solo-apis/pkg/api/gloo.solo.io/external/envoy/extensions/filters/http/graphql/v2"
See https://developers.google.com/protocol-buffers/docs/reference/go/faq#namespace-conflict

WARNING: proto: file "github.com/solo-io/solo-apis/api/gloo/gloo/external/envoy/extensions/graphql/graphql.proto" has a name conflict over envoy.config.filter.http.graphql.v2.RequestTemplate
	previously from: "github.com/solo-io/gloo/projects/gloo/pkg/api/external/envoy/extensions/filters/http/graphql/v2"
	currently from:  "github.com/solo-io/solo-apis/pkg/api/gloo.solo.io/external/envoy/extensions/filters/http/graphql/v2"
See https://developers.google.com/protocol-buffers/docs/reference/go/faq#namespace-conflict

WARNING: proto: file "github.com/solo-io/solo-apis/api/gloo/gloo/external/envoy/extensions/graphql/graphql.proto" has a name conflict over envoy.config.filter.http.graphql.v2.JsonNode
	previously from: "github.com/solo-io/gloo/projects/gloo/pkg/api/external/envoy/extensions/filters/http/graphql/v2"
	currently from:  "github.com/solo-io/solo-apis/pkg/api/gloo.solo.io/external/envoy/extensions/filters/http/graphql/v2"
See https://developers.google.com/protocol-buffers/docs/reference/go/faq#namespace-conflict

WARNING: proto: file "github.com/solo-io/solo-apis/api/gloo/gloo/external/envoy/extensions/graphql/graphql.proto" has a name conflict over envoy.config.filter.http.graphql.v2.JsonKeyValue
	previously from: "github.com/solo-io/gloo/projects/gloo/pkg/api/external/envoy/extensions/filters/http/graphql/v2"
	currently from:  "github.com/solo-io/solo-apis/pkg/api/gloo.solo.io/external/envoy/extensions/filters/http/graphql/v2"
See https://developers.google.com/protocol-buffers/docs/reference/go/faq#namespace-conflict

WARNING: proto: file "github.com/solo-io/solo-apis/api/gloo/gloo/external/envoy/extensions/graphql/graphql.proto" has a name conflict over envoy.config.filter.http.graphql.v2.JsonValue
	previously from: "github.com/solo-io/gloo/projects/gloo/pkg/api/external/envoy/extensions/filters/http/graphql/v2"
	currently from:  "github.com/solo-io/solo-apis/pkg/api/gloo.solo.io/external/envoy/extensions/filters/http/graphql/v2"
See https://developers.google.com/protocol-buffers/docs/reference/go/faq#namespace-conflict

WARNING: proto: file "github.com/solo-io/solo-apis/api/gloo/gloo/external/envoy/extensions/graphql/graphql.proto" has a name conflict over envoy.config.filter.http.graphql.v2.JsonValueList
	previously from: "github.com/solo-io/gloo/projects/gloo/pkg/api/external/envoy/extensions/filters/http/graphql/v2"
	currently from:  "github.com/solo-io/solo-apis/pkg/api/gloo.solo.io/external/envoy/extensions/filters/http/graphql/v2"
See https://developers.google.com/protocol-buffers/docs/reference/go/faq#namespace-conflict

WARNING: proto: file "github.com/solo-io/solo-apis/api/gloo/gloo/external/envoy/extensions/graphql/graphql.proto" has a name conflict over envoy.config.filter.http.graphql.v2.ValueProvider
	previously from: "github.com/solo-io/gloo/projects/gloo/pkg/api/external/envoy/extensions/filters/http/graphql/v2"
	currently from:  "github.com/solo-io/solo-apis/pkg/api/gloo.solo.io/external/envoy/extensions/filters/http/graphql/v2"
See https://developers.google.com/protocol-buffers/docs/reference/go/faq#namespace-conflict

WARNING: proto: file "github.com/solo-io/solo-apis/api/gloo/gloo/external/envoy/extensions/graphql/graphql.proto" has a name conflict over envoy.config.filter.http.graphql.v2.TemplatedPath
	previously from: "github.com/solo-io/gloo/projects/gloo/pkg/api/external/envoy/extensions/filters/http/graphql/v2"
	currently from:  "github.com/solo-io/solo-apis/pkg/api/gloo.solo.io/external/envoy/extensions/filters/http/graphql/v2"
See https://developers.google.com/protocol-buffers/docs/reference/go/faq#namespace-conflict

WARNING: proto: file "github.com/solo-io/solo-apis/api/gloo/gloo/external/envoy/extensions/graphql/graphql.proto" has a name conflict over envoy.config.filter.http.graphql.v2.Path
	previously from: "github.com/solo-io/gloo/projects/gloo/pkg/api/external/envoy/extensions/filters/http/graphql/v2"
	currently from:  "github.com/solo-io/solo-apis/pkg/api/gloo.solo.io/external/envoy/extensions/filters/http/graphql/v2"
See https://developers.google.com/protocol-buffers/docs/reference/go/faq#namespace-conflict

WARNING: proto: file "github.com/solo-io/solo-apis/api/gloo/gloo/external/envoy/extensions/graphql/graphql.proto" has a name conflict over envoy.config.filter.http.graphql.v2.PathSegment
	previously from: "github.com/solo-io/gloo/projects/gloo/pkg/api/external/envoy/extensions/filters/http/graphql/v2"
	currently from:  "github.com/solo-io/solo-apis/pkg/api/gloo.solo.io/external/envoy/extensions/filters/http/graphql/v2"
See https://developers.google.com/protocol-buffers/docs/reference/go/faq#namespace-conflict

WARNING: proto: enum envoy.config.filter.http.graphql.v2.ValueProvider.TypedValueProvider.Type is already registered
	previously from: "github.com/solo-io/gloo/projects/gloo/pkg/api/external/envoy/extensions/filters/http/graphql/v2"
	currently from:  "github.com/solo-io/solo-apis/pkg/api/gloo.solo.io/external/envoy/extensions/filters/http/graphql/v2"
See https://developers.google.com/protocol-buffers/docs/reference/go/faq#namespace-conflict

WARNING: proto: enum envoy.config.filter.http.graphql.v2.CacheControl.CacheControlScope is already registered
	previously from: "github.com/solo-io/gloo/projects/gloo/pkg/api/external/envoy/extensions/filters/http/graphql/v2"
	currently from:  "github.com/solo-io/solo-apis/pkg/api/gloo.solo.io/external/envoy/extensions/filters/http/graphql/v2"
See https://developers.google.com/protocol-buffers/docs/reference/go/faq#namespace-conflict

WARNING: proto: message envoy.config.filter.http.graphql.v2.PathSegment is already registered
	previously from: "github.com/solo-io/gloo/projects/gloo/pkg/api/external/envoy/extensions/filters/http/graphql/v2"
	currently from:  "github.com/solo-io/solo-apis/pkg/api/gloo.solo.io/external/envoy/extensions/filters/http/graphql/v2"
See https://developers.google.com/protocol-buffers/docs/reference/go/faq#namespace-conflict

WARNING: proto: message envoy.config.filter.http.graphql.v2.Path is already registered
	previously from: "github.com/solo-io/gloo/projects/gloo/pkg/api/external/envoy/extensions/filters/http/graphql/v2"
	currently from:  "github.com/solo-io/solo-apis/pkg/api/gloo.solo.io/external/envoy/extensions/filters/http/graphql/v2"
See https://developers.google.com/protocol-buffers/docs/reference/go/faq#namespace-conflict

WARNING: proto: message envoy.config.filter.http.graphql.v2.TemplatedPath is already registered
	previously from: "github.com/solo-io/gloo/projects/gloo/pkg/api/external/envoy/extensions/filters/http/graphql/v2"
	currently from:  "github.com/solo-io/solo-apis/pkg/api/gloo.solo.io/external/envoy/extensions/filters/http/graphql/v2"
See https://developers.google.com/protocol-buffers/docs/reference/go/faq#namespace-conflict

WARNING: proto: message envoy.config.filter.http.graphql.v2.ValueProvider is already registered
	previously from: "github.com/solo-io/gloo/projects/gloo/pkg/api/external/envoy/extensions/filters/http/graphql/v2"
	currently from:  "github.com/solo-io/solo-apis/pkg/api/gloo.solo.io/external/envoy/extensions/filters/http/graphql/v2"
See https://developers.google.com/protocol-buffers/docs/reference/go/faq#namespace-conflict

WARNING: proto: message envoy.config.filter.http.graphql.v2.JsonValueList is already registered
	previously from: "github.com/solo-io/gloo/projects/gloo/pkg/api/external/envoy/extensions/filters/http/graphql/v2"
	currently from:  "github.com/solo-io/solo-apis/pkg/api/gloo.solo.io/external/envoy/extensions/filters/http/graphql/v2"
See https://developers.google.com/protocol-buffers/docs/reference/go/faq#namespace-conflict

WARNING: proto: message envoy.config.filter.http.graphql.v2.JsonValue is already registered
	previously from: "github.com/solo-io/gloo/projects/gloo/pkg/api/external/envoy/extensions/filters/http/graphql/v2"
	currently from:  "github.com/solo-io/solo-apis/pkg/api/gloo.solo.io/external/envoy/extensions/filters/http/graphql/v2"
See https://developers.google.com/protocol-buffers/docs/reference/go/faq#namespace-conflict

WARNING: proto: message envoy.config.filter.http.graphql.v2.JsonKeyValue is already registered
	previously from: "github.com/solo-io/gloo/projects/gloo/pkg/api/external/envoy/extensions/filters/http/graphql/v2"
	currently from:  "github.com/solo-io/solo-apis/pkg/api/gloo.solo.io/external/envoy/extensions/filters/http/graphql/v2"
See https://developers.google.com/protocol-buffers/docs/reference/go/faq#namespace-conflict

WARNING: proto: message envoy.config.filter.http.graphql.v2.JsonNode is already registered
	previously from: "github.com/solo-io/gloo/projects/gloo/pkg/api/external/envoy/extensions/filters/http/graphql/v2"
	currently from:  "github.com/solo-io/solo-apis/pkg/api/gloo.solo.io/external/envoy/extensions/filters/http/graphql/v2"
See https://developers.google.com/protocol-buffers/docs/reference/go/faq#namespace-conflict

WARNING: proto: message envoy.config.filter.http.graphql.v2.RequestTemplate is already registered
	previously from: "github.com/solo-io/gloo/projects/gloo/pkg/api/external/envoy/extensions/filters/http/graphql/v2"
	currently from:  "github.com/solo-io/solo-apis/pkg/api/gloo.solo.io/external/envoy/extensions/filters/http/graphql/v2"
See https://developers.google.com/protocol-buffers/docs/reference/go/faq#namespace-conflict

WARNING: proto: message envoy.config.filter.http.graphql.v2.ResponseTemplate is already registered
	previously from: "github.com/solo-io/gloo/projects/gloo/pkg/api/external/envoy/extensions/filters/http/graphql/v2"
	currently from:  "github.com/solo-io/solo-apis/pkg/api/gloo.solo.io/external/envoy/extensions/filters/http/graphql/v2"
See https://developers.google.com/protocol-buffers/docs/reference/go/faq#namespace-conflict

WARNING: proto: message envoy.config.filter.http.graphql.v2.RESTResolver is already registered
	previously from: "github.com/solo-io/gloo/projects/gloo/pkg/api/external/envoy/extensions/filters/http/graphql/v2"
	currently from:  "github.com/solo-io/solo-apis/pkg/api/gloo.solo.io/external/envoy/extensions/filters/http/graphql/v2"
See https://developers.google.com/protocol-buffers/docs/reference/go/faq#namespace-conflict

WARNING: proto: message envoy.config.filter.http.graphql.v2.GrpcRequestTemplate is already registered
	previously from: "github.com/solo-io/gloo/projects/gloo/pkg/api/external/envoy/extensions/filters/http/graphql/v2"
	currently from:  "github.com/solo-io/solo-apis/pkg/api/gloo.solo.io/external/envoy/extensions/filters/http/graphql/v2"
See https://developers.google.com/protocol-buffers/docs/reference/go/faq#namespace-conflict

WARNING: proto: message envoy.config.filter.http.graphql.v2.GrpcDescriptorRegistry is already registered
	previously from: "github.com/solo-io/gloo/projects/gloo/pkg/api/external/envoy/extensions/filters/http/graphql/v2"
	currently from:  "github.com/solo-io/solo-apis/pkg/api/gloo.solo.io/external/envoy/extensions/filters/http/graphql/v2"
See https://developers.google.com/protocol-buffers/docs/reference/go/faq#namespace-conflict

WARNING: proto: message envoy.config.filter.http.graphql.v2.GrpcResolver is already registered
	previously from: "github.com/solo-io/gloo/projects/gloo/pkg/api/external/envoy/extensions/filters/http/graphql/v2"
	currently from:  "github.com/solo-io/solo-apis/pkg/api/gloo.solo.io/external/envoy/extensions/filters/http/graphql/v2"
See https://developers.google.com/protocol-buffers/docs/reference/go/faq#namespace-conflict

WARNING: proto: message envoy.config.filter.http.graphql.v2.StaticResolver is already registered
	previously from: "github.com/solo-io/gloo/projects/gloo/pkg/api/external/envoy/extensions/filters/http/graphql/v2"
	currently from:  "github.com/solo-io/solo-apis/pkg/api/gloo.solo.io/external/envoy/extensions/filters/http/graphql/v2"
See https://developers.google.com/protocol-buffers/docs/reference/go/faq#namespace-conflict

WARNING: proto: message envoy.config.filter.http.graphql.v2.AbstractTypeResolver is already registered
	previously from: "github.com/solo-io/gloo/projects/gloo/pkg/api/external/envoy/extensions/filters/http/graphql/v2"
	currently from:  "github.com/solo-io/solo-apis/pkg/api/gloo.solo.io/external/envoy/extensions/filters/http/graphql/v2"
See https://developers.google.com/protocol-buffers/docs/reference/go/faq#namespace-conflict

WARNING: proto: message envoy.config.filter.http.graphql.v2.QueryMatcher is already registered
	previously from: "github.com/solo-io/gloo/projects/gloo/pkg/api/external/envoy/extensions/filters/http/graphql/v2"
	currently from:  "github.com/solo-io/solo-apis/pkg/api/gloo.solo.io/external/envoy/extensions/filters/http/graphql/v2"
See https://developers.google.com/protocol-buffers/docs/reference/go/faq#namespace-conflict

WARNING: proto: message envoy.config.filter.http.graphql.v2.Resolution is already registered
	previously from: "github.com/solo-io/gloo/projects/gloo/pkg/api/external/envoy/extensions/filters/http/graphql/v2"
	currently from:  "github.com/solo-io/solo-apis/pkg/api/gloo.solo.io/external/envoy/extensions/filters/http/graphql/v2"
See https://developers.google.com/protocol-buffers/docs/reference/go/faq#namespace-conflict

WARNING: proto: message envoy.config.filter.http.graphql.v2.CacheControl is already registered
	previously from: "github.com/solo-io/gloo/projects/gloo/pkg/api/external/envoy/extensions/filters/http/graphql/v2"
	currently from:  "github.com/solo-io/solo-apis/pkg/api/gloo.solo.io/external/envoy/extensions/filters/http/graphql/v2"
See https://developers.google.com/protocol-buffers/docs/reference/go/faq#namespace-conflict

WARNING: proto: message envoy.config.filter.http.graphql.v2.GraphQLConfig is already registered
	previously from: "github.com/solo-io/gloo/projects/gloo/pkg/api/external/envoy/extensions/filters/http/graphql/v2"
	currently from:  "github.com/solo-io/solo-apis/pkg/api/gloo.solo.io/external/envoy/extensions/filters/http/graphql/v2"
See https://developers.google.com/protocol-buffers/docs/reference/go/faq#namespace-conflict

WARNING: proto: message envoy.config.filter.http.graphql.v2.GraphQLRouteConfig is already registered
	previously from: "github.com/solo-io/gloo/projects/gloo/pkg/api/external/envoy/extensions/filters/http/graphql/v2"
	currently from:  "github.com/solo-io/solo-apis/pkg/api/gloo.solo.io/external/envoy/extensions/filters/http/graphql/v2"
See https://developers.google.com/protocol-buffers/docs/reference/go/faq#namespace-conflict

WARNING: proto: message envoy.config.filter.http.graphql.v2.PersistedQueryCacheConfig is already registered
	previously from: "github.com/solo-io/gloo/projects/gloo/pkg/api/external/envoy/extensions/filters/http/graphql/v2"
	currently from:  "github.com/solo-io/solo-apis/pkg/api/gloo.solo.io/external/envoy/extensions/filters/http/graphql/v2"
See https://developers.google.com/protocol-buffers/docs/reference/go/faq#namespace-conflict

WARNING: proto: message envoy.config.filter.http.graphql.v2.ExecutableSchema is already registered
	previously from: "github.com/solo-io/gloo/projects/gloo/pkg/api/external/envoy/extensions/filters/http/graphql/v2"
	currently from:  "github.com/solo-io/solo-apis/pkg/api/gloo.solo.io/external/envoy/extensions/filters/http/graphql/v2"
See https://developers.google.com/protocol-buffers/docs/reference/go/faq#namespace-conflict

WARNING: proto: message envoy.config.filter.http.graphql.v2.Executor is already registered
	previously from: "github.com/solo-io/gloo/projects/gloo/pkg/api/external/envoy/extensions/filters/http/graphql/v2"
	currently from:  "github.com/solo-io/solo-apis/pkg/api/gloo.solo.io/external/envoy/extensions/filters/http/graphql/v2"
See https://developers.google.com/protocol-buffers/docs/reference/go/faq#namespace-conflict

WARNING: proto: message envoy.config.filter.http.graphql.v2.ValueProvider.GraphQLArgExtraction is already registered
	previously from: "github.com/solo-io/gloo/projects/gloo/pkg/api/external/envoy/extensions/filters/http/graphql/v2"
	currently from:  "github.com/solo-io/solo-apis/pkg/api/gloo.solo.io/external/envoy/extensions/filters/http/graphql/v2"
See https://developers.google.com/protocol-buffers/docs/reference/go/faq#namespace-conflict

WARNING: proto: message envoy.config.filter.http.graphql.v2.ValueProvider.GraphQLParentExtraction is already registered
	previously from: "github.com/solo-io/gloo/projects/gloo/pkg/api/external/envoy/extensions/filters/http/graphql/v2"
	currently from:  "github.com/solo-io/solo-apis/pkg/api/gloo.solo.io/external/envoy/extensions/filters/http/graphql/v2"
See https://developers.google.com/protocol-buffers/docs/reference/go/faq#namespace-conflict

WARNING: proto: message envoy.config.filter.http.graphql.v2.ValueProvider.TypedValueProvider is already registered
	previously from: "github.com/solo-io/gloo/projects/gloo/pkg/api/external/envoy/extensions/filters/http/graphql/v2"
	currently from:  "github.com/solo-io/solo-apis/pkg/api/gloo.solo.io/external/envoy/extensions/filters/http/graphql/v2"
See https://developers.google.com/protocol-buffers/docs/reference/go/faq#namespace-conflict

WARNING: proto: message envoy.config.filter.http.graphql.v2.ValueProvider.Provider is already registered
	previously from: "github.com/solo-io/gloo/projects/gloo/pkg/api/external/envoy/extensions/filters/http/graphql/v2"
	currently from:  "github.com/solo-io/solo-apis/pkg/api/gloo.solo.io/external/envoy/extensions/filters/http/graphql/v2"
See https://developers.google.com/protocol-buffers/docs/reference/go/faq#namespace-conflict

WARNING: proto: message envoy.config.filter.http.graphql.v2.StaticResolver.AsyncResponse is already registered
	previously from: "github.com/solo-io/gloo/projects/gloo/pkg/api/external/envoy/extensions/filters/http/graphql/v2"
	currently from:  "github.com/solo-io/solo-apis/pkg/api/gloo.solo.io/external/envoy/extensions/filters/http/graphql/v2"
See https://developers.google.com/protocol-buffers/docs/reference/go/faq#namespace-conflict

WARNING: proto: message envoy.config.filter.http.graphql.v2.QueryMatcher.FieldMatcher is already registered
	previously from: "github.com/solo-io/gloo/projects/gloo/pkg/api/external/envoy/extensions/filters/http/graphql/v2"
	currently from:  "github.com/solo-io/solo-apis/pkg/api/gloo.solo.io/external/envoy/extensions/filters/http/graphql/v2"
See https://developers.google.com/protocol-buffers/docs/reference/go/faq#namespace-conflict

WARNING: proto: message envoy.config.filter.http.graphql.v2.Executor.Local is already registered
	previously from: "github.com/solo-io/gloo/projects/gloo/pkg/api/external/envoy/extensions/filters/http/graphql/v2"
	currently from:  "github.com/solo-io/solo-apis/pkg/api/gloo.solo.io/external/envoy/extensions/filters/http/graphql/v2"
See https://developers.google.com/protocol-buffers/docs/reference/go/faq#namespace-conflict

WARNING: proto: message envoy.config.filter.http.graphql.v2.Executor.Remote is already registered
	previously from: "github.com/solo-io/gloo/projects/gloo/pkg/api/external/envoy/extensions/filters/http/graphql/v2"
	currently from:  "github.com/solo-io/solo-apis/pkg/api/gloo.solo.io/external/envoy/extensions/filters/http/graphql/v2"
See https://developers.google.com/protocol-buffers/docs/reference/go/faq#namespace-conflict

WARNING: proto: message envoy.config.filter.http.graphql.v2.Executor.Remote.Extraction is already registered
	previously from: "github.com/solo-io/gloo/projects/gloo/pkg/api/external/envoy/extensions/filters/http/graphql/v2"
	currently from:  "github.com/solo-io/solo-apis/pkg/api/gloo.solo.io/external/envoy/extensions/filters/http/graphql/v2"
See https://developers.google.com/protocol-buffers/docs/reference/go/faq#namespace-conflict

WARNING: proto: message envoy.config.filter.http.graphql.v2.Executor.Remote.RemoteSchemaRequest is already registered
	previously from: "github.com/solo-io/gloo/projects/gloo/pkg/api/external/envoy/extensions/filters/http/graphql/v2"
	currently from:  "github.com/solo-io/solo-apis/pkg/api/gloo.solo.io/external/envoy/extensions/filters/http/graphql/v2"
See https://developers.google.com/protocol-buffers/docs/reference/go/faq#namespace-conflict

WARNING: proto: message envoy.config.filter.http.graphql.v2.Executor.Remote.Extraction.DynamicMetadataExtraction is already registered
	previously from: "github.com/solo-io/gloo/projects/gloo/pkg/api/external/envoy/extensions/filters/http/graphql/v2"
	currently from:  "github.com/solo-io/solo-apis/pkg/api/gloo.solo.io/external/envoy/extensions/filters/http/graphql/v2"
See https://developers.google.com/protocol-buffers/docs/reference/go/faq#namespace-conflict

WARNING: proto: file "github.com/solo-io/solo-apis/api/gloo/gloo/external/envoy/extensions/graphql/stitching.proto" has a name conflict over envoy.config.resolver.stitching.v2.StitchingResolver
	previously from: "github.com/solo-io/gloo/projects/gloo/pkg/api/external/envoy/extensions/filters/http/graphql/v2"
	currently from:  "github.com/solo-io/solo-apis/pkg/api/gloo.solo.io/external/envoy/extensions/filters/http/graphql/v2"
See https://developers.google.com/protocol-buffers/docs/reference/go/faq#namespace-conflict

WARNING: proto: file "github.com/solo-io/solo-apis/api/gloo/gloo/external/envoy/extensions/graphql/stitching.proto" has a name conflict over envoy.config.resolver.stitching.v2.StitchingInfo
	previously from: "github.com/solo-io/gloo/projects/gloo/pkg/api/external/envoy/extensions/filters/http/graphql/v2"
	currently from:  "github.com/solo-io/solo-apis/pkg/api/gloo.solo.io/external/envoy/extensions/filters/http/graphql/v2"
See https://developers.google.com/protocol-buffers/docs/reference/go/faq#namespace-conflict

WARNING: proto: file "github.com/solo-io/solo-apis/api/gloo/gloo/external/envoy/extensions/graphql/stitching.proto" has a name conflict over envoy.config.resolver.stitching.v2.MergedTypeConfig
	previously from: "github.com/solo-io/gloo/projects/gloo/pkg/api/external/envoy/extensions/filters/http/graphql/v2"
	currently from:  "github.com/solo-io/solo-apis/pkg/api/gloo.solo.io/external/envoy/extensions/filters/http/graphql/v2"
See https://developers.google.com/protocol-buffers/docs/reference/go/faq#namespace-conflict

WARNING: proto: file "github.com/solo-io/solo-apis/api/gloo/gloo/external/envoy/extensions/graphql/stitching.proto" has a name conflict over envoy.config.resolver.stitching.v2.ResolverInfo
	previously from: "github.com/solo-io/gloo/projects/gloo/pkg/api/external/envoy/extensions/filters/http/graphql/v2"
	currently from:  "github.com/solo-io/solo-apis/pkg/api/gloo.solo.io/external/envoy/extensions/filters/http/graphql/v2"
See https://developers.google.com/protocol-buffers/docs/reference/go/faq#namespace-conflict

WARNING: proto: file "github.com/solo-io/solo-apis/api/gloo/gloo/external/envoy/extensions/graphql/stitching.proto" has a name conflict over envoy.config.resolver.stitching.v2.ArgPath
	previously from: "github.com/solo-io/gloo/projects/gloo/pkg/api/external/envoy/extensions/filters/http/graphql/v2"
	currently from:  "github.com/solo-io/solo-apis/pkg/api/gloo.solo.io/external/envoy/extensions/filters/http/graphql/v2"
See https://developers.google.com/protocol-buffers/docs/reference/go/faq#namespace-conflict

WARNING: proto: file "github.com/solo-io/solo-apis/api/gloo/gloo/external/envoy/extensions/graphql/stitching.proto" has a name conflict over envoy.config.resolver.stitching.v2.Schemas
	previously from: "github.com/solo-io/gloo/projects/gloo/pkg/api/external/envoy/extensions/filters/http/graphql/v2"
	currently from:  "github.com/solo-io/solo-apis/pkg/api/gloo.solo.io/external/envoy/extensions/filters/http/graphql/v2"
See https://developers.google.com/protocol-buffers/docs/reference/go/faq#namespace-conflict

WARNING: proto: file "github.com/solo-io/solo-apis/api/gloo/gloo/external/envoy/extensions/graphql/stitching.proto" has a name conflict over envoy.config.resolver.stitching.v2.ResolverConfig
	previously from: "github.com/solo-io/gloo/projects/gloo/pkg/api/external/envoy/extensions/filters/http/graphql/v2"
	currently from:  "github.com/solo-io/solo-apis/pkg/api/gloo.solo.io/external/envoy/extensions/filters/http/graphql/v2"
See https://developers.google.com/protocol-buffers/docs/reference/go/faq#namespace-conflict

WARNING: proto: file "github.com/solo-io/solo-apis/api/gloo/gloo/external/envoy/extensions/graphql/stitching.proto" has a name conflict over envoy.config.resolver.stitching.v2.FieldNodes
	previously from: "github.com/solo-io/gloo/projects/gloo/pkg/api/external/envoy/extensions/filters/http/graphql/v2"
	currently from:  "github.com/solo-io/solo-apis/pkg/api/gloo.solo.io/external/envoy/extensions/filters/http/graphql/v2"
See https://developers.google.com/protocol-buffers/docs/reference/go/faq#namespace-conflict

WARNING: proto: file "github.com/solo-io/solo-apis/api/gloo/gloo/external/envoy/extensions/graphql/stitching.proto" has a name conflict over envoy.config.resolver.stitching.v2.FieldNodeMap
	previously from: "github.com/solo-io/gloo/projects/gloo/pkg/api/external/envoy/extensions/filters/http/graphql/v2"
	currently from:  "github.com/solo-io/solo-apis/pkg/api/gloo.solo.io/external/envoy/extensions/filters/http/graphql/v2"
See https://developers.google.com/protocol-buffers/docs/reference/go/faq#namespace-conflict

WARNING: proto: file "github.com/solo-io/solo-apis/api/gloo/gloo/external/envoy/extensions/graphql/stitching.proto" has a name conflict over envoy.config.resolver.stitching.v2.FieldNode
	previously from: "github.com/solo-io/gloo/projects/gloo/pkg/api/external/envoy/extensions/filters/http/graphql/v2"
	currently from:  "github.com/solo-io/solo-apis/pkg/api/gloo.solo.io/external/envoy/extensions/filters/http/graphql/v2"
See https://developers.google.com/protocol-buffers/docs/reference/go/faq#namespace-conflict

WARNING: proto: message envoy.config.resolver.stitching.v2.FieldNode is already registered
	previously from: "github.com/solo-io/gloo/projects/gloo/pkg/api/external/envoy/extensions/filters/http/graphql/v2"
	currently from:  "github.com/solo-io/solo-apis/pkg/api/gloo.solo.io/external/envoy/extensions/filters/http/graphql/v2"
See https://developers.google.com/protocol-buffers/docs/reference/go/faq#namespace-conflict

WARNING: proto: message envoy.config.resolver.stitching.v2.FieldNodeMap is already registered
	previously from: "github.com/solo-io/gloo/projects/gloo/pkg/api/external/envoy/extensions/filters/http/graphql/v2"
	currently from:  "github.com/solo-io/solo-apis/pkg/api/gloo.solo.io/external/envoy/extensions/filters/http/graphql/v2"
See https://developers.google.com/protocol-buffers/docs/reference/go/faq#namespace-conflict

WARNING: proto: message envoy.config.resolver.stitching.v2.FieldNodes is already registered
	previously from: "github.com/solo-io/gloo/projects/gloo/pkg/api/external/envoy/extensions/filters/http/graphql/v2"
	currently from:  "github.com/solo-io/solo-apis/pkg/api/gloo.solo.io/external/envoy/extensions/filters/http/graphql/v2"
See https://developers.google.com/protocol-buffers/docs/reference/go/faq#namespace-conflict

WARNING: proto: message envoy.config.resolver.stitching.v2.ResolverConfig is already registered
	previously from: "github.com/solo-io/gloo/projects/gloo/pkg/api/external/envoy/extensions/filters/http/graphql/v2"
	currently from:  "github.com/solo-io/solo-apis/pkg/api/gloo.solo.io/external/envoy/extensions/filters/http/graphql/v2"
See https://developers.google.com/protocol-buffers/docs/reference/go/faq#namespace-conflict

WARNING: proto: message envoy.config.resolver.stitching.v2.Schemas is already registered
	previously from: "github.com/solo-io/gloo/projects/gloo/pkg/api/external/envoy/extensions/filters/http/graphql/v2"
	currently from:  "github.com/solo-io/solo-apis/pkg/api/gloo.solo.io/external/envoy/extensions/filters/http/graphql/v2"
See https://developers.google.com/protocol-buffers/docs/reference/go/faq#namespace-conflict

WARNING: proto: message envoy.config.resolver.stitching.v2.ArgPath is already registered
	previously from: "github.com/solo-io/gloo/projects/gloo/pkg/api/external/envoy/extensions/filters/http/graphql/v2"
	currently from:  "github.com/solo-io/solo-apis/pkg/api/gloo.solo.io/external/envoy/extensions/filters/http/graphql/v2"
See https://developers.google.com/protocol-buffers/docs/reference/go/faq#namespace-conflict

WARNING: proto: message envoy.config.resolver.stitching.v2.ResolverInfo is already registered
	previously from: "github.com/solo-io/gloo/projects/gloo/pkg/api/external/envoy/extensions/filters/http/graphql/v2"
	currently from:  "github.com/solo-io/solo-apis/pkg/api/gloo.solo.io/external/envoy/extensions/filters/http/graphql/v2"
See https://developers.google.com/protocol-buffers/docs/reference/go/faq#namespace-conflict

WARNING: proto: message envoy.config.resolver.stitching.v2.MergedTypeConfig is already registered
	previously from: "github.com/solo-io/gloo/projects/gloo/pkg/api/external/envoy/extensions/filters/http/graphql/v2"
	currently from:  "github.com/solo-io/solo-apis/pkg/api/gloo.solo.io/external/envoy/extensions/filters/http/graphql/v2"
See https://developers.google.com/protocol-buffers/docs/reference/go/faq#namespace-conflict

WARNING: proto: message envoy.config.resolver.stitching.v2.StitchingInfo is already registered
	previously from: "github.com/solo-io/gloo/projects/gloo/pkg/api/external/envoy/extensions/filters/http/graphql/v2"
	currently from:  "github.com/solo-io/solo-apis/pkg/api/gloo.solo.io/external/envoy/extensions/filters/http/graphql/v2"
See https://developers.google.com/protocol-buffers/docs/reference/go/faq#namespace-conflict

WARNING: proto: message envoy.config.resolver.stitching.v2.StitchingResolver is already registered
	previously from: "github.com/solo-io/gloo/projects/gloo/pkg/api/external/envoy/extensions/filters/http/graphql/v2"
	currently from:  "github.com/solo-io/solo-apis/pkg/api/gloo.solo.io/external/envoy/extensions/filters/http/graphql/v2"
See https://developers.google.com/protocol-buffers/docs/reference/go/faq#namespace-conflict

WARNING: proto: message envoy.config.resolver.stitching.v2.StitchingInfo.SubschemaConfig is already registered
	previously from: "github.com/solo-io/gloo/projects/gloo/pkg/api/external/envoy/extensions/filters/http/graphql/v2"
	currently from:  "github.com/solo-io/solo-apis/pkg/api/gloo.solo.io/external/envoy/extensions/filters/http/graphql/v2"
See https://developers.google.com/protocol-buffers/docs/reference/go/faq#namespace-conflict

WARNING: proto: file "github.com/solo-io/solo-apis/api/gloo/gloo/v1/options/protocol/protocol.proto" has a name conflict over protocol.options.gloo.solo.io.Http2ProtocolOptions
	previously from: "github.com/solo-io/gloo/projects/gloo/pkg/api/v1/options/protocol"
	currently from:  "github.com/solo-io/solo-apis/pkg/api/gloo.solo.io/v1/options/protocol"
See https://developers.google.com/protocol-buffers/docs/reference/go/faq#namespace-conflict

WARNING: proto: file "github.com/solo-io/solo-apis/api/gloo/gloo/v1/options/protocol/protocol.proto" has a name conflict over protocol.options.gloo.solo.io.Http1ProtocolOptions
	previously from: "github.com/solo-io/gloo/projects/gloo/pkg/api/v1/options/protocol"
	currently from:  "github.com/solo-io/solo-apis/pkg/api/gloo.solo.io/v1/options/protocol"
See https://developers.google.com/protocol-buffers/docs/reference/go/faq#namespace-conflict

WARNING: proto: file "github.com/solo-io/solo-apis/api/gloo/gloo/v1/options/protocol/protocol.proto" has a name conflict over protocol.options.gloo.solo.io.HttpProtocolOptions
	previously from: "github.com/solo-io/gloo/projects/gloo/pkg/api/v1/options/protocol"
	currently from:  "github.com/solo-io/solo-apis/pkg/api/gloo.solo.io/v1/options/protocol"
See https://developers.google.com/protocol-buffers/docs/reference/go/faq#namespace-conflict

WARNING: proto: enum protocol.options.gloo.solo.io.HttpProtocolOptions.HeadersWithUnderscoresAction is already registered
	previously from: "github.com/solo-io/gloo/projects/gloo/pkg/api/v1/options/protocol"
	currently from:  "github.com/solo-io/solo-apis/pkg/api/gloo.solo.io/v1/options/protocol"
See https://developers.google.com/protocol-buffers/docs/reference/go/faq#namespace-conflict

WARNING: proto: message protocol.options.gloo.solo.io.HttpProtocolOptions is already registered
	previously from: "github.com/solo-io/gloo/projects/gloo/pkg/api/v1/options/protocol"
	currently from:  "github.com/solo-io/solo-apis/pkg/api/gloo.solo.io/v1/options/protocol"
See https://developers.google.com/protocol-buffers/docs/reference/go/faq#namespace-conflict

WARNING: proto: message protocol.options.gloo.solo.io.Http1ProtocolOptions is already registered
	previously from: "github.com/solo-io/gloo/projects/gloo/pkg/api/v1/options/protocol"
	currently from:  "github.com/solo-io/solo-apis/pkg/api/gloo.solo.io/v1/options/protocol"
See https://developers.google.com/protocol-buffers/docs/reference/go/faq#namespace-conflict

WARNING: proto: message protocol.options.gloo.solo.io.Http2ProtocolOptions is already registered
	previously from: "github.com/solo-io/gloo/projects/gloo/pkg/api/v1/options/protocol"
	currently from:  "github.com/solo-io/solo-apis/pkg/api/gloo.solo.io/v1/options/protocol"
See https://developers.google.com/protocol-buffers/docs/reference/go/faq#namespace-conflict

WARNING: proto: file "github.com/solo-io/solo-apis/api/gloo/enterprise.gloo/v1/auth_config.proto" has a name conflict over enterprise.gloo.solo.io.ExtAuthConfig
	previously from: "github.com/solo-io/gloo/projects/gloo/pkg/api/v1/enterprise/options/extauth/v1"
	currently from:  "github.com/solo-io/solo-apis/pkg/api/enterprise.gloo.solo.io/v1"
See https://developers.google.com/protocol-buffers/docs/reference/go/faq#namespace-conflict

WARNING: proto: file "github.com/solo-io/solo-apis/api/gloo/enterprise.gloo/v1/auth_config.proto" has a name conflict over enterprise.gloo.solo.io.PassThroughHttp
	previously from: "github.com/solo-io/gloo/projects/gloo/pkg/api/v1/enterprise/options/extauth/v1"
	currently from:  "github.com/solo-io/solo-apis/pkg/api/enterprise.gloo.solo.io/v1"
See https://developers.google.com/protocol-buffers/docs/reference/go/faq#namespace-conflict

WARNING: proto: file "github.com/solo-io/solo-apis/api/gloo/enterprise.gloo/v1/auth_config.proto" has a name conflict over enterprise.gloo.solo.io.PassThroughGrpc
	previously from: "github.com/solo-io/gloo/projects/gloo/pkg/api/v1/enterprise/options/extauth/v1"
	currently from:  "github.com/solo-io/solo-apis/pkg/api/enterprise.gloo.solo.io/v1"
See https://developers.google.com/protocol-buffers/docs/reference/go/faq#namespace-conflict

WARNING: proto: file "github.com/solo-io/solo-apis/api/gloo/enterprise.gloo/v1/auth_config.proto" has a name conflict over enterprise.gloo.solo.io.PassThroughAuth
	previously from: "github.com/solo-io/gloo/projects/gloo/pkg/api/v1/enterprise/options/extauth/v1"
	currently from:  "github.com/solo-io/solo-apis/pkg/api/enterprise.gloo.solo.io/v1"
See https://developers.google.com/protocol-buffers/docs/reference/go/faq#namespace-conflict

WARNING: proto: file "github.com/solo-io/solo-apis/api/gloo/enterprise.gloo/v1/auth_config.proto" has a name conflict over enterprise.gloo.solo.io.Ldap
	previously from: "github.com/solo-io/gloo/projects/gloo/pkg/api/v1/enterprise/options/extauth/v1"
	currently from:  "github.com/solo-io/solo-apis/pkg/api/enterprise.gloo.solo.io/v1"
See https://developers.google.com/protocol-buffers/docs/reference/go/faq#namespace-conflict

WARNING: proto: file "github.com/solo-io/solo-apis/api/gloo/enterprise.gloo/v1/auth_config.proto" has a name conflict over enterprise.gloo.solo.io.OpaAuthOptions
	previously from: "github.com/solo-io/gloo/projects/gloo/pkg/api/v1/enterprise/options/extauth/v1"
	currently from:  "github.com/solo-io/solo-apis/pkg/api/enterprise.gloo.solo.io/v1"
See https://developers.google.com/protocol-buffers/docs/reference/go/faq#namespace-conflict

WARNING: proto: file "github.com/solo-io/solo-apis/api/gloo/enterprise.gloo/v1/auth_config.proto" has a name conflict over enterprise.gloo.solo.io.OpaAuth
	previously from: "github.com/solo-io/gloo/projects/gloo/pkg/api/v1/enterprise/options/extauth/v1"
	currently from:  "github.com/solo-io/solo-apis/pkg/api/enterprise.gloo.solo.io/v1"
See https://developers.google.com/protocol-buffers/docs/reference/go/faq#namespace-conflict

WARNING: proto: file "github.com/solo-io/solo-apis/api/gloo/enterprise.gloo/v1/auth_config.proto" has a name conflict over enterprise.gloo.solo.io.ApiKeySecret
	previously from: "github.com/solo-io/gloo/projects/gloo/pkg/api/v1/enterprise/options/extauth/v1"
	currently from:  "github.com/solo-io/solo-apis/pkg/api/enterprise.gloo.solo.io/v1"
See https://developers.google.com/protocol-buffers/docs/reference/go/faq#namespace-conflict

WARNING: proto: file "github.com/solo-io/solo-apis/api/gloo/enterprise.gloo/v1/auth_config.proto" has a name conflict over enterprise.gloo.solo.io.ApiKeyAuth
	previously from: "github.com/solo-io/gloo/projects/gloo/pkg/api/v1/enterprise/options/extauth/v1"
	currently from:  "github.com/solo-io/solo-apis/pkg/api/enterprise.gloo.solo.io/v1"
See https://developers.google.com/protocol-buffers/docs/reference/go/faq#namespace-conflict

WARNING: proto: file "github.com/solo-io/solo-apis/api/gloo/enterprise.gloo/v1/auth_config.proto" has a name conflict over enterprise.gloo.solo.io.OauthSecret
	previously from: "github.com/solo-io/gloo/projects/gloo/pkg/api/v1/enterprise/options/extauth/v1"
	currently from:  "github.com/solo-io/solo-apis/pkg/api/enterprise.gloo.solo.io/v1"
See https://developers.google.com/protocol-buffers/docs/reference/go/faq#namespace-conflict

WARNING: proto: file "github.com/solo-io/solo-apis/api/gloo/enterprise.gloo/v1/auth_config.proto" has a name conflict over enterprise.gloo.solo.io.AccessTokenValidation
	previously from: "github.com/solo-io/gloo/projects/gloo/pkg/api/v1/enterprise/options/extauth/v1"
	currently from:  "github.com/solo-io/solo-apis/pkg/api/enterprise.gloo.solo.io/v1"
See https://developers.google.com/protocol-buffers/docs/reference/go/faq#namespace-conflict

WARNING: proto: file "github.com/solo-io/solo-apis/api/gloo/enterprise.gloo/v1/auth_config.proto" has a name conflict over enterprise.gloo.solo.io.IntrospectionValidation
	previously from: "github.com/solo-io/gloo/projects/gloo/pkg/api/v1/enterprise/options/extauth/v1"
	currently from:  "github.com/solo-io/solo-apis/pkg/api/enterprise.gloo.solo.io/v1"
See https://developers.google.com/protocol-buffers/docs/reference/go/faq#namespace-conflict

WARNING: proto: file "github.com/solo-io/solo-apis/api/gloo/enterprise.gloo/v1/auth_config.proto" has a name conflict over enterprise.gloo.solo.io.JwtValidation
	previously from: "github.com/solo-io/gloo/projects/gloo/pkg/api/v1/enterprise/options/extauth/v1"
	currently from:  "github.com/solo-io/solo-apis/pkg/api/enterprise.gloo.solo.io/v1"
See https://developers.google.com/protocol-buffers/docs/reference/go/faq#namespace-conflict

WARNING: proto: file "github.com/solo-io/solo-apis/api/gloo/enterprise.gloo/v1/auth_config.proto" has a name conflict over enterprise.gloo.solo.io.OidcAuthorizationCode
	previously from: "github.com/solo-io/gloo/projects/gloo/pkg/api/v1/enterprise/options/extauth/v1"
	currently from:  "github.com/solo-io/solo-apis/pkg/api/enterprise.gloo.solo.io/v1"
See https://developers.google.com/protocol-buffers/docs/reference/go/faq#namespace-conflict

WARNING: proto: file "github.com/solo-io/solo-apis/api/gloo/enterprise.gloo/v1/auth_config.proto" has a name conflict over enterprise.gloo.solo.io.EndSessionProperties
	previously from: "github.com/solo-io/gloo/projects/gloo/pkg/api/v1/enterprise/options/extauth/v1"
	currently from:  "github.com/solo-io/solo-apis/pkg/api/enterprise.gloo.solo.io/v1"
See https://developers.google.com/protocol-buffers/docs/reference/go/faq#namespace-conflict

WARNING: proto: file "github.com/solo-io/solo-apis/api/gloo/enterprise.gloo/v1/auth_config.proto" has a name conflict over enterprise.gloo.solo.io.AutoMapFromMetadata
	previously from: "github.com/solo-io/gloo/projects/gloo/pkg/api/v1/enterprise/options/extauth/v1"
	currently from:  "github.com/solo-io/solo-apis/pkg/api/enterprise.gloo.solo.io/v1"
See https://developers.google.com/protocol-buffers/docs/reference/go/faq#namespace-conflict

WARNING: proto: file "github.com/solo-io/solo-apis/api/gloo/enterprise.gloo/v1/auth_config.proto" has a name conflict over enterprise.gloo.solo.io.JwksOnDemandCacheRefreshPolicy
	previously from: "github.com/solo-io/gloo/projects/gloo/pkg/api/v1/enterprise/options/extauth/v1"
	currently from:  "github.com/solo-io/solo-apis/pkg/api/enterprise.gloo.solo.io/v1"
See https://developers.google.com/protocol-buffers/docs/reference/go/faq#namespace-conflict

WARNING: proto: file "github.com/solo-io/solo-apis/api/gloo/enterprise.gloo/v1/auth_config.proto" has a name conflict over enterprise.gloo.solo.io.DiscoveryOverride
	previously from: "github.com/solo-io/gloo/projects/gloo/pkg/api/v1/enterprise/options/extauth/v1"
	currently from:  "github.com/solo-io/solo-apis/pkg/api/enterprise.gloo.solo.io/v1"
See https://developers.google.com/protocol-buffers/docs/reference/go/faq#namespace-conflict

WARNING: proto: file "github.com/solo-io/solo-apis/api/gloo/enterprise.gloo/v1/auth_config.proto" has a name conflict over enterprise.gloo.solo.io.HeaderConfiguration
	previously from: "github.com/solo-io/gloo/projects/gloo/pkg/api/v1/enterprise/options/extauth/v1"
	currently from:  "github.com/solo-io/solo-apis/pkg/api/enterprise.gloo.solo.io/v1"
See https://developers.google.com/protocol-buffers/docs/reference/go/faq#namespace-conflict

WARNING: proto: file "github.com/solo-io/solo-apis/api/gloo/enterprise.gloo/v1/auth_config.proto" has a name conflict over enterprise.gloo.solo.io.UserSession
	previously from: "github.com/solo-io/gloo/projects/gloo/pkg/api/v1/enterprise/options/extauth/v1"
	currently from:  "github.com/solo-io/solo-apis/pkg/api/enterprise.gloo.solo.io/v1"
See https://developers.google.com/protocol-buffers/docs/reference/go/faq#namespace-conflict

WARNING: proto: file "github.com/solo-io/solo-apis/api/gloo/enterprise.gloo/v1/auth_config.proto" has a name conflict over enterprise.gloo.solo.io.RedisOptions
	previously from: "github.com/solo-io/gloo/projects/gloo/pkg/api/v1/enterprise/options/extauth/v1"
	currently from:  "github.com/solo-io/solo-apis/pkg/api/enterprise.gloo.solo.io/v1"
See https://developers.google.com/protocol-buffers/docs/reference/go/faq#namespace-conflict

WARNING: proto: file "github.com/solo-io/solo-apis/api/gloo/enterprise.gloo/v1/auth_config.proto" has a name conflict over enterprise.gloo.solo.io.OAuth2
	previously from: "github.com/solo-io/gloo/projects/gloo/pkg/api/v1/enterprise/options/extauth/v1"
	currently from:  "github.com/solo-io/solo-apis/pkg/api/enterprise.gloo.solo.io/v1"
See https://developers.google.com/protocol-buffers/docs/reference/go/faq#namespace-conflict

WARNING: proto: file "github.com/solo-io/solo-apis/api/gloo/enterprise.gloo/v1/auth_config.proto" has a name conflict over enterprise.gloo.solo.io.OAuth
	previously from: "github.com/solo-io/gloo/projects/gloo/pkg/api/v1/enterprise/options/extauth/v1"
	currently from:  "github.com/solo-io/solo-apis/pkg/api/enterprise.gloo.solo.io/v1"
See https://developers.google.com/protocol-buffers/docs/reference/go/faq#namespace-conflict

WARNING: proto: file "github.com/solo-io/solo-apis/api/gloo/enterprise.gloo/v1/auth_config.proto" has a name conflict over enterprise.gloo.solo.io.BasicAuth
	previously from: "github.com/solo-io/gloo/projects/gloo/pkg/api/v1/enterprise/options/extauth/v1"
	currently from:  "github.com/solo-io/solo-apis/pkg/api/enterprise.gloo.solo.io/v1"
See https://developers.google.com/protocol-buffers/docs/reference/go/faq#namespace-conflict

WARNING: proto: file "github.com/solo-io/solo-apis/api/gloo/enterprise.gloo/v1/auth_config.proto" has a name conflict over enterprise.gloo.solo.io.AuthPlugin
	previously from: "github.com/solo-io/gloo/projects/gloo/pkg/api/v1/enterprise/options/extauth/v1"
	currently from:  "github.com/solo-io/solo-apis/pkg/api/enterprise.gloo.solo.io/v1"
See https://developers.google.com/protocol-buffers/docs/reference/go/faq#namespace-conflict

WARNING: proto: file "github.com/solo-io/solo-apis/api/gloo/enterprise.gloo/v1/auth_config.proto" has a name conflict over enterprise.gloo.solo.io.CustomAuth
	previously from: "github.com/solo-io/gloo/projects/gloo/pkg/api/v1/enterprise/options/extauth/v1"
	currently from:  "github.com/solo-io/solo-apis/pkg/api/enterprise.gloo.solo.io/v1"
See https://developers.google.com/protocol-buffers/docs/reference/go/faq#namespace-conflict

WARNING: proto: file "github.com/solo-io/solo-apis/api/gloo/enterprise.gloo/v1/auth_config.proto" has a name conflict over enterprise.gloo.solo.io.BufferSettings
	previously from: "github.com/solo-io/gloo/projects/gloo/pkg/api/v1/enterprise/options/extauth/v1"
	currently from:  "github.com/solo-io/solo-apis/pkg/api/enterprise.gloo.solo.io/v1"
See https://developers.google.com/protocol-buffers/docs/reference/go/faq#namespace-conflict

WARNING: proto: file "github.com/solo-io/solo-apis/api/gloo/enterprise.gloo/v1/auth_config.proto" has a name conflict over enterprise.gloo.solo.io.HttpService
	previously from: "github.com/solo-io/gloo/projects/gloo/pkg/api/v1/enterprise/options/extauth/v1"
	currently from:  "github.com/solo-io/solo-apis/pkg/api/enterprise.gloo.solo.io/v1"
See https://developers.google.com/protocol-buffers/docs/reference/go/faq#namespace-conflict

WARNING: proto: file "github.com/solo-io/solo-apis/api/gloo/enterprise.gloo/v1/auth_config.proto" has a name conflict over enterprise.gloo.solo.io.GrpcService
	previously from: "github.com/solo-io/gloo/projects/gloo/pkg/api/v1/enterprise/options/extauth/v1"
	currently from:  "github.com/solo-io/solo-apis/pkg/api/enterprise.gloo.solo.io/v1"
See https://developers.google.com/protocol-buffers/docs/reference/go/faq#namespace-conflict

WARNING: proto: file "github.com/solo-io/solo-apis/api/gloo/enterprise.gloo/v1/auth_config.proto" has a name conflict over enterprise.gloo.solo.io.Settings
	previously from: "github.com/solo-io/gloo/projects/gloo/pkg/api/v1/enterprise/options/extauth/v1"
	currently from:  "github.com/solo-io/solo-apis/pkg/api/enterprise.gloo.solo.io/v1"
See https://developers.google.com/protocol-buffers/docs/reference/go/faq#namespace-conflict

WARNING: proto: file "github.com/solo-io/solo-apis/api/gloo/enterprise.gloo/v1/auth_config.proto" has a name conflict over enterprise.gloo.solo.io.ExtAuthExtension
	previously from: "github.com/solo-io/gloo/projects/gloo/pkg/api/v1/enterprise/options/extauth/v1"
	currently from:  "github.com/solo-io/solo-apis/pkg/api/enterprise.gloo.solo.io/v1"
See https://developers.google.com/protocol-buffers/docs/reference/go/faq#namespace-conflict

WARNING: proto: file "github.com/solo-io/solo-apis/api/gloo/enterprise.gloo/v1/auth_config.proto" has a name conflict over enterprise.gloo.solo.io.ExtAuthDiscoveryService
	previously from: "github.com/solo-io/gloo/projects/gloo/pkg/api/v1/enterprise/options/extauth/v1"
	currently from:  "github.com/solo-io/solo-apis/pkg/api/enterprise.gloo.solo.io/v1"
See https://developers.google.com/protocol-buffers/docs/reference/go/faq#namespace-conflict

WARNING: proto: enum enterprise.gloo.solo.io.Settings.ApiVersion is already registered
	previously from: "github.com/solo-io/gloo/projects/gloo/pkg/api/v1/enterprise/options/extauth/v1"
	currently from:  "github.com/solo-io/solo-apis/pkg/api/enterprise.gloo.solo.io/v1"
See https://developers.google.com/protocol-buffers/docs/reference/go/faq#namespace-conflict

WARNING: proto: enum enterprise.gloo.solo.io.RedisOptions.SocketType is already registered
	previously from: "github.com/solo-io/gloo/projects/gloo/pkg/api/v1/enterprise/options/extauth/v1"
	currently from:  "github.com/solo-io/solo-apis/pkg/api/enterprise.gloo.solo.io/v1"
See https://developers.google.com/protocol-buffers/docs/reference/go/faq#namespace-conflict

WARNING: proto: enum enterprise.gloo.solo.io.UserSession.CookieOptions.SameSite is already registered
	previously from: "github.com/solo-io/gloo/projects/gloo/pkg/api/v1/enterprise/options/extauth/v1"
	currently from:  "github.com/solo-io/solo-apis/pkg/api/enterprise.gloo.solo.io/v1"
See https://developers.google.com/protocol-buffers/docs/reference/go/faq#namespace-conflict

WARNING: proto: enum enterprise.gloo.solo.io.EndSessionProperties.MethodType is already registered
	previously from: "github.com/solo-io/gloo/projects/gloo/pkg/api/v1/enterprise/options/extauth/v1"
	currently from:  "github.com/solo-io/solo-apis/pkg/api/enterprise.gloo.solo.io/v1"
See https://developers.google.com/protocol-buffers/docs/reference/go/faq#namespace-conflict

WARNING: proto: message enterprise.gloo.solo.io.ExtAuthExtension is already registered
	previously from: "github.com/solo-io/gloo/projects/gloo/pkg/api/v1/enterprise/options/extauth/v1"
	currently from:  "github.com/solo-io/solo-apis/pkg/api/enterprise.gloo.solo.io/v1"
See https://developers.google.com/protocol-buffers/docs/reference/go/faq#namespace-conflict

WARNING: proto: message enterprise.gloo.solo.io.Settings is already registered
	previously from: "github.com/solo-io/gloo/projects/gloo/pkg/api/v1/enterprise/options/extauth/v1"
	currently from:  "github.com/solo-io/solo-apis/pkg/api/enterprise.gloo.solo.io/v1"
See https://developers.google.com/protocol-buffers/docs/reference/go/faq#namespace-conflict

WARNING: proto: message enterprise.gloo.solo.io.GrpcService is already registered
	previously from: "github.com/solo-io/gloo/projects/gloo/pkg/api/v1/enterprise/options/extauth/v1"
	currently from:  "github.com/solo-io/solo-apis/pkg/api/enterprise.gloo.solo.io/v1"
See https://developers.google.com/protocol-buffers/docs/reference/go/faq#namespace-conflict

WARNING: proto: message enterprise.gloo.solo.io.HttpService is already registered
	previously from: "github.com/solo-io/gloo/projects/gloo/pkg/api/v1/enterprise/options/extauth/v1"
	currently from:  "github.com/solo-io/solo-apis/pkg/api/enterprise.gloo.solo.io/v1"
See https://developers.google.com/protocol-buffers/docs/reference/go/faq#namespace-conflict

WARNING: proto: message enterprise.gloo.solo.io.BufferSettings is already registered
	previously from: "github.com/solo-io/gloo/projects/gloo/pkg/api/v1/enterprise/options/extauth/v1"
	currently from:  "github.com/solo-io/solo-apis/pkg/api/enterprise.gloo.solo.io/v1"
See https://developers.google.com/protocol-buffers/docs/reference/go/faq#namespace-conflict

WARNING: proto: message enterprise.gloo.solo.io.CustomAuth is already registered
	previously from: "github.com/solo-io/gloo/projects/gloo/pkg/api/v1/enterprise/options/extauth/v1"
	currently from:  "github.com/solo-io/solo-apis/pkg/api/enterprise.gloo.solo.io/v1"
See https://developers.google.com/protocol-buffers/docs/reference/go/faq#namespace-conflict

WARNING: proto: message enterprise.gloo.solo.io.AuthPlugin is already registered
	previously from: "github.com/solo-io/gloo/projects/gloo/pkg/api/v1/enterprise/options/extauth/v1"
	currently from:  "github.com/solo-io/solo-apis/pkg/api/enterprise.gloo.solo.io/v1"
See https://developers.google.com/protocol-buffers/docs/reference/go/faq#namespace-conflict

WARNING: proto: message enterprise.gloo.solo.io.BasicAuth is already registered
	previously from: "github.com/solo-io/gloo/projects/gloo/pkg/api/v1/enterprise/options/extauth/v1"
	currently from:  "github.com/solo-io/solo-apis/pkg/api/enterprise.gloo.solo.io/v1"
See https://developers.google.com/protocol-buffers/docs/reference/go/faq#namespace-conflict

WARNING: proto: message enterprise.gloo.solo.io.OAuth is already registered
	previously from: "github.com/solo-io/gloo/projects/gloo/pkg/api/v1/enterprise/options/extauth/v1"
	currently from:  "github.com/solo-io/solo-apis/pkg/api/enterprise.gloo.solo.io/v1"
See https://developers.google.com/protocol-buffers/docs/reference/go/faq#namespace-conflict

WARNING: proto: message enterprise.gloo.solo.io.OAuth2 is already registered
	previously from: "github.com/solo-io/gloo/projects/gloo/pkg/api/v1/enterprise/options/extauth/v1"
	currently from:  "github.com/solo-io/solo-apis/pkg/api/enterprise.gloo.solo.io/v1"
See https://developers.google.com/protocol-buffers/docs/reference/go/faq#namespace-conflict

WARNING: proto: message enterprise.gloo.solo.io.RedisOptions is already registered
	previously from: "github.com/solo-io/gloo/projects/gloo/pkg/api/v1/enterprise/options/extauth/v1"
	currently from:  "github.com/solo-io/solo-apis/pkg/api/enterprise.gloo.solo.io/v1"
See https://developers.google.com/protocol-buffers/docs/reference/go/faq#namespace-conflict

WARNING: proto: message enterprise.gloo.solo.io.UserSession is already registered
	previously from: "github.com/solo-io/gloo/projects/gloo/pkg/api/v1/enterprise/options/extauth/v1"
	currently from:  "github.com/solo-io/solo-apis/pkg/api/enterprise.gloo.solo.io/v1"
See https://developers.google.com/protocol-buffers/docs/reference/go/faq#namespace-conflict

WARNING: proto: message enterprise.gloo.solo.io.HeaderConfiguration is already registered
	previously from: "github.com/solo-io/gloo/projects/gloo/pkg/api/v1/enterprise/options/extauth/v1"
	currently from:  "github.com/solo-io/solo-apis/pkg/api/enterprise.gloo.solo.io/v1"
See https://developers.google.com/protocol-buffers/docs/reference/go/faq#namespace-conflict

WARNING: proto: message enterprise.gloo.solo.io.DiscoveryOverride is already registered
	previously from: "github.com/solo-io/gloo/projects/gloo/pkg/api/v1/enterprise/options/extauth/v1"
	currently from:  "github.com/solo-io/solo-apis/pkg/api/enterprise.gloo.solo.io/v1"
See https://developers.google.com/protocol-buffers/docs/reference/go/faq#namespace-conflict

WARNING: proto: message enterprise.gloo.solo.io.JwksOnDemandCacheRefreshPolicy is already registered
	previously from: "github.com/solo-io/gloo/projects/gloo/pkg/api/v1/enterprise/options/extauth/v1"
	currently from:  "github.com/solo-io/solo-apis/pkg/api/enterprise.gloo.solo.io/v1"
See https://developers.google.com/protocol-buffers/docs/reference/go/faq#namespace-conflict

WARNING: proto: message enterprise.gloo.solo.io.AutoMapFromMetadata is already registered
	previously from: "github.com/solo-io/gloo/projects/gloo/pkg/api/v1/enterprise/options/extauth/v1"
	currently from:  "github.com/solo-io/solo-apis/pkg/api/enterprise.gloo.solo.io/v1"
See https://developers.google.com/protocol-buffers/docs/reference/go/faq#namespace-conflict

WARNING: proto: message enterprise.gloo.solo.io.EndSessionProperties is already registered
	previously from: "github.com/solo-io/gloo/projects/gloo/pkg/api/v1/enterprise/options/extauth/v1"
	currently from:  "github.com/solo-io/solo-apis/pkg/api/enterprise.gloo.solo.io/v1"
See https://developers.google.com/protocol-buffers/docs/reference/go/faq#namespace-conflict

WARNING: proto: message enterprise.gloo.solo.io.OidcAuthorizationCode is already registered
	previously from: "github.com/solo-io/gloo/projects/gloo/pkg/api/v1/enterprise/options/extauth/v1"
	currently from:  "github.com/solo-io/solo-apis/pkg/api/enterprise.gloo.solo.io/v1"
See https://developers.google.com/protocol-buffers/docs/reference/go/faq#namespace-conflict

WARNING: proto: message enterprise.gloo.solo.io.JwtValidation is already registered
	previously from: "github.com/solo-io/gloo/projects/gloo/pkg/api/v1/enterprise/options/extauth/v1"
	currently from:  "github.com/solo-io/solo-apis/pkg/api/enterprise.gloo.solo.io/v1"
See https://developers.google.com/protocol-buffers/docs/reference/go/faq#namespace-conflict

WARNING: proto: message enterprise.gloo.solo.io.IntrospectionValidation is already registered
	previously from: "github.com/solo-io/gloo/projects/gloo/pkg/api/v1/enterprise/options/extauth/v1"
	currently from:  "github.com/solo-io/solo-apis/pkg/api/enterprise.gloo.solo.io/v1"
See https://developers.google.com/protocol-buffers/docs/reference/go/faq#namespace-conflict

WARNING: proto: message enterprise.gloo.solo.io.AccessTokenValidation is already registered
	previously from: "github.com/solo-io/gloo/projects/gloo/pkg/api/v1/enterprise/options/extauth/v1"
	currently from:  "github.com/solo-io/solo-apis/pkg/api/enterprise.gloo.solo.io/v1"
See https://developers.google.com/protocol-buffers/docs/reference/go/faq#namespace-conflict

WARNING: proto: message enterprise.gloo.solo.io.OauthSecret is already registered
	previously from: "github.com/solo-io/gloo/projects/gloo/pkg/api/v1/enterprise/options/extauth/v1"
	currently from:  "github.com/solo-io/solo-apis/pkg/api/enterprise.gloo.solo.io/v1"
See https://developers.google.com/protocol-buffers/docs/reference/go/faq#namespace-conflict

WARNING: proto: message enterprise.gloo.solo.io.ApiKeyAuth is already registered
	previously from: "github.com/solo-io/gloo/projects/gloo/pkg/api/v1/enterprise/options/extauth/v1"
	currently from:  "github.com/solo-io/solo-apis/pkg/api/enterprise.gloo.solo.io/v1"
See https://developers.google.com/protocol-buffers/docs/reference/go/faq#namespace-conflict

WARNING: proto: message enterprise.gloo.solo.io.ApiKeySecret is already registered
	previously from: "github.com/solo-io/gloo/projects/gloo/pkg/api/v1/enterprise/options/extauth/v1"
	currently from:  "github.com/solo-io/solo-apis/pkg/api/enterprise.gloo.solo.io/v1"
See https://developers.google.com/protocol-buffers/docs/reference/go/faq#namespace-conflict

WARNING: proto: message enterprise.gloo.solo.io.OpaAuth is already registered
	previously from: "github.com/solo-io/gloo/projects/gloo/pkg/api/v1/enterprise/options/extauth/v1"
	currently from:  "github.com/solo-io/solo-apis/pkg/api/enterprise.gloo.solo.io/v1"
See https://developers.google.com/protocol-buffers/docs/reference/go/faq#namespace-conflict

WARNING: proto: message enterprise.gloo.solo.io.OpaAuthOptions is already registered
	previously from: "github.com/solo-io/gloo/projects/gloo/pkg/api/v1/enterprise/options/extauth/v1"
	currently from:  "github.com/solo-io/solo-apis/pkg/api/enterprise.gloo.solo.io/v1"
See https://developers.google.com/protocol-buffers/docs/reference/go/faq#namespace-conflict

WARNING: proto: message enterprise.gloo.solo.io.Ldap is already registered
	previously from: "github.com/solo-io/gloo/projects/gloo/pkg/api/v1/enterprise/options/extauth/v1"
	currently from:  "github.com/solo-io/solo-apis/pkg/api/enterprise.gloo.solo.io/v1"
See https://developers.google.com/protocol-buffers/docs/reference/go/faq#namespace-conflict

WARNING: proto: message enterprise.gloo.solo.io.PassThroughAuth is already registered
	previously from: "github.com/solo-io/gloo/projects/gloo/pkg/api/v1/enterprise/options/extauth/v1"
	currently from:  "github.com/solo-io/solo-apis/pkg/api/enterprise.gloo.solo.io/v1"
See https://developers.google.com/protocol-buffers/docs/reference/go/faq#namespace-conflict

WARNING: proto: message enterprise.gloo.solo.io.PassThroughGrpc is already registered
	previously from: "github.com/solo-io/gloo/projects/gloo/pkg/api/v1/enterprise/options/extauth/v1"
	currently from:  "github.com/solo-io/solo-apis/pkg/api/enterprise.gloo.solo.io/v1"
See https://developers.google.com/protocol-buffers/docs/reference/go/faq#namespace-conflict

WARNING: proto: message enterprise.gloo.solo.io.PassThroughHttp is already registered
	previously from: "github.com/solo-io/gloo/projects/gloo/pkg/api/v1/enterprise/options/extauth/v1"
	currently from:  "github.com/solo-io/solo-apis/pkg/api/enterprise.gloo.solo.io/v1"
See https://developers.google.com/protocol-buffers/docs/reference/go/faq#namespace-conflict

WARNING: proto: message enterprise.gloo.solo.io.ExtAuthConfig is already registered
	previously from: "github.com/solo-io/gloo/projects/gloo/pkg/api/v1/enterprise/options/extauth/v1"
	currently from:  "github.com/solo-io/solo-apis/pkg/api/enterprise.gloo.solo.io/v1"
See https://developers.google.com/protocol-buffers/docs/reference/go/faq#namespace-conflict

WARNING: proto: message enterprise.gloo.solo.io.HttpService.Request is already registered
	previously from: "github.com/solo-io/gloo/projects/gloo/pkg/api/v1/enterprise/options/extauth/v1"
	currently from:  "github.com/solo-io/solo-apis/pkg/api/enterprise.gloo.solo.io/v1"
See https://developers.google.com/protocol-buffers/docs/reference/go/faq#namespace-conflict

WARNING: proto: message enterprise.gloo.solo.io.HttpService.Response is already registered
	previously from: "github.com/solo-io/gloo/projects/gloo/pkg/api/v1/enterprise/options/extauth/v1"
	currently from:  "github.com/solo-io/solo-apis/pkg/api/enterprise.gloo.solo.io/v1"
See https://developers.google.com/protocol-buffers/docs/reference/go/faq#namespace-conflict

WARNING: proto: message enterprise.gloo.solo.io.BasicAuth.Apr is already registered
	previously from: "github.com/solo-io/gloo/projects/gloo/pkg/api/v1/enterprise/options/extauth/v1"
	currently from:  "github.com/solo-io/solo-apis/pkg/api/enterprise.gloo.solo.io/v1"
See https://developers.google.com/protocol-buffers/docs/reference/go/faq#namespace-conflict

WARNING: proto: message enterprise.gloo.solo.io.BasicAuth.Apr.SaltedHashedPassword is already registered
	previously from: "github.com/solo-io/gloo/projects/gloo/pkg/api/v1/enterprise/options/extauth/v1"
	currently from:  "github.com/solo-io/solo-apis/pkg/api/enterprise.gloo.solo.io/v1"
See https://developers.google.com/protocol-buffers/docs/reference/go/faq#namespace-conflict

WARNING: proto: message enterprise.gloo.solo.io.UserSession.InternalSession is already registered
	previously from: "github.com/solo-io/gloo/projects/gloo/pkg/api/v1/enterprise/options/extauth/v1"
	currently from:  "github.com/solo-io/solo-apis/pkg/api/enterprise.gloo.solo.io/v1"
See https://developers.google.com/protocol-buffers/docs/reference/go/faq#namespace-conflict

WARNING: proto: message enterprise.gloo.solo.io.UserSession.RedisSession is already registered
	previously from: "github.com/solo-io/gloo/projects/gloo/pkg/api/v1/enterprise/options/extauth/v1"
	currently from:  "github.com/solo-io/solo-apis/pkg/api/enterprise.gloo.solo.io/v1"
See https://developers.google.com/protocol-buffers/docs/reference/go/faq#namespace-conflict

WARNING: proto: message enterprise.gloo.solo.io.UserSession.CookieOptions is already registered
	previously from: "github.com/solo-io/gloo/projects/gloo/pkg/api/v1/enterprise/options/extauth/v1"
	currently from:  "github.com/solo-io/solo-apis/pkg/api/enterprise.gloo.solo.io/v1"
See https://developers.google.com/protocol-buffers/docs/reference/go/faq#namespace-conflict

WARNING: proto: message enterprise.gloo.solo.io.JwtValidation.RemoteJwks is already registered
	previously from: "github.com/solo-io/gloo/projects/gloo/pkg/api/v1/enterprise/options/extauth/v1"
	currently from:  "github.com/solo-io/solo-apis/pkg/api/enterprise.gloo.solo.io/v1"
See https://developers.google.com/protocol-buffers/docs/reference/go/faq#namespace-conflict

WARNING: proto: message enterprise.gloo.solo.io.JwtValidation.LocalJwks is already registered
	previously from: "github.com/solo-io/gloo/projects/gloo/pkg/api/v1/enterprise/options/extauth/v1"
	currently from:  "github.com/solo-io/solo-apis/pkg/api/enterprise.gloo.solo.io/v1"
See https://developers.google.com/protocol-buffers/docs/reference/go/faq#namespace-conflict

WARNING: proto: message enterprise.gloo.solo.io.AccessTokenValidation.ScopeList is already registered
	previously from: "github.com/solo-io/gloo/projects/gloo/pkg/api/v1/enterprise/options/extauth/v1"
	currently from:  "github.com/solo-io/solo-apis/pkg/api/enterprise.gloo.solo.io/v1"
See https://developers.google.com/protocol-buffers/docs/reference/go/faq#namespace-conflict

WARNING: proto: message enterprise.gloo.solo.io.ApiKeyAuth.SecretKey is already registered
	previously from: "github.com/solo-io/gloo/projects/gloo/pkg/api/v1/enterprise/options/extauth/v1"
	currently from:  "github.com/solo-io/solo-apis/pkg/api/enterprise.gloo.solo.io/v1"
See https://developers.google.com/protocol-buffers/docs/reference/go/faq#namespace-conflict

WARNING: proto: message enterprise.gloo.solo.io.Ldap.ConnectionPool is already registered
	previously from: "github.com/solo-io/gloo/projects/gloo/pkg/api/v1/enterprise/options/extauth/v1"
	currently from:  "github.com/solo-io/solo-apis/pkg/api/enterprise.gloo.solo.io/v1"
See https://developers.google.com/protocol-buffers/docs/reference/go/faq#namespace-conflict

WARNING: proto: message enterprise.gloo.solo.io.PassThroughHttp.Request is already registered
	previously from: "github.com/solo-io/gloo/projects/gloo/pkg/api/v1/enterprise/options/extauth/v1"
	currently from:  "github.com/solo-io/solo-apis/pkg/api/enterprise.gloo.solo.io/v1"
See https://developers.google.com/protocol-buffers/docs/reference/go/faq#namespace-conflict

WARNING: proto: message enterprise.gloo.solo.io.PassThroughHttp.Response is already registered
	previously from: "github.com/solo-io/gloo/projects/gloo/pkg/api/v1/enterprise/options/extauth/v1"
	currently from:  "github.com/solo-io/solo-apis/pkg/api/enterprise.gloo.solo.io/v1"
See https://developers.google.com/protocol-buffers/docs/reference/go/faq#namespace-conflict

WARNING: proto: message enterprise.gloo.solo.io.ExtAuthConfig.OAuthConfig is already registered
	previously from: "github.com/solo-io/gloo/projects/gloo/pkg/api/v1/enterprise/options/extauth/v1"
	currently from:  "github.com/solo-io/solo-apis/pkg/api/enterprise.gloo.solo.io/v1"
See https://developers.google.com/protocol-buffers/docs/reference/go/faq#namespace-conflict

WARNING: proto: message enterprise.gloo.solo.io.ExtAuthConfig.OidcAuthorizationCodeConfig is already registered
	previously from: "github.com/solo-io/gloo/projects/gloo/pkg/api/v1/enterprise/options/extauth/v1"
	currently from:  "github.com/solo-io/solo-apis/pkg/api/enterprise.gloo.solo.io/v1"
See https://developers.google.com/protocol-buffers/docs/reference/go/faq#namespace-conflict

WARNING: proto: message enterprise.gloo.solo.io.ExtAuthConfig.AccessTokenValidationConfig is already registered
	previously from: "github.com/solo-io/gloo/projects/gloo/pkg/api/v1/enterprise/options/extauth/v1"
	currently from:  "github.com/solo-io/solo-apis/pkg/api/enterprise.gloo.solo.io/v1"
See https://developers.google.com/protocol-buffers/docs/reference/go/faq#namespace-conflict

WARNING: proto: message enterprise.gloo.solo.io.ExtAuthConfig.OAuth2Config is already registered
	previously from: "github.com/solo-io/gloo/projects/gloo/pkg/api/v1/enterprise/options/extauth/v1"
	currently from:  "github.com/solo-io/solo-apis/pkg/api/enterprise.gloo.solo.io/v1"
See https://developers.google.com/protocol-buffers/docs/reference/go/faq#namespace-conflict

WARNING: proto: message enterprise.gloo.solo.io.ExtAuthConfig.ApiKeyAuthConfig is already registered
	previously from: "github.com/solo-io/gloo/projects/gloo/pkg/api/v1/enterprise/options/extauth/v1"
	currently from:  "github.com/solo-io/solo-apis/pkg/api/enterprise.gloo.solo.io/v1"
See https://developers.google.com/protocol-buffers/docs/reference/go/faq#namespace-conflict

WARNING: proto: message enterprise.gloo.solo.io.ExtAuthConfig.OpaAuthConfig is already registered
	previously from: "github.com/solo-io/gloo/projects/gloo/pkg/api/v1/enterprise/options/extauth/v1"
	currently from:  "github.com/solo-io/solo-apis/pkg/api/enterprise.gloo.solo.io/v1"
See https://developers.google.com/protocol-buffers/docs/reference/go/faq#namespace-conflict

WARNING: proto: message enterprise.gloo.solo.io.ExtAuthConfig.Config is already registered
	previously from: "github.com/solo-io/gloo/projects/gloo/pkg/api/v1/enterprise/options/extauth/v1"
	currently from:  "github.com/solo-io/solo-apis/pkg/api/enterprise.gloo.solo.io/v1"
See https://developers.google.com/protocol-buffers/docs/reference/go/faq#namespace-conflict

WARNING: proto: message enterprise.gloo.solo.io.ExtAuthConfig.AccessTokenValidationConfig.JwtValidation is already registered
	previously from: "github.com/solo-io/gloo/projects/gloo/pkg/api/v1/enterprise/options/extauth/v1"
	currently from:  "github.com/solo-io/solo-apis/pkg/api/enterprise.gloo.solo.io/v1"
See https://developers.google.com/protocol-buffers/docs/reference/go/faq#namespace-conflict

WARNING: proto: message enterprise.gloo.solo.io.ExtAuthConfig.AccessTokenValidationConfig.IntrospectionValidation is already registered
	previously from: "github.com/solo-io/gloo/projects/gloo/pkg/api/v1/enterprise/options/extauth/v1"
	currently from:  "github.com/solo-io/solo-apis/pkg/api/enterprise.gloo.solo.io/v1"
See https://developers.google.com/protocol-buffers/docs/reference/go/faq#namespace-conflict

WARNING: proto: message enterprise.gloo.solo.io.ExtAuthConfig.AccessTokenValidationConfig.ScopeList is already registered
	previously from: "github.com/solo-io/gloo/projects/gloo/pkg/api/v1/enterprise/options/extauth/v1"
	currently from:  "github.com/solo-io/solo-apis/pkg/api/enterprise.gloo.solo.io/v1"
See https://developers.google.com/protocol-buffers/docs/reference/go/faq#namespace-conflict

WARNING: proto: message enterprise.gloo.solo.io.ExtAuthConfig.AccessTokenValidationConfig.JwtValidation.RemoteJwks is already registered
	previously from: "github.com/solo-io/gloo/projects/gloo/pkg/api/v1/enterprise/options/extauth/v1"
	currently from:  "github.com/solo-io/solo-apis/pkg/api/enterprise.gloo.solo.io/v1"
See https://developers.google.com/protocol-buffers/docs/reference/go/faq#namespace-conflict

WARNING: proto: message enterprise.gloo.solo.io.ExtAuthConfig.AccessTokenValidationConfig.JwtValidation.LocalJwks is already registered
	previously from: "github.com/solo-io/gloo/projects/gloo/pkg/api/v1/enterprise/options/extauth/v1"
	currently from:  "github.com/solo-io/solo-apis/pkg/api/enterprise.gloo.solo.io/v1"
See https://developers.google.com/protocol-buffers/docs/reference/go/faq#namespace-conflict

WARNING: proto: message enterprise.gloo.solo.io.ExtAuthConfig.ApiKeyAuthConfig.KeyMetadata is already registered
	previously from: "github.com/solo-io/gloo/projects/gloo/pkg/api/v1/enterprise/options/extauth/v1"
	currently from:  "github.com/solo-io/solo-apis/pkg/api/enterprise.gloo.solo.io/v1"
See https://developers.google.com/protocol-buffers/docs/reference/go/faq#namespace-conflict

WARNING: proto: file "github.com/solo-io/solo-apis/api/gloo/gloo/external/envoy/config/filter/http/gzip/v2/gzip.proto" has a name conflict over solo.io.envoy.config.filter.http.gzip.v2.Gzip
	previously from: "github.com/solo-io/gloo/projects/gloo/pkg/api/external/envoy/config/filter/http/gzip/v2"
	currently from:  "github.com/solo-io/solo-apis/pkg/api/gloo.solo.io/external/envoy/config/filter/http/gzip/v2"
See https://developers.google.com/protocol-buffers/docs/reference/go/faq#namespace-conflict

WARNING: proto: enum solo.io.envoy.config.filter.http.gzip.v2.Gzip.CompressionStrategy is already registered
	previously from: "github.com/solo-io/gloo/projects/gloo/pkg/api/external/envoy/config/filter/http/gzip/v2"
	currently from:  "github.com/solo-io/solo-apis/pkg/api/gloo.solo.io/external/envoy/config/filter/http/gzip/v2"
See https://developers.google.com/protocol-buffers/docs/reference/go/faq#namespace-conflict

WARNING: proto: enum solo.io.envoy.config.filter.http.gzip.v2.Gzip.CompressionLevel.Enum is already registered
	previously from: "github.com/solo-io/gloo/projects/gloo/pkg/api/external/envoy/config/filter/http/gzip/v2"
	currently from:  "github.com/solo-io/solo-apis/pkg/api/gloo.solo.io/external/envoy/config/filter/http/gzip/v2"
See https://developers.google.com/protocol-buffers/docs/reference/go/faq#namespace-conflict

WARNING: proto: message solo.io.envoy.config.filter.http.gzip.v2.Gzip is already registered
	previously from: "github.com/solo-io/gloo/projects/gloo/pkg/api/external/envoy/config/filter/http/gzip/v2"
	currently from:  "github.com/solo-io/solo-apis/pkg/api/gloo.solo.io/external/envoy/config/filter/http/gzip/v2"
See https://developers.google.com/protocol-buffers/docs/reference/go/faq#namespace-conflict

WARNING: proto: message solo.io.envoy.config.filter.http.gzip.v2.Gzip.CompressionLevel is already registered
	previously from: "github.com/solo-io/gloo/projects/gloo/pkg/api/external/envoy/config/filter/http/gzip/v2"
	currently from:  "github.com/solo-io/solo-apis/pkg/api/gloo.solo.io/external/envoy/config/filter/http/gzip/v2"
See https://developers.google.com/protocol-buffers/docs/reference/go/faq#namespace-conflict

WARNING: proto: file "github.com/solo-io/solo-apis/api/gloo/gloo/external/envoy/extensions/filters/http/buffer/v3/buffer.proto" has a name conflict over solo.io.envoy.extensions.filters.http.buffer.v3.BufferPerRoute
	previously from: "github.com/solo-io/gloo/projects/gloo/pkg/api/external/envoy/extensions/filters/http/buffer/v3"
	currently from:  "github.com/solo-io/solo-apis/pkg/api/gloo.solo.io/external/envoy/extensions/filters/http/buffer/v3"
See https://developers.google.com/protocol-buffers/docs/reference/go/faq#namespace-conflict

WARNING: proto: file "github.com/solo-io/solo-apis/api/gloo/gloo/external/envoy/extensions/filters/http/buffer/v3/buffer.proto" has a name conflict over solo.io.envoy.extensions.filters.http.buffer.v3.Buffer
	previously from: "github.com/solo-io/gloo/projects/gloo/pkg/api/external/envoy/extensions/filters/http/buffer/v3"
	currently from:  "github.com/solo-io/solo-apis/pkg/api/gloo.solo.io/external/envoy/extensions/filters/http/buffer/v3"
See https://developers.google.com/protocol-buffers/docs/reference/go/faq#namespace-conflict

WARNING: proto: message solo.io.envoy.extensions.filters.http.buffer.v3.Buffer is already registered
	previously from: "github.com/solo-io/gloo/projects/gloo/pkg/api/external/envoy/extensions/filters/http/buffer/v3"
	currently from:  "github.com/solo-io/solo-apis/pkg/api/gloo.solo.io/external/envoy/extensions/filters/http/buffer/v3"
See https://developers.google.com/protocol-buffers/docs/reference/go/faq#namespace-conflict

WARNING: proto: message solo.io.envoy.extensions.filters.http.buffer.v3.BufferPerRoute is already registered
	previously from: "github.com/solo-io/gloo/projects/gloo/pkg/api/external/envoy/extensions/filters/http/buffer/v3"
	currently from:  "github.com/solo-io/solo-apis/pkg/api/gloo.solo.io/external/envoy/extensions/filters/http/buffer/v3"
See https://developers.google.com/protocol-buffers/docs/reference/go/faq#namespace-conflict

WARNING: proto: file "github.com/solo-io/solo-apis/api/gloo/gloo/external/envoy/extensions/filters/http/csrf/v3/csrf.proto" has a name conflict over solo.io.envoy.extensions.filters.http.csrf.v3.CsrfPolicy
	previously from: "github.com/solo-io/gloo/projects/gloo/pkg/api/external/envoy/extensions/filters/http/csrf/v3"
	currently from:  "github.com/solo-io/solo-apis/pkg/api/gloo.solo.io/external/envoy/extensions/filters/http/csrf/v3"
See https://developers.google.com/protocol-buffers/docs/reference/go/faq#namespace-conflict

WARNING: proto: message solo.io.envoy.extensions.filters.http.csrf.v3.CsrfPolicy is already registered
	previously from: "github.com/solo-io/gloo/projects/gloo/pkg/api/external/envoy/extensions/filters/http/csrf/v3"
	currently from:  "github.com/solo-io/solo-apis/pkg/api/gloo.solo.io/external/envoy/extensions/filters/http/csrf/v3"
See https://developers.google.com/protocol-buffers/docs/reference/go/faq#namespace-conflict

WARNING: proto: file "github.com/solo-io/solo-apis/api/gloo/gloo/external/envoy/extensions/proxylatency/proxylatency.proto" has a name conflict over envoy.config.filter.http.proxylatency.v2.ProxyLatency
	previously from: "github.com/solo-io/gloo/projects/gloo/pkg/api/external/envoy/extensions/proxylatency"
	currently from:  "github.com/solo-io/solo-apis/pkg/api/gloo.solo.io/external/envoy/extensions/proxylatency"
See https://developers.google.com/protocol-buffers/docs/reference/go/faq#namespace-conflict

WARNING: proto: enum envoy.config.filter.http.proxylatency.v2.ProxyLatency.Measurement is already registered
	previously from: "github.com/solo-io/gloo/projects/gloo/pkg/api/external/envoy/extensions/proxylatency"
	currently from:  "github.com/solo-io/solo-apis/pkg/api/gloo.solo.io/external/envoy/extensions/proxylatency"
See https://developers.google.com/protocol-buffers/docs/reference/go/faq#namespace-conflict

WARNING: proto: message envoy.config.filter.http.proxylatency.v2.ProxyLatency is already registered
	previously from: "github.com/solo-io/gloo/projects/gloo/pkg/api/external/envoy/extensions/proxylatency"
	currently from:  "github.com/solo-io/solo-apis/pkg/api/gloo.solo.io/external/envoy/extensions/proxylatency"
See https://developers.google.com/protocol-buffers/docs/reference/go/faq#namespace-conflict

WARNING: proto: file "github.com/solo-io/solo-apis/api/gloo/gloo/v1/enterprise/options/caching/caching.proto" has a name conflict over caching.options.gloo.solo.io.Settings
	previously from: "github.com/solo-io/gloo/projects/gloo/pkg/api/v1/enterprise/options/caching"
	currently from:  "github.com/solo-io/solo-apis/pkg/api/gloo.solo.io/v1/enterprise/options/caching"
See https://developers.google.com/protocol-buffers/docs/reference/go/faq#namespace-conflict

WARNING: proto: message caching.options.gloo.solo.io.Settings is already registered
	previously from: "github.com/solo-io/gloo/projects/gloo/pkg/api/v1/enterprise/options/caching"
	currently from:  "github.com/solo-io/solo-apis/pkg/api/gloo.solo.io/v1/enterprise/options/caching"
See https://developers.google.com/protocol-buffers/docs/reference/go/faq#namespace-conflict

WARNING: proto: file "github.com/solo-io/solo-apis/api/gloo/gloo/external/envoy/type/range.proto" has a name conflict over solo.io.envoy.type.DoubleRange
	previously from: "github.com/solo-io/gloo/projects/gloo/pkg/api/external/envoy/type"
	currently from:  "github.com/solo-io/solo-apis/pkg/api/gloo.solo.io/external/envoy/type"
See https://developers.google.com/protocol-buffers/docs/reference/go/faq#namespace-conflict

WARNING: proto: file "github.com/solo-io/solo-apis/api/gloo/gloo/external/envoy/type/range.proto" has a name conflict over solo.io.envoy.type.Int64Range
	previously from: "github.com/solo-io/gloo/projects/gloo/pkg/api/external/envoy/type"
	currently from:  "github.com/solo-io/solo-apis/pkg/api/gloo.solo.io/external/envoy/type"
See https://developers.google.com/protocol-buffers/docs/reference/go/faq#namespace-conflict

WARNING: proto: message solo.io.envoy.type.Int64Range is already registered
	previously from: "github.com/solo-io/gloo/projects/gloo/pkg/api/external/envoy/type"
	currently from:  "github.com/solo-io/solo-apis/pkg/api/gloo.solo.io/external/envoy/type"
See https://developers.google.com/protocol-buffers/docs/reference/go/faq#namespace-conflict

WARNING: proto: message solo.io.envoy.type.DoubleRange is already registered
	previously from: "github.com/solo-io/gloo/projects/gloo/pkg/api/external/envoy/type"
	currently from:  "github.com/solo-io/solo-apis/pkg/api/gloo.solo.io/external/envoy/type"
See https://developers.google.com/protocol-buffers/docs/reference/go/faq#namespace-conflict

WARNING: proto: file "github.com/solo-io/solo-apis/api/gloo/gloo/external/envoy/api/v2/route/route.proto" has a name conflict over solo.io.envoy.api.v2.route.QueryParameterMatcher
	previously from: "github.com/solo-io/gloo/projects/gloo/pkg/api/external/envoy/api/v2/route"
	currently from:  "github.com/solo-io/solo-apis/pkg/api/gloo.solo.io/external/envoy/api/v2/route"
See https://developers.google.com/protocol-buffers/docs/reference/go/faq#namespace-conflict

WARNING: proto: file "github.com/solo-io/solo-apis/api/gloo/gloo/external/envoy/api/v2/route/route.proto" has a name conflict over solo.io.envoy.api.v2.route.HeaderMatcher
	previously from: "github.com/solo-io/gloo/projects/gloo/pkg/api/external/envoy/api/v2/route"
	currently from:  "github.com/solo-io/solo-apis/pkg/api/gloo.solo.io/external/envoy/api/v2/route"
See https://developers.google.com/protocol-buffers/docs/reference/go/faq#namespace-conflict

WARNING: proto: file "github.com/solo-io/solo-apis/api/gloo/gloo/external/envoy/api/v2/route/route.proto" has a name conflict over solo.io.envoy.api.v2.route.RateLimit
	previously from: "github.com/solo-io/gloo/projects/gloo/pkg/api/external/envoy/api/v2/route"
	currently from:  "github.com/solo-io/solo-apis/pkg/api/gloo.solo.io/external/envoy/api/v2/route"
See https://developers.google.com/protocol-buffers/docs/reference/go/faq#namespace-conflict

WARNING: proto: file "github.com/solo-io/solo-apis/api/gloo/gloo/external/envoy/api/v2/route/route.proto" has a name conflict over solo.io.envoy.api.v2.route.VirtualCluster
	previously from: "github.com/solo-io/gloo/projects/gloo/pkg/api/external/envoy/api/v2/route"
	currently from:  "github.com/solo-io/solo-apis/pkg/api/gloo.solo.io/external/envoy/api/v2/route"
See https://developers.google.com/protocol-buffers/docs/reference/go/faq#namespace-conflict

WARNING: proto: file "github.com/solo-io/solo-apis/api/gloo/gloo/external/envoy/api/v2/route/route.proto" has a name conflict over solo.io.envoy.api.v2.route.Tracing
	previously from: "github.com/solo-io/gloo/projects/gloo/pkg/api/external/envoy/api/v2/route"
	currently from:  "github.com/solo-io/solo-apis/pkg/api/gloo.solo.io/external/envoy/api/v2/route"
See https://developers.google.com/protocol-buffers/docs/reference/go/faq#namespace-conflict

WARNING: proto: file "github.com/solo-io/solo-apis/api/gloo/gloo/external/envoy/api/v2/route/route.proto" has a name conflict over solo.io.envoy.api.v2.route.Decorator
	previously from: "github.com/solo-io/gloo/projects/gloo/pkg/api/external/envoy/api/v2/route"
	currently from:  "github.com/solo-io/solo-apis/pkg/api/gloo.solo.io/external/envoy/api/v2/route"
See https://developers.google.com/protocol-buffers/docs/reference/go/faq#namespace-conflict

WARNING: proto: file "github.com/solo-io/solo-apis/api/gloo/gloo/external/envoy/api/v2/route/route.proto" has a name conflict over solo.io.envoy.api.v2.route.DirectResponseAction
	previously from: "github.com/solo-io/gloo/projects/gloo/pkg/api/external/envoy/api/v2/route"
	currently from:  "github.com/solo-io/solo-apis/pkg/api/gloo.solo.io/external/envoy/api/v2/route"
See https://developers.google.com/protocol-buffers/docs/reference/go/faq#namespace-conflict

WARNING: proto: file "github.com/solo-io/solo-apis/api/gloo/gloo/external/envoy/api/v2/route/route.proto" has a name conflict over solo.io.envoy.api.v2.route.RedirectAction
	previously from: "github.com/solo-io/gloo/projects/gloo/pkg/api/external/envoy/api/v2/route"
	currently from:  "github.com/solo-io/solo-apis/pkg/api/gloo.solo.io/external/envoy/api/v2/route"
See https://developers.google.com/protocol-buffers/docs/reference/go/faq#namespace-conflict

WARNING: proto: file "github.com/solo-io/solo-apis/api/gloo/gloo/external/envoy/api/v2/route/route.proto" has a name conflict over solo.io.envoy.api.v2.route.HedgePolicy
	previously from: "github.com/solo-io/gloo/projects/gloo/pkg/api/external/envoy/api/v2/route"
	currently from:  "github.com/solo-io/solo-apis/pkg/api/gloo.solo.io/external/envoy/api/v2/route"
See https://developers.google.com/protocol-buffers/docs/reference/go/faq#namespace-conflict

WARNING: proto: file "github.com/solo-io/solo-apis/api/gloo/gloo/external/envoy/api/v2/route/route.proto" has a name conflict over solo.io.envoy.api.v2.route.RetryPolicy
	previously from: "github.com/solo-io/gloo/projects/gloo/pkg/api/external/envoy/api/v2/route"
	currently from:  "github.com/solo-io/solo-apis/pkg/api/gloo.solo.io/external/envoy/api/v2/route"
See https://developers.google.com/protocol-buffers/docs/reference/go/faq#namespace-conflict

WARNING: proto: file "github.com/solo-io/solo-apis/api/gloo/gloo/external/envoy/api/v2/route/route.proto" has a name conflict over solo.io.envoy.api.v2.route.RouteAction
	previously from: "github.com/solo-io/gloo/projects/gloo/pkg/api/external/envoy/api/v2/route"
	currently from:  "github.com/solo-io/solo-apis/pkg/api/gloo.solo.io/external/envoy/api/v2/route"
See https://developers.google.com/protocol-buffers/docs/reference/go/faq#namespace-conflict

WARNING: proto: file "github.com/solo-io/solo-apis/api/gloo/gloo/external/envoy/api/v2/route/route.proto" has a name conflict over solo.io.envoy.api.v2.route.CorsPolicy
	previously from: "github.com/solo-io/gloo/projects/gloo/pkg/api/external/envoy/api/v2/route"
	currently from:  "github.com/solo-io/solo-apis/pkg/api/gloo.solo.io/external/envoy/api/v2/route"
See https://developers.google.com/protocol-buffers/docs/reference/go/faq#namespace-conflict

WARNING: proto: file "github.com/solo-io/solo-apis/api/gloo/gloo/external/envoy/api/v2/route/route.proto" has a name conflict over solo.io.envoy.api.v2.route.RouteMatch
	previously from: "github.com/solo-io/gloo/projects/gloo/pkg/api/external/envoy/api/v2/route"
	currently from:  "github.com/solo-io/solo-apis/pkg/api/gloo.solo.io/external/envoy/api/v2/route"
See https://developers.google.com/protocol-buffers/docs/reference/go/faq#namespace-conflict

WARNING: proto: file "github.com/solo-io/solo-apis/api/gloo/gloo/external/envoy/api/v2/route/route.proto" has a name conflict over solo.io.envoy.api.v2.route.WeightedCluster
	previously from: "github.com/solo-io/gloo/projects/gloo/pkg/api/external/envoy/api/v2/route"
	currently from:  "github.com/solo-io/solo-apis/pkg/api/gloo.solo.io/external/envoy/api/v2/route"
See https://developers.google.com/protocol-buffers/docs/reference/go/faq#namespace-conflict

WARNING: proto: file "github.com/solo-io/solo-apis/api/gloo/gloo/external/envoy/api/v2/route/route.proto" has a name conflict over solo.io.envoy.api.v2.route.Route
	previously from: "github.com/solo-io/gloo/projects/gloo/pkg/api/external/envoy/api/v2/route"
	currently from:  "github.com/solo-io/solo-apis/pkg/api/gloo.solo.io/external/envoy/api/v2/route"
See https://developers.google.com/protocol-buffers/docs/reference/go/faq#namespace-conflict

WARNING: proto: file "github.com/solo-io/solo-apis/api/gloo/gloo/external/envoy/api/v2/route/route.proto" has a name conflict over solo.io.envoy.api.v2.route.VirtualHost
	previously from: "github.com/solo-io/gloo/projects/gloo/pkg/api/external/envoy/api/v2/route"
	currently from:  "github.com/solo-io/solo-apis/pkg/api/gloo.solo.io/external/envoy/api/v2/route"
See https://developers.google.com/protocol-buffers/docs/reference/go/faq#namespace-conflict

WARNING: proto: enum solo.io.envoy.api.v2.route.VirtualHost.TlsRequirementType is already registered
	previously from: "github.com/solo-io/gloo/projects/gloo/pkg/api/external/envoy/api/v2/route"
	currently from:  "github.com/solo-io/solo-apis/pkg/api/gloo.solo.io/external/envoy/api/v2/route"
See https://developers.google.com/protocol-buffers/docs/reference/go/faq#namespace-conflict

WARNING: proto: enum solo.io.envoy.api.v2.route.RouteAction.ClusterNotFoundResponseCode is already registered
	previously from: "github.com/solo-io/gloo/projects/gloo/pkg/api/external/envoy/api/v2/route"
	currently from:  "github.com/solo-io/solo-apis/pkg/api/gloo.solo.io/external/envoy/api/v2/route"
See https://developers.google.com/protocol-buffers/docs/reference/go/faq#namespace-conflict

WARNING: proto: enum solo.io.envoy.api.v2.route.RouteAction.InternalRedirectAction is already registered
	previously from: "github.com/solo-io/gloo/projects/gloo/pkg/api/external/envoy/api/v2/route"
	currently from:  "github.com/solo-io/solo-apis/pkg/api/gloo.solo.io/external/envoy/api/v2/route"
See https://developers.google.com/protocol-buffers/docs/reference/go/faq#namespace-conflict

WARNING: proto: enum solo.io.envoy.api.v2.route.RedirectAction.RedirectResponseCode is already registered
	previously from: "github.com/solo-io/gloo/projects/gloo/pkg/api/external/envoy/api/v2/route"
	currently from:  "github.com/solo-io/solo-apis/pkg/api/gloo.solo.io/external/envoy/api/v2/route"
See https://developers.google.com/protocol-buffers/docs/reference/go/faq#namespace-conflict

WARNING: proto: message solo.io.envoy.api.v2.route.VirtualHost is already registered
	previously from: "github.com/solo-io/gloo/projects/gloo/pkg/api/external/envoy/api/v2/route"
	currently from:  "github.com/solo-io/solo-apis/pkg/api/gloo.solo.io/external/envoy/api/v2/route"
See https://developers.google.com/protocol-buffers/docs/reference/go/faq#namespace-conflict

WARNING: proto: message solo.io.envoy.api.v2.route.Route is already registered
	previously from: "github.com/solo-io/gloo/projects/gloo/pkg/api/external/envoy/api/v2/route"
	currently from:  "github.com/solo-io/solo-apis/pkg/api/gloo.solo.io/external/envoy/api/v2/route"
See https://developers.google.com/protocol-buffers/docs/reference/go/faq#namespace-conflict

WARNING: proto: message solo.io.envoy.api.v2.route.WeightedCluster is already registered
	previously from: "github.com/solo-io/gloo/projects/gloo/pkg/api/external/envoy/api/v2/route"
	currently from:  "github.com/solo-io/solo-apis/pkg/api/gloo.solo.io/external/envoy/api/v2/route"
See https://developers.google.com/protocol-buffers/docs/reference/go/faq#namespace-conflict

WARNING: proto: message solo.io.envoy.api.v2.route.RouteMatch is already registered
	previously from: "github.com/solo-io/gloo/projects/gloo/pkg/api/external/envoy/api/v2/route"
	currently from:  "github.com/solo-io/solo-apis/pkg/api/gloo.solo.io/external/envoy/api/v2/route"
See https://developers.google.com/protocol-buffers/docs/reference/go/faq#namespace-conflict

WARNING: proto: message solo.io.envoy.api.v2.route.CorsPolicy is already registered
	previously from: "github.com/solo-io/gloo/projects/gloo/pkg/api/external/envoy/api/v2/route"
	currently from:  "github.com/solo-io/solo-apis/pkg/api/gloo.solo.io/external/envoy/api/v2/route"
See https://developers.google.com/protocol-buffers/docs/reference/go/faq#namespace-conflict

WARNING: proto: message solo.io.envoy.api.v2.route.RouteAction is already registered
	previously from: "github.com/solo-io/gloo/projects/gloo/pkg/api/external/envoy/api/v2/route"
	currently from:  "github.com/solo-io/solo-apis/pkg/api/gloo.solo.io/external/envoy/api/v2/route"
See https://developers.google.com/protocol-buffers/docs/reference/go/faq#namespace-conflict

WARNING: proto: message solo.io.envoy.api.v2.route.RetryPolicy is already registered
	previously from: "github.com/solo-io/gloo/projects/gloo/pkg/api/external/envoy/api/v2/route"
	currently from:  "github.com/solo-io/solo-apis/pkg/api/gloo.solo.io/external/envoy/api/v2/route"
See https://developers.google.com/protocol-buffers/docs/reference/go/faq#namespace-conflict

WARNING: proto: message solo.io.envoy.api.v2.route.HedgePolicy is already registered
	previously from: "github.com/solo-io/gloo/projects/gloo/pkg/api/external/envoy/api/v2/route"
	currently from:  "github.com/solo-io/solo-apis/pkg/api/gloo.solo.io/external/envoy/api/v2/route"
See https://developers.google.com/protocol-buffers/docs/reference/go/faq#namespace-conflict

WARNING: proto: message solo.io.envoy.api.v2.route.RedirectAction is already registered
	previously from: "github.com/solo-io/gloo/projects/gloo/pkg/api/external/envoy/api/v2/route"
	currently from:  "github.com/solo-io/solo-apis/pkg/api/gloo.solo.io/external/envoy/api/v2/route"
See https://developers.google.com/protocol-buffers/docs/reference/go/faq#namespace-conflict

WARNING: proto: message solo.io.envoy.api.v2.route.DirectResponseAction is already registered
	previously from: "github.com/solo-io/gloo/projects/gloo/pkg/api/external/envoy/api/v2/route"
	currently from:  "github.com/solo-io/solo-apis/pkg/api/gloo.solo.io/external/envoy/api/v2/route"
See https://developers.google.com/protocol-buffers/docs/reference/go/faq#namespace-conflict

WARNING: proto: message solo.io.envoy.api.v2.route.Decorator is already registered
	previously from: "github.com/solo-io/gloo/projects/gloo/pkg/api/external/envoy/api/v2/route"
	currently from:  "github.com/solo-io/solo-apis/pkg/api/gloo.solo.io/external/envoy/api/v2/route"
See https://developers.google.com/protocol-buffers/docs/reference/go/faq#namespace-conflict

WARNING: proto: message solo.io.envoy.api.v2.route.Tracing is already registered
	previously from: "github.com/solo-io/gloo/projects/gloo/pkg/api/external/envoy/api/v2/route"
	currently from:  "github.com/solo-io/solo-apis/pkg/api/gloo.solo.io/external/envoy/api/v2/route"
See https://developers.google.com/protocol-buffers/docs/reference/go/faq#namespace-conflict

WARNING: proto: message solo.io.envoy.api.v2.route.VirtualCluster is already registered
	previously from: "github.com/solo-io/gloo/projects/gloo/pkg/api/external/envoy/api/v2/route"
	currently from:  "github.com/solo-io/solo-apis/pkg/api/gloo.solo.io/external/envoy/api/v2/route"
See https://developers.google.com/protocol-buffers/docs/reference/go/faq#namespace-conflict

WARNING: proto: message solo.io.envoy.api.v2.route.RateLimit is already registered
	previously from: "github.com/solo-io/gloo/projects/gloo/pkg/api/external/envoy/api/v2/route"
	currently from:  "github.com/solo-io/solo-apis/pkg/api/gloo.solo.io/external/envoy/api/v2/route"
See https://developers.google.com/protocol-buffers/docs/reference/go/faq#namespace-conflict

WARNING: proto: message solo.io.envoy.api.v2.route.HeaderMatcher is already registered
	previously from: "github.com/solo-io/gloo/projects/gloo/pkg/api/external/envoy/api/v2/route"
	currently from:  "github.com/solo-io/solo-apis/pkg/api/gloo.solo.io/external/envoy/api/v2/route"
See https://developers.google.com/protocol-buffers/docs/reference/go/faq#namespace-conflict

WARNING: proto: message solo.io.envoy.api.v2.route.QueryParameterMatcher is already registered
	previously from: "github.com/solo-io/gloo/projects/gloo/pkg/api/external/envoy/api/v2/route"
	currently from:  "github.com/solo-io/solo-apis/pkg/api/gloo.solo.io/external/envoy/api/v2/route"
See https://developers.google.com/protocol-buffers/docs/reference/go/faq#namespace-conflict

WARNING: proto: message solo.io.envoy.api.v2.route.WeightedCluster.ClusterWeight is already registered
	previously from: "github.com/solo-io/gloo/projects/gloo/pkg/api/external/envoy/api/v2/route"
	currently from:  "github.com/solo-io/solo-apis/pkg/api/gloo.solo.io/external/envoy/api/v2/route"
See https://developers.google.com/protocol-buffers/docs/reference/go/faq#namespace-conflict

WARNING: proto: message solo.io.envoy.api.v2.route.RouteMatch.GrpcRouteMatchOptions is already registered
	previously from: "github.com/solo-io/gloo/projects/gloo/pkg/api/external/envoy/api/v2/route"
	currently from:  "github.com/solo-io/solo-apis/pkg/api/gloo.solo.io/external/envoy/api/v2/route"
See https://developers.google.com/protocol-buffers/docs/reference/go/faq#namespace-conflict

WARNING: proto: message solo.io.envoy.api.v2.route.RouteAction.RequestMirrorPolicy is already registered
	previously from: "github.com/solo-io/gloo/projects/gloo/pkg/api/external/envoy/api/v2/route"
	currently from:  "github.com/solo-io/solo-apis/pkg/api/gloo.solo.io/external/envoy/api/v2/route"
See https://developers.google.com/protocol-buffers/docs/reference/go/faq#namespace-conflict

WARNING: proto: message solo.io.envoy.api.v2.route.RouteAction.HashPolicy is already registered
	previously from: "github.com/solo-io/gloo/projects/gloo/pkg/api/external/envoy/api/v2/route"
	currently from:  "github.com/solo-io/solo-apis/pkg/api/gloo.solo.io/external/envoy/api/v2/route"
See https://developers.google.com/protocol-buffers/docs/reference/go/faq#namespace-conflict

WARNING: proto: message solo.io.envoy.api.v2.route.RouteAction.UpgradeConfig is already registered
	previously from: "github.com/solo-io/gloo/projects/gloo/pkg/api/external/envoy/api/v2/route"
	currently from:  "github.com/solo-io/solo-apis/pkg/api/gloo.solo.io/external/envoy/api/v2/route"
See https://developers.google.com/protocol-buffers/docs/reference/go/faq#namespace-conflict

WARNING: proto: message solo.io.envoy.api.v2.route.RouteAction.HashPolicy.Header is already registered
	previously from: "github.com/solo-io/gloo/projects/gloo/pkg/api/external/envoy/api/v2/route"
	currently from:  "github.com/solo-io/solo-apis/pkg/api/gloo.solo.io/external/envoy/api/v2/route"
See https://developers.google.com/protocol-buffers/docs/reference/go/faq#namespace-conflict

WARNING: proto: message solo.io.envoy.api.v2.route.RouteAction.HashPolicy.Cookie is already registered
	previously from: "github.com/solo-io/gloo/projects/gloo/pkg/api/external/envoy/api/v2/route"
	currently from:  "github.com/solo-io/solo-apis/pkg/api/gloo.solo.io/external/envoy/api/v2/route"
See https://developers.google.com/protocol-buffers/docs/reference/go/faq#namespace-conflict

WARNING: proto: message solo.io.envoy.api.v2.route.RouteAction.HashPolicy.ConnectionProperties is already registered
	previously from: "github.com/solo-io/gloo/projects/gloo/pkg/api/external/envoy/api/v2/route"
	currently from:  "github.com/solo-io/solo-apis/pkg/api/gloo.solo.io/external/envoy/api/v2/route"
See https://developers.google.com/protocol-buffers/docs/reference/go/faq#namespace-conflict

WARNING: proto: message solo.io.envoy.api.v2.route.RetryPolicy.RetryPriority is already registered
	previously from: "github.com/solo-io/gloo/projects/gloo/pkg/api/external/envoy/api/v2/route"
	currently from:  "github.com/solo-io/solo-apis/pkg/api/gloo.solo.io/external/envoy/api/v2/route"
See https://developers.google.com/protocol-buffers/docs/reference/go/faq#namespace-conflict

WARNING: proto: message solo.io.envoy.api.v2.route.RetryPolicy.RetryHostPredicate is already registered
	previously from: "github.com/solo-io/gloo/projects/gloo/pkg/api/external/envoy/api/v2/route"
	currently from:  "github.com/solo-io/solo-apis/pkg/api/gloo.solo.io/external/envoy/api/v2/route"
See https://developers.google.com/protocol-buffers/docs/reference/go/faq#namespace-conflict

WARNING: proto: message solo.io.envoy.api.v2.route.RetryPolicy.RetryBackOff is already registered
	previously from: "github.com/solo-io/gloo/projects/gloo/pkg/api/external/envoy/api/v2/route"
	currently from:  "github.com/solo-io/solo-apis/pkg/api/gloo.solo.io/external/envoy/api/v2/route"
See https://developers.google.com/protocol-buffers/docs/reference/go/faq#namespace-conflict

WARNING: proto: message solo.io.envoy.api.v2.route.RateLimit.Action is already registered
	previously from: "github.com/solo-io/gloo/projects/gloo/pkg/api/external/envoy/api/v2/route"
	currently from:  "github.com/solo-io/solo-apis/pkg/api/gloo.solo.io/external/envoy/api/v2/route"
See https://developers.google.com/protocol-buffers/docs/reference/go/faq#namespace-conflict

WARNING: proto: message solo.io.envoy.api.v2.route.RateLimit.Action.SourceCluster is already registered
	previously from: "github.com/solo-io/gloo/projects/gloo/pkg/api/external/envoy/api/v2/route"
	currently from:  "github.com/solo-io/solo-apis/pkg/api/gloo.solo.io/external/envoy/api/v2/route"
See https://developers.google.com/protocol-buffers/docs/reference/go/faq#namespace-conflict

WARNING: proto: message solo.io.envoy.api.v2.route.RateLimit.Action.DestinationCluster is already registered
	previously from: "github.com/solo-io/gloo/projects/gloo/pkg/api/external/envoy/api/v2/route"
	currently from:  "github.com/solo-io/solo-apis/pkg/api/gloo.solo.io/external/envoy/api/v2/route"
See https://developers.google.com/protocol-buffers/docs/reference/go/faq#namespace-conflict

WARNING: proto: message solo.io.envoy.api.v2.route.RateLimit.Action.RequestHeaders is already registered
	previously from: "github.com/solo-io/gloo/projects/gloo/pkg/api/external/envoy/api/v2/route"
	currently from:  "github.com/solo-io/solo-apis/pkg/api/gloo.solo.io/external/envoy/api/v2/route"
See https://developers.google.com/protocol-buffers/docs/reference/go/faq#namespace-conflict

WARNING: proto: message solo.io.envoy.api.v2.route.RateLimit.Action.RemoteAddress is already registered
	previously from: "github.com/solo-io/gloo/projects/gloo/pkg/api/external/envoy/api/v2/route"
	currently from:  "github.com/solo-io/solo-apis/pkg/api/gloo.solo.io/external/envoy/api/v2/route"
See https://developers.google.com/protocol-buffers/docs/reference/go/faq#namespace-conflict

WARNING: proto: message solo.io.envoy.api.v2.route.RateLimit.Action.GenericKey is already registered
	previously from: "github.com/solo-io/gloo/projects/gloo/pkg/api/external/envoy/api/v2/route"
	currently from:  "github.com/solo-io/solo-apis/pkg/api/gloo.solo.io/external/envoy/api/v2/route"
See https://developers.google.com/protocol-buffers/docs/reference/go/faq#namespace-conflict

WARNING: proto: message solo.io.envoy.api.v2.route.RateLimit.Action.HeaderValueMatch is already registered
	previously from: "github.com/solo-io/gloo/projects/gloo/pkg/api/external/envoy/api/v2/route"
	currently from:  "github.com/solo-io/solo-apis/pkg/api/gloo.solo.io/external/envoy/api/v2/route"
See https://developers.google.com/protocol-buffers/docs/reference/go/faq#namespace-conflict

WARNING: proto: file "github.com/solo-io/solo-apis/api/gloo/gloo/external/envoy/type/metadata/v3/metadata.proto" has a name conflict over solo.io.envoy.type.metadata.v3.MetadataKind
	previously from: "github.com/solo-io/gloo/projects/gloo/pkg/api/external/envoy/type/metadata/v3"
	currently from:  "github.com/solo-io/solo-apis/pkg/api/gloo.solo.io/external/envoy/type/metadata/v3"
See https://developers.google.com/protocol-buffers/docs/reference/go/faq#namespace-conflict

WARNING: proto: file "github.com/solo-io/solo-apis/api/gloo/gloo/external/envoy/type/metadata/v3/metadata.proto" has a name conflict over solo.io.envoy.type.metadata.v3.MetadataKey
	previously from: "github.com/solo-io/gloo/projects/gloo/pkg/api/external/envoy/type/metadata/v3"
	currently from:  "github.com/solo-io/solo-apis/pkg/api/gloo.solo.io/external/envoy/type/metadata/v3"
See https://developers.google.com/protocol-buffers/docs/reference/go/faq#namespace-conflict

WARNING: proto: message solo.io.envoy.type.metadata.v3.MetadataKey is already registered
	previously from: "github.com/solo-io/gloo/projects/gloo/pkg/api/external/envoy/type/metadata/v3"
	currently from:  "github.com/solo-io/solo-apis/pkg/api/gloo.solo.io/external/envoy/type/metadata/v3"
See https://developers.google.com/protocol-buffers/docs/reference/go/faq#namespace-conflict

WARNING: proto: message solo.io.envoy.type.metadata.v3.MetadataKind is already registered
	previously from: "github.com/solo-io/gloo/projects/gloo/pkg/api/external/envoy/type/metadata/v3"
	currently from:  "github.com/solo-io/solo-apis/pkg/api/gloo.solo.io/external/envoy/type/metadata/v3"
See https://developers.google.com/protocol-buffers/docs/reference/go/faq#namespace-conflict

WARNING: proto: message solo.io.envoy.type.metadata.v3.MetadataKey.PathSegment is already registered
	previously from: "github.com/solo-io/gloo/projects/gloo/pkg/api/external/envoy/type/metadata/v3"
	currently from:  "github.com/solo-io/solo-apis/pkg/api/gloo.solo.io/external/envoy/type/metadata/v3"
See https://developers.google.com/protocol-buffers/docs/reference/go/faq#namespace-conflict

WARNING: proto: message solo.io.envoy.type.metadata.v3.MetadataKind.Request is already registered
	previously from: "github.com/solo-io/gloo/projects/gloo/pkg/api/external/envoy/type/metadata/v3"
	currently from:  "github.com/solo-io/solo-apis/pkg/api/gloo.solo.io/external/envoy/type/metadata/v3"
See https://developers.google.com/protocol-buffers/docs/reference/go/faq#namespace-conflict

WARNING: proto: message solo.io.envoy.type.metadata.v3.MetadataKind.Route is already registered
	previously from: "github.com/solo-io/gloo/projects/gloo/pkg/api/external/envoy/type/metadata/v3"
	currently from:  "github.com/solo-io/solo-apis/pkg/api/gloo.solo.io/external/envoy/type/metadata/v3"
See https://developers.google.com/protocol-buffers/docs/reference/go/faq#namespace-conflict

WARNING: proto: message solo.io.envoy.type.metadata.v3.MetadataKind.Cluster is already registered
	previously from: "github.com/solo-io/gloo/projects/gloo/pkg/api/external/envoy/type/metadata/v3"
	currently from:  "github.com/solo-io/solo-apis/pkg/api/gloo.solo.io/external/envoy/type/metadata/v3"
See https://developers.google.com/protocol-buffers/docs/reference/go/faq#namespace-conflict

WARNING: proto: message solo.io.envoy.type.metadata.v3.MetadataKind.Host is already registered
	previously from: "github.com/solo-io/gloo/projects/gloo/pkg/api/external/envoy/type/metadata/v3"
	currently from:  "github.com/solo-io/solo-apis/pkg/api/gloo.solo.io/external/envoy/type/metadata/v3"
See https://developers.google.com/protocol-buffers/docs/reference/go/faq#namespace-conflict

WARNING: proto: file "github.com/solo-io/solo-apis/api/gloo/gloo/external/envoy/type/tracing/v3/custom_tag.proto" has a name conflict over solo.io.envoy.type.tracing.v3.CustomTag
	previously from: "github.com/solo-io/gloo/projects/gloo/pkg/api/external/envoy/type/tracing/v3"
	currently from:  "github.com/solo-io/solo-apis/pkg/api/gloo.solo.io/external/envoy/type/tracing/v3"
See https://developers.google.com/protocol-buffers/docs/reference/go/faq#namespace-conflict

WARNING: proto: message solo.io.envoy.type.tracing.v3.CustomTag is already registered
	previously from: "github.com/solo-io/gloo/projects/gloo/pkg/api/external/envoy/type/tracing/v3"
	currently from:  "github.com/solo-io/solo-apis/pkg/api/gloo.solo.io/external/envoy/type/tracing/v3"
See https://developers.google.com/protocol-buffers/docs/reference/go/faq#namespace-conflict

WARNING: proto: message solo.io.envoy.type.tracing.v3.CustomTag.Literal is already registered
	previously from: "github.com/solo-io/gloo/projects/gloo/pkg/api/external/envoy/type/tracing/v3"
	currently from:  "github.com/solo-io/solo-apis/pkg/api/gloo.solo.io/external/envoy/type/tracing/v3"
See https://developers.google.com/protocol-buffers/docs/reference/go/faq#namespace-conflict

WARNING: proto: message solo.io.envoy.type.tracing.v3.CustomTag.Environment is already registered
	previously from: "github.com/solo-io/gloo/projects/gloo/pkg/api/external/envoy/type/tracing/v3"
	currently from:  "github.com/solo-io/solo-apis/pkg/api/gloo.solo.io/external/envoy/type/tracing/v3"
See https://developers.google.com/protocol-buffers/docs/reference/go/faq#namespace-conflict

WARNING: proto: message solo.io.envoy.type.tracing.v3.CustomTag.Header is already registered
	previously from: "github.com/solo-io/gloo/projects/gloo/pkg/api/external/envoy/type/tracing/v3"
	currently from:  "github.com/solo-io/solo-apis/pkg/api/gloo.solo.io/external/envoy/type/tracing/v3"
See https://developers.google.com/protocol-buffers/docs/reference/go/faq#namespace-conflict

WARNING: proto: message solo.io.envoy.type.tracing.v3.CustomTag.Metadata is already registered
	previously from: "github.com/solo-io/gloo/projects/gloo/pkg/api/external/envoy/type/tracing/v3"
	currently from:  "github.com/solo-io/solo-apis/pkg/api/gloo.solo.io/external/envoy/type/tracing/v3"
See https://developers.google.com/protocol-buffers/docs/reference/go/faq#namespace-conflict

WARNING: proto: file "github.com/solo-io/solo-apis/api/gloo/gloo/external/envoy/config/route/v3/route_components.proto" has a name conflict over solo.io.envoy.config.route.v3.InternalRedirectPolicy
	previously from: "github.com/solo-io/gloo/projects/gloo/pkg/api/external/envoy/config/route/v3"
	currently from:  "github.com/solo-io/solo-apis/pkg/api/gloo.solo.io/external/envoy/config/route/v3"
See https://developers.google.com/protocol-buffers/docs/reference/go/faq#namespace-conflict

WARNING: proto: file "github.com/solo-io/solo-apis/api/gloo/gloo/external/envoy/config/route/v3/route_components.proto" has a name conflict over solo.io.envoy.config.route.v3.QueryParameterMatcher
	previously from: "github.com/solo-io/gloo/projects/gloo/pkg/api/external/envoy/config/route/v3"
	currently from:  "github.com/solo-io/solo-apis/pkg/api/gloo.solo.io/external/envoy/config/route/v3"
See https://developers.google.com/protocol-buffers/docs/reference/go/faq#namespace-conflict

WARNING: proto: file "github.com/solo-io/solo-apis/api/gloo/gloo/external/envoy/config/route/v3/route_components.proto" has a name conflict over solo.io.envoy.config.route.v3.HeaderMatcher
	previously from: "github.com/solo-io/gloo/projects/gloo/pkg/api/external/envoy/config/route/v3"
	currently from:  "github.com/solo-io/solo-apis/pkg/api/gloo.solo.io/external/envoy/config/route/v3"
See https://developers.google.com/protocol-buffers/docs/reference/go/faq#namespace-conflict

WARNING: proto: file "github.com/solo-io/solo-apis/api/gloo/gloo/external/envoy/config/route/v3/route_components.proto" has a name conflict over solo.io.envoy.config.route.v3.RateLimit
	previously from: "github.com/solo-io/gloo/projects/gloo/pkg/api/external/envoy/config/route/v3"
	currently from:  "github.com/solo-io/solo-apis/pkg/api/gloo.solo.io/external/envoy/config/route/v3"
See https://developers.google.com/protocol-buffers/docs/reference/go/faq#namespace-conflict

WARNING: proto: file "github.com/solo-io/solo-apis/api/gloo/gloo/external/envoy/config/route/v3/route_components.proto" has a name conflict over solo.io.envoy.config.route.v3.VirtualCluster
	previously from: "github.com/solo-io/gloo/projects/gloo/pkg/api/external/envoy/config/route/v3"
	currently from:  "github.com/solo-io/solo-apis/pkg/api/gloo.solo.io/external/envoy/config/route/v3"
See https://developers.google.com/protocol-buffers/docs/reference/go/faq#namespace-conflict

WARNING: proto: file "github.com/solo-io/solo-apis/api/gloo/gloo/external/envoy/config/route/v3/route_components.proto" has a name conflict over solo.io.envoy.config.route.v3.Tracing
	previously from: "github.com/solo-io/gloo/projects/gloo/pkg/api/external/envoy/config/route/v3"
	currently from:  "github.com/solo-io/solo-apis/pkg/api/gloo.solo.io/external/envoy/config/route/v3"
See https://developers.google.com/protocol-buffers/docs/reference/go/faq#namespace-conflict

WARNING: proto: file "github.com/solo-io/solo-apis/api/gloo/gloo/external/envoy/config/route/v3/route_components.proto" has a name conflict over solo.io.envoy.config.route.v3.Decorator
	previously from: "github.com/solo-io/gloo/projects/gloo/pkg/api/external/envoy/config/route/v3"
	currently from:  "github.com/solo-io/solo-apis/pkg/api/gloo.solo.io/external/envoy/config/route/v3"
See https://developers.google.com/protocol-buffers/docs/reference/go/faq#namespace-conflict

WARNING: proto: file "github.com/solo-io/solo-apis/api/gloo/gloo/external/envoy/config/route/v3/route_components.proto" has a name conflict over solo.io.envoy.config.route.v3.DirectResponseAction
	previously from: "github.com/solo-io/gloo/projects/gloo/pkg/api/external/envoy/config/route/v3"
	currently from:  "github.com/solo-io/solo-apis/pkg/api/gloo.solo.io/external/envoy/config/route/v3"
See https://developers.google.com/protocol-buffers/docs/reference/go/faq#namespace-conflict

WARNING: proto: file "github.com/solo-io/solo-apis/api/gloo/gloo/external/envoy/config/route/v3/route_components.proto" has a name conflict over solo.io.envoy.config.route.v3.RedirectAction
	previously from: "github.com/solo-io/gloo/projects/gloo/pkg/api/external/envoy/config/route/v3"
	currently from:  "github.com/solo-io/solo-apis/pkg/api/gloo.solo.io/external/envoy/config/route/v3"
See https://developers.google.com/protocol-buffers/docs/reference/go/faq#namespace-conflict

WARNING: proto: file "github.com/solo-io/solo-apis/api/gloo/gloo/external/envoy/config/route/v3/route_components.proto" has a name conflict over solo.io.envoy.config.route.v3.HedgePolicy
	previously from: "github.com/solo-io/gloo/projects/gloo/pkg/api/external/envoy/config/route/v3"
	currently from:  "github.com/solo-io/solo-apis/pkg/api/gloo.solo.io/external/envoy/config/route/v3"
See https://developers.google.com/protocol-buffers/docs/reference/go/faq#namespace-conflict

WARNING: proto: file "github.com/solo-io/solo-apis/api/gloo/gloo/external/envoy/config/route/v3/route_components.proto" has a name conflict over solo.io.envoy.config.route.v3.RetryPolicy
	previously from: "github.com/solo-io/gloo/projects/gloo/pkg/api/external/envoy/config/route/v3"
	currently from:  "github.com/solo-io/solo-apis/pkg/api/gloo.solo.io/external/envoy/config/route/v3"
See https://developers.google.com/protocol-buffers/docs/reference/go/faq#namespace-conflict

WARNING: proto: file "github.com/solo-io/solo-apis/api/gloo/gloo/external/envoy/config/route/v3/route_components.proto" has a name conflict over solo.io.envoy.config.route.v3.RouteAction
	previously from: "github.com/solo-io/gloo/projects/gloo/pkg/api/external/envoy/config/route/v3"
	currently from:  "github.com/solo-io/solo-apis/pkg/api/gloo.solo.io/external/envoy/config/route/v3"
See https://developers.google.com/protocol-buffers/docs/reference/go/faq#namespace-conflict

WARNING: proto: file "github.com/solo-io/solo-apis/api/gloo/gloo/external/envoy/config/route/v3/route_components.proto" has a name conflict over solo.io.envoy.config.route.v3.CorsPolicy
	previously from: "github.com/solo-io/gloo/projects/gloo/pkg/api/external/envoy/config/route/v3"
	currently from:  "github.com/solo-io/solo-apis/pkg/api/gloo.solo.io/external/envoy/config/route/v3"
See https://developers.google.com/protocol-buffers/docs/reference/go/faq#namespace-conflict

WARNING: proto: file "github.com/solo-io/solo-apis/api/gloo/gloo/external/envoy/config/route/v3/route_components.proto" has a name conflict over solo.io.envoy.config.route.v3.RouteMatch
	previously from: "github.com/solo-io/gloo/projects/gloo/pkg/api/external/envoy/config/route/v3"
	currently from:  "github.com/solo-io/solo-apis/pkg/api/gloo.solo.io/external/envoy/config/route/v3"
See https://developers.google.com/protocol-buffers/docs/reference/go/faq#namespace-conflict

WARNING: proto: file "github.com/solo-io/solo-apis/api/gloo/gloo/external/envoy/config/route/v3/route_components.proto" has a name conflict over solo.io.envoy.config.route.v3.WeightedCluster
	previously from: "github.com/solo-io/gloo/projects/gloo/pkg/api/external/envoy/config/route/v3"
	currently from:  "github.com/solo-io/solo-apis/pkg/api/gloo.solo.io/external/envoy/config/route/v3"
See https://developers.google.com/protocol-buffers/docs/reference/go/faq#namespace-conflict

WARNING: proto: file "github.com/solo-io/solo-apis/api/gloo/gloo/external/envoy/config/route/v3/route_components.proto" has a name conflict over solo.io.envoy.config.route.v3.Route
	previously from: "github.com/solo-io/gloo/projects/gloo/pkg/api/external/envoy/config/route/v3"
	currently from:  "github.com/solo-io/solo-apis/pkg/api/gloo.solo.io/external/envoy/config/route/v3"
See https://developers.google.com/protocol-buffers/docs/reference/go/faq#namespace-conflict

WARNING: proto: file "github.com/solo-io/solo-apis/api/gloo/gloo/external/envoy/config/route/v3/route_components.proto" has a name conflict over solo.io.envoy.config.route.v3.FilterAction
	previously from: "github.com/solo-io/gloo/projects/gloo/pkg/api/external/envoy/config/route/v3"
	currently from:  "github.com/solo-io/solo-apis/pkg/api/gloo.solo.io/external/envoy/config/route/v3"
See https://developers.google.com/protocol-buffers/docs/reference/go/faq#namespace-conflict

WARNING: proto: file "github.com/solo-io/solo-apis/api/gloo/gloo/external/envoy/config/route/v3/route_components.proto" has a name conflict over solo.io.envoy.config.route.v3.VirtualHost
	previously from: "github.com/solo-io/gloo/projects/gloo/pkg/api/external/envoy/config/route/v3"
	currently from:  "github.com/solo-io/solo-apis/pkg/api/gloo.solo.io/external/envoy/config/route/v3"
See https://developers.google.com/protocol-buffers/docs/reference/go/faq#namespace-conflict

WARNING: proto: enum solo.io.envoy.config.route.v3.VirtualHost.TlsRequirementType is already registered
	previously from: "github.com/solo-io/gloo/projects/gloo/pkg/api/external/envoy/config/route/v3"
	currently from:  "github.com/solo-io/solo-apis/pkg/api/gloo.solo.io/external/envoy/config/route/v3"
See https://developers.google.com/protocol-buffers/docs/reference/go/faq#namespace-conflict

WARNING: proto: enum solo.io.envoy.config.route.v3.RouteAction.ClusterNotFoundResponseCode is already registered
	previously from: "github.com/solo-io/gloo/projects/gloo/pkg/api/external/envoy/config/route/v3"
	currently from:  "github.com/solo-io/solo-apis/pkg/api/gloo.solo.io/external/envoy/config/route/v3"
See https://developers.google.com/protocol-buffers/docs/reference/go/faq#namespace-conflict

WARNING: proto: enum solo.io.envoy.config.route.v3.RouteAction.InternalRedirectAction is already registered
	previously from: "github.com/solo-io/gloo/projects/gloo/pkg/api/external/envoy/config/route/v3"
	currently from:  "github.com/solo-io/solo-apis/pkg/api/gloo.solo.io/external/envoy/config/route/v3"
See https://developers.google.com/protocol-buffers/docs/reference/go/faq#namespace-conflict

WARNING: proto: enum solo.io.envoy.config.route.v3.RedirectAction.RedirectResponseCode is already registered
	previously from: "github.com/solo-io/gloo/projects/gloo/pkg/api/external/envoy/config/route/v3"
	currently from:  "github.com/solo-io/solo-apis/pkg/api/gloo.solo.io/external/envoy/config/route/v3"
See https://developers.google.com/protocol-buffers/docs/reference/go/faq#namespace-conflict

WARNING: proto: message solo.io.envoy.config.route.v3.VirtualHost is already registered
	previously from: "github.com/solo-io/gloo/projects/gloo/pkg/api/external/envoy/config/route/v3"
	currently from:  "github.com/solo-io/solo-apis/pkg/api/gloo.solo.io/external/envoy/config/route/v3"
See https://developers.google.com/protocol-buffers/docs/reference/go/faq#namespace-conflict

WARNING: proto: message solo.io.envoy.config.route.v3.FilterAction is already registered
	previously from: "github.com/solo-io/gloo/projects/gloo/pkg/api/external/envoy/config/route/v3"
	currently from:  "github.com/solo-io/solo-apis/pkg/api/gloo.solo.io/external/envoy/config/route/v3"
See https://developers.google.com/protocol-buffers/docs/reference/go/faq#namespace-conflict

WARNING: proto: message solo.io.envoy.config.route.v3.Route is already registered
	previously from: "github.com/solo-io/gloo/projects/gloo/pkg/api/external/envoy/config/route/v3"
	currently from:  "github.com/solo-io/solo-apis/pkg/api/gloo.solo.io/external/envoy/config/route/v3"
See https://developers.google.com/protocol-buffers/docs/reference/go/faq#namespace-conflict

WARNING: proto: message solo.io.envoy.config.route.v3.WeightedCluster is already registered
	previously from: "github.com/solo-io/gloo/projects/gloo/pkg/api/external/envoy/config/route/v3"
	currently from:  "github.com/solo-io/solo-apis/pkg/api/gloo.solo.io/external/envoy/config/route/v3"
See https://developers.google.com/protocol-buffers/docs/reference/go/faq#namespace-conflict

WARNING: proto: message solo.io.envoy.config.route.v3.RouteMatch is already registered
	previously from: "github.com/solo-io/gloo/projects/gloo/pkg/api/external/envoy/config/route/v3"
	currently from:  "github.com/solo-io/solo-apis/pkg/api/gloo.solo.io/external/envoy/config/route/v3"
See https://developers.google.com/protocol-buffers/docs/reference/go/faq#namespace-conflict

WARNING: proto: message solo.io.envoy.config.route.v3.CorsPolicy is already registered
	previously from: "github.com/solo-io/gloo/projects/gloo/pkg/api/external/envoy/config/route/v3"
	currently from:  "github.com/solo-io/solo-apis/pkg/api/gloo.solo.io/external/envoy/config/route/v3"
See https://developers.google.com/protocol-buffers/docs/reference/go/faq#namespace-conflict

WARNING: proto: message solo.io.envoy.config.route.v3.RouteAction is already registered
	previously from: "github.com/solo-io/gloo/projects/gloo/pkg/api/external/envoy/config/route/v3"
	currently from:  "github.com/solo-io/solo-apis/pkg/api/gloo.solo.io/external/envoy/config/route/v3"
See https://developers.google.com/protocol-buffers/docs/reference/go/faq#namespace-conflict

WARNING: proto: message solo.io.envoy.config.route.v3.RetryPolicy is already registered
	previously from: "github.com/solo-io/gloo/projects/gloo/pkg/api/external/envoy/config/route/v3"
	currently from:  "github.com/solo-io/solo-apis/pkg/api/gloo.solo.io/external/envoy/config/route/v3"
See https://developers.google.com/protocol-buffers/docs/reference/go/faq#namespace-conflict

WARNING: proto: message solo.io.envoy.config.route.v3.HedgePolicy is already registered
	previously from: "github.com/solo-io/gloo/projects/gloo/pkg/api/external/envoy/config/route/v3"
	currently from:  "github.com/solo-io/solo-apis/pkg/api/gloo.solo.io/external/envoy/config/route/v3"
See https://developers.google.com/protocol-buffers/docs/reference/go/faq#namespace-conflict

WARNING: proto: message solo.io.envoy.config.route.v3.RedirectAction is already registered
	previously from: "github.com/solo-io/gloo/projects/gloo/pkg/api/external/envoy/config/route/v3"
	currently from:  "github.com/solo-io/solo-apis/pkg/api/gloo.solo.io/external/envoy/config/route/v3"
See https://developers.google.com/protocol-buffers/docs/reference/go/faq#namespace-conflict

WARNING: proto: message solo.io.envoy.config.route.v3.DirectResponseAction is already registered
	previously from: "github.com/solo-io/gloo/projects/gloo/pkg/api/external/envoy/config/route/v3"
	currently from:  "github.com/solo-io/solo-apis/pkg/api/gloo.solo.io/external/envoy/config/route/v3"
See https://developers.google.com/protocol-buffers/docs/reference/go/faq#namespace-conflict

WARNING: proto: message solo.io.envoy.config.route.v3.Decorator is already registered
	previously from: "github.com/solo-io/gloo/projects/gloo/pkg/api/external/envoy/config/route/v3"
	currently from:  "github.com/solo-io/solo-apis/pkg/api/gloo.solo.io/external/envoy/config/route/v3"
See https://developers.google.com/protocol-buffers/docs/reference/go/faq#namespace-conflict

WARNING: proto: message solo.io.envoy.config.route.v3.Tracing is already registered
	previously from: "github.com/solo-io/gloo/projects/gloo/pkg/api/external/envoy/config/route/v3"
	currently from:  "github.com/solo-io/solo-apis/pkg/api/gloo.solo.io/external/envoy/config/route/v3"
See https://developers.google.com/protocol-buffers/docs/reference/go/faq#namespace-conflict

WARNING: proto: message solo.io.envoy.config.route.v3.VirtualCluster is already registered
	previously from: "github.com/solo-io/gloo/projects/gloo/pkg/api/external/envoy/config/route/v3"
	currently from:  "github.com/solo-io/solo-apis/pkg/api/gloo.solo.io/external/envoy/config/route/v3"
See https://developers.google.com/protocol-buffers/docs/reference/go/faq#namespace-conflict

WARNING: proto: message solo.io.envoy.config.route.v3.RateLimit is already registered
	previously from: "github.com/solo-io/gloo/projects/gloo/pkg/api/external/envoy/config/route/v3"
	currently from:  "github.com/solo-io/solo-apis/pkg/api/gloo.solo.io/external/envoy/config/route/v3"
See https://developers.google.com/protocol-buffers/docs/reference/go/faq#namespace-conflict

WARNING: proto: message solo.io.envoy.config.route.v3.HeaderMatcher is already registered
	previously from: "github.com/solo-io/gloo/projects/gloo/pkg/api/external/envoy/config/route/v3"
	currently from:  "github.com/solo-io/solo-apis/pkg/api/gloo.solo.io/external/envoy/config/route/v3"
See https://developers.google.com/protocol-buffers/docs/reference/go/faq#namespace-conflict

WARNING: proto: message solo.io.envoy.config.route.v3.QueryParameterMatcher is already registered
	previously from: "github.com/solo-io/gloo/projects/gloo/pkg/api/external/envoy/config/route/v3"
	currently from:  "github.com/solo-io/solo-apis/pkg/api/gloo.solo.io/external/envoy/config/route/v3"
See https://developers.google.com/protocol-buffers/docs/reference/go/faq#namespace-conflict

WARNING: proto: message solo.io.envoy.config.route.v3.InternalRedirectPolicy is already registered
	previously from: "github.com/solo-io/gloo/projects/gloo/pkg/api/external/envoy/config/route/v3"
	currently from:  "github.com/solo-io/solo-apis/pkg/api/gloo.solo.io/external/envoy/config/route/v3"
See https://developers.google.com/protocol-buffers/docs/reference/go/faq#namespace-conflict

WARNING: proto: message solo.io.envoy.config.route.v3.WeightedCluster.ClusterWeight is already registered
	previously from: "github.com/solo-io/gloo/projects/gloo/pkg/api/external/envoy/config/route/v3"
	currently from:  "github.com/solo-io/solo-apis/pkg/api/gloo.solo.io/external/envoy/config/route/v3"
See https://developers.google.com/protocol-buffers/docs/reference/go/faq#namespace-conflict

WARNING: proto: message solo.io.envoy.config.route.v3.RouteMatch.GrpcRouteMatchOptions is already registered
	previously from: "github.com/solo-io/gloo/projects/gloo/pkg/api/external/envoy/config/route/v3"
	currently from:  "github.com/solo-io/solo-apis/pkg/api/gloo.solo.io/external/envoy/config/route/v3"
See https://developers.google.com/protocol-buffers/docs/reference/go/faq#namespace-conflict

WARNING: proto: message solo.io.envoy.config.route.v3.RouteMatch.TlsContextMatchOptions is already registered
	previously from: "github.com/solo-io/gloo/projects/gloo/pkg/api/external/envoy/config/route/v3"
	currently from:  "github.com/solo-io/solo-apis/pkg/api/gloo.solo.io/external/envoy/config/route/v3"
See https://developers.google.com/protocol-buffers/docs/reference/go/faq#namespace-conflict

WARNING: proto: message solo.io.envoy.config.route.v3.RouteMatch.ConnectMatcher is already registered
	previously from: "github.com/solo-io/gloo/projects/gloo/pkg/api/external/envoy/config/route/v3"
	currently from:  "github.com/solo-io/solo-apis/pkg/api/gloo.solo.io/external/envoy/config/route/v3"
See https://developers.google.com/protocol-buffers/docs/reference/go/faq#namespace-conflict

WARNING: proto: message solo.io.envoy.config.route.v3.RouteAction.RequestMirrorPolicy is already registered
	previously from: "github.com/solo-io/gloo/projects/gloo/pkg/api/external/envoy/config/route/v3"
	currently from:  "github.com/solo-io/solo-apis/pkg/api/gloo.solo.io/external/envoy/config/route/v3"
See https://developers.google.com/protocol-buffers/docs/reference/go/faq#namespace-conflict

WARNING: proto: message solo.io.envoy.config.route.v3.RouteAction.HashPolicy is already registered
	previously from: "github.com/solo-io/gloo/projects/gloo/pkg/api/external/envoy/config/route/v3"
	currently from:  "github.com/solo-io/solo-apis/pkg/api/gloo.solo.io/external/envoy/config/route/v3"
See https://developers.google.com/protocol-buffers/docs/reference/go/faq#namespace-conflict

WARNING: proto: message solo.io.envoy.config.route.v3.RouteAction.UpgradeConfig is already registered
	previously from: "github.com/solo-io/gloo/projects/gloo/pkg/api/external/envoy/config/route/v3"
	currently from:  "github.com/solo-io/solo-apis/pkg/api/gloo.solo.io/external/envoy/config/route/v3"
See https://developers.google.com/protocol-buffers/docs/reference/go/faq#namespace-conflict

WARNING: proto: message solo.io.envoy.config.route.v3.RouteAction.HashPolicy.Header is already registered
	previously from: "github.com/solo-io/gloo/projects/gloo/pkg/api/external/envoy/config/route/v3"
	currently from:  "github.com/solo-io/solo-apis/pkg/api/gloo.solo.io/external/envoy/config/route/v3"
See https://developers.google.com/protocol-buffers/docs/reference/go/faq#namespace-conflict

WARNING: proto: message solo.io.envoy.config.route.v3.RouteAction.HashPolicy.Cookie is already registered
	previously from: "github.com/solo-io/gloo/projects/gloo/pkg/api/external/envoy/config/route/v3"
	currently from:  "github.com/solo-io/solo-apis/pkg/api/gloo.solo.io/external/envoy/config/route/v3"
See https://developers.google.com/protocol-buffers/docs/reference/go/faq#namespace-conflict

WARNING: proto: message solo.io.envoy.config.route.v3.RouteAction.HashPolicy.ConnectionProperties is already registered
	previously from: "github.com/solo-io/gloo/projects/gloo/pkg/api/external/envoy/config/route/v3"
	currently from:  "github.com/solo-io/solo-apis/pkg/api/gloo.solo.io/external/envoy/config/route/v3"
See https://developers.google.com/protocol-buffers/docs/reference/go/faq#namespace-conflict

WARNING: proto: message solo.io.envoy.config.route.v3.RouteAction.HashPolicy.QueryParameter is already registered
	previously from: "github.com/solo-io/gloo/projects/gloo/pkg/api/external/envoy/config/route/v3"
	currently from:  "github.com/solo-io/solo-apis/pkg/api/gloo.solo.io/external/envoy/config/route/v3"
See https://developers.google.com/protocol-buffers/docs/reference/go/faq#namespace-conflict

WARNING: proto: message solo.io.envoy.config.route.v3.RouteAction.HashPolicy.FilterState is already registered
	previously from: "github.com/solo-io/gloo/projects/gloo/pkg/api/external/envoy/config/route/v3"
	currently from:  "github.com/solo-io/solo-apis/pkg/api/gloo.solo.io/external/envoy/config/route/v3"
See https://developers.google.com/protocol-buffers/docs/reference/go/faq#namespace-conflict

WARNING: proto: message solo.io.envoy.config.route.v3.RouteAction.UpgradeConfig.ConnectConfig is already registered
	previously from: "github.com/solo-io/gloo/projects/gloo/pkg/api/external/envoy/config/route/v3"
	currently from:  "github.com/solo-io/solo-apis/pkg/api/gloo.solo.io/external/envoy/config/route/v3"
See https://developers.google.com/protocol-buffers/docs/reference/go/faq#namespace-conflict

WARNING: proto: message solo.io.envoy.config.route.v3.RetryPolicy.RetryPriority is already registered
	previously from: "github.com/solo-io/gloo/projects/gloo/pkg/api/external/envoy/config/route/v3"
	currently from:  "github.com/solo-io/solo-apis/pkg/api/gloo.solo.io/external/envoy/config/route/v3"
See https://developers.google.com/protocol-buffers/docs/reference/go/faq#namespace-conflict

WARNING: proto: message solo.io.envoy.config.route.v3.RetryPolicy.RetryHostPredicate is already registered
	previously from: "github.com/solo-io/gloo/projects/gloo/pkg/api/external/envoy/config/route/v3"
	currently from:  "github.com/solo-io/solo-apis/pkg/api/gloo.solo.io/external/envoy/config/route/v3"
See https://developers.google.com/protocol-buffers/docs/reference/go/faq#namespace-conflict

WARNING: proto: message solo.io.envoy.config.route.v3.RetryPolicy.RetryBackOff is already registered
	previously from: "github.com/solo-io/gloo/projects/gloo/pkg/api/external/envoy/config/route/v3"
	currently from:  "github.com/solo-io/solo-apis/pkg/api/gloo.solo.io/external/envoy/config/route/v3"
See https://developers.google.com/protocol-buffers/docs/reference/go/faq#namespace-conflict

WARNING: proto: message solo.io.envoy.config.route.v3.RateLimit.Action is already registered
	previously from: "github.com/solo-io/gloo/projects/gloo/pkg/api/external/envoy/config/route/v3"
	currently from:  "github.com/solo-io/solo-apis/pkg/api/gloo.solo.io/external/envoy/config/route/v3"
See https://developers.google.com/protocol-buffers/docs/reference/go/faq#namespace-conflict

WARNING: proto: message solo.io.envoy.config.route.v3.RateLimit.Override is already registered
	previously from: "github.com/solo-io/gloo/projects/gloo/pkg/api/external/envoy/config/route/v3"
	currently from:  "github.com/solo-io/solo-apis/pkg/api/gloo.solo.io/external/envoy/config/route/v3"
See https://developers.google.com/protocol-buffers/docs/reference/go/faq#namespace-conflict

WARNING: proto: message solo.io.envoy.config.route.v3.RateLimit.Action.SourceCluster is already registered
	previously from: "github.com/solo-io/gloo/projects/gloo/pkg/api/external/envoy/config/route/v3"
	currently from:  "github.com/solo-io/solo-apis/pkg/api/gloo.solo.io/external/envoy/config/route/v3"
See https://developers.google.com/protocol-buffers/docs/reference/go/faq#namespace-conflict

WARNING: proto: message solo.io.envoy.config.route.v3.RateLimit.Action.DestinationCluster is already registered
	previously from: "github.com/solo-io/gloo/projects/gloo/pkg/api/external/envoy/config/route/v3"
	currently from:  "github.com/solo-io/solo-apis/pkg/api/gloo.solo.io/external/envoy/config/route/v3"
See https://developers.google.com/protocol-buffers/docs/reference/go/faq#namespace-conflict

WARNING: proto: message solo.io.envoy.config.route.v3.RateLimit.Action.RequestHeaders is already registered
	previously from: "github.com/solo-io/gloo/projects/gloo/pkg/api/external/envoy/config/route/v3"
	currently from:  "github.com/solo-io/solo-apis/pkg/api/gloo.solo.io/external/envoy/config/route/v3"
See https://developers.google.com/protocol-buffers/docs/reference/go/faq#namespace-conflict

WARNING: proto: message solo.io.envoy.config.route.v3.RateLimit.Action.RemoteAddress is already registered
	previously from: "github.com/solo-io/gloo/projects/gloo/pkg/api/external/envoy/config/route/v3"
	currently from:  "github.com/solo-io/solo-apis/pkg/api/gloo.solo.io/external/envoy/config/route/v3"
See https://developers.google.com/protocol-buffers/docs/reference/go/faq#namespace-conflict

WARNING: proto: message solo.io.envoy.config.route.v3.RateLimit.Action.GenericKey is already registered
	previously from: "github.com/solo-io/gloo/projects/gloo/pkg/api/external/envoy/config/route/v3"
	currently from:  "github.com/solo-io/solo-apis/pkg/api/gloo.solo.io/external/envoy/config/route/v3"
See https://developers.google.com/protocol-buffers/docs/reference/go/faq#namespace-conflict

WARNING: proto: message solo.io.envoy.config.route.v3.RateLimit.Action.HeaderValueMatch is already registered
	previously from: "github.com/solo-io/gloo/projects/gloo/pkg/api/external/envoy/config/route/v3"
	currently from:  "github.com/solo-io/solo-apis/pkg/api/gloo.solo.io/external/envoy/config/route/v3"
See https://developers.google.com/protocol-buffers/docs/reference/go/faq#namespace-conflict

WARNING: proto: message solo.io.envoy.config.route.v3.RateLimit.Action.DynamicMetaData is already registered
	previously from: "github.com/solo-io/gloo/projects/gloo/pkg/api/external/envoy/config/route/v3"
	currently from:  "github.com/solo-io/solo-apis/pkg/api/gloo.solo.io/external/envoy/config/route/v3"
See https://developers.google.com/protocol-buffers/docs/reference/go/faq#namespace-conflict

WARNING: proto: message solo.io.envoy.config.route.v3.RateLimit.Override.DynamicMetadata is already registered
	previously from: "github.com/solo-io/gloo/projects/gloo/pkg/api/external/envoy/config/route/v3"
	currently from:  "github.com/solo-io/solo-apis/pkg/api/gloo.solo.io/external/envoy/config/route/v3"
See https://developers.google.com/protocol-buffers/docs/reference/go/faq#namespace-conflict

WARNING: proto: file "github.com/solo-io/solo-apis/api/gloo/gloo/external/envoy/extensions/transformation_ee/transformation.proto" has a name conflict over envoy.config.filter.http.transformation_ee.v2.RegexAction
	previously from: "github.com/solo-io/gloo/projects/gloo/pkg/api/external/envoy/extensions/transformation_ee"
	currently from:  "github.com/solo-io/solo-apis/pkg/api/gloo.solo.io/external/envoy/extensions/transformation_ee"
See https://developers.google.com/protocol-buffers/docs/reference/go/faq#namespace-conflict

WARNING: proto: file "github.com/solo-io/solo-apis/api/gloo/gloo/external/envoy/extensions/transformation_ee/transformation.proto" has a name conflict over envoy.config.filter.http.transformation_ee.v2.Action
	previously from: "github.com/solo-io/gloo/projects/gloo/pkg/api/external/envoy/extensions/transformation_ee"
	currently from:  "github.com/solo-io/solo-apis/pkg/api/gloo.solo.io/external/envoy/extensions/transformation_ee"
See https://developers.google.com/protocol-buffers/docs/reference/go/faq#namespace-conflict

WARNING: proto: file "github.com/solo-io/solo-apis/api/gloo/gloo/external/envoy/extensions/transformation_ee/transformation.proto" has a name conflict over envoy.config.filter.http.transformation_ee.v2.DlpTransformation
	previously from: "github.com/solo-io/gloo/projects/gloo/pkg/api/external/envoy/extensions/transformation_ee"
	currently from:  "github.com/solo-io/solo-apis/pkg/api/gloo.solo.io/external/envoy/extensions/transformation_ee"
See https://developers.google.com/protocol-buffers/docs/reference/go/faq#namespace-conflict

WARNING: proto: file "github.com/solo-io/solo-apis/api/gloo/gloo/external/envoy/extensions/transformation_ee/transformation.proto" has a name conflict over envoy.config.filter.http.transformation_ee.v2.Transformation
	previously from: "github.com/solo-io/gloo/projects/gloo/pkg/api/external/envoy/extensions/transformation_ee"
	currently from:  "github.com/solo-io/solo-apis/pkg/api/gloo.solo.io/external/envoy/extensions/transformation_ee"
See https://developers.google.com/protocol-buffers/docs/reference/go/faq#namespace-conflict

WARNING: proto: file "github.com/solo-io/solo-apis/api/gloo/gloo/external/envoy/extensions/transformation_ee/transformation.proto" has a name conflict over envoy.config.filter.http.transformation_ee.v2.RouteTransformations
	previously from: "github.com/solo-io/gloo/projects/gloo/pkg/api/external/envoy/extensions/transformation_ee"
	currently from:  "github.com/solo-io/solo-apis/pkg/api/gloo.solo.io/external/envoy/extensions/transformation_ee"
See https://developers.google.com/protocol-buffers/docs/reference/go/faq#namespace-conflict

WARNING: proto: file "github.com/solo-io/solo-apis/api/gloo/gloo/external/envoy/extensions/transformation_ee/transformation.proto" has a name conflict over envoy.config.filter.http.transformation_ee.v2.TransformationRule
	previously from: "github.com/solo-io/gloo/projects/gloo/pkg/api/external/envoy/extensions/transformation_ee"
	currently from:  "github.com/solo-io/solo-apis/pkg/api/gloo.solo.io/external/envoy/extensions/transformation_ee"
See https://developers.google.com/protocol-buffers/docs/reference/go/faq#namespace-conflict

WARNING: proto: file "github.com/solo-io/solo-apis/api/gloo/gloo/external/envoy/extensions/transformation_ee/transformation.proto" has a name conflict over envoy.config.filter.http.transformation_ee.v2.FilterTransformations
	previously from: "github.com/solo-io/gloo/projects/gloo/pkg/api/external/envoy/extensions/transformation_ee"
	currently from:  "github.com/solo-io/solo-apis/pkg/api/gloo.solo.io/external/envoy/extensions/transformation_ee"
See https://developers.google.com/protocol-buffers/docs/reference/go/faq#namespace-conflict

WARNING: proto: message envoy.config.filter.http.transformation_ee.v2.FilterTransformations is already registered
	previously from: "github.com/solo-io/gloo/projects/gloo/pkg/api/external/envoy/extensions/transformation_ee"
	currently from:  "github.com/solo-io/solo-apis/pkg/api/gloo.solo.io/external/envoy/extensions/transformation_ee"
See https://developers.google.com/protocol-buffers/docs/reference/go/faq#namespace-conflict

WARNING: proto: message envoy.config.filter.http.transformation_ee.v2.TransformationRule is already registered
	previously from: "github.com/solo-io/gloo/projects/gloo/pkg/api/external/envoy/extensions/transformation_ee"
	currently from:  "github.com/solo-io/solo-apis/pkg/api/gloo.solo.io/external/envoy/extensions/transformation_ee"
See https://developers.google.com/protocol-buffers/docs/reference/go/faq#namespace-conflict

WARNING: proto: message envoy.config.filter.http.transformation_ee.v2.RouteTransformations is already registered
	previously from: "github.com/solo-io/gloo/projects/gloo/pkg/api/external/envoy/extensions/transformation_ee"
	currently from:  "github.com/solo-io/solo-apis/pkg/api/gloo.solo.io/external/envoy/extensions/transformation_ee"
See https://developers.google.com/protocol-buffers/docs/reference/go/faq#namespace-conflict

WARNING: proto: message envoy.config.filter.http.transformation_ee.v2.Transformation is already registered
	previously from: "github.com/solo-io/gloo/projects/gloo/pkg/api/external/envoy/extensions/transformation_ee"
	currently from:  "github.com/solo-io/solo-apis/pkg/api/gloo.solo.io/external/envoy/extensions/transformation_ee"
See https://developers.google.com/protocol-buffers/docs/reference/go/faq#namespace-conflict

WARNING: proto: message envoy.config.filter.http.transformation_ee.v2.DlpTransformation is already registered
	previously from: "github.com/solo-io/gloo/projects/gloo/pkg/api/external/envoy/extensions/transformation_ee"
	currently from:  "github.com/solo-io/solo-apis/pkg/api/gloo.solo.io/external/envoy/extensions/transformation_ee"
See https://developers.google.com/protocol-buffers/docs/reference/go/faq#namespace-conflict

WARNING: proto: message envoy.config.filter.http.transformation_ee.v2.Action is already registered
	previously from: "github.com/solo-io/gloo/projects/gloo/pkg/api/external/envoy/extensions/transformation_ee"
	currently from:  "github.com/solo-io/solo-apis/pkg/api/gloo.solo.io/external/envoy/extensions/transformation_ee"
See https://developers.google.com/protocol-buffers/docs/reference/go/faq#namespace-conflict

WARNING: proto: message envoy.config.filter.http.transformation_ee.v2.RegexAction is already registered
	previously from: "github.com/solo-io/gloo/projects/gloo/pkg/api/external/envoy/extensions/transformation_ee"
	currently from:  "github.com/solo-io/solo-apis/pkg/api/gloo.solo.io/external/envoy/extensions/transformation_ee"
See https://developers.google.com/protocol-buffers/docs/reference/go/faq#namespace-conflict

WARNING: proto: message envoy.config.filter.http.transformation_ee.v2.Action.RegexMatcher is already registered
	previously from: "github.com/solo-io/gloo/projects/gloo/pkg/api/external/envoy/extensions/transformation_ee"
	currently from:  "github.com/solo-io/solo-apis/pkg/api/gloo.solo.io/external/envoy/extensions/transformation_ee"
See https://developers.google.com/protocol-buffers/docs/reference/go/faq#namespace-conflict

WARNING: proto: message envoy.config.filter.http.transformation_ee.v2.Action.KeyValueMatcher is already registered
	previously from: "github.com/solo-io/gloo/projects/gloo/pkg/api/external/envoy/extensions/transformation_ee"
	currently from:  "github.com/solo-io/solo-apis/pkg/api/gloo.solo.io/external/envoy/extensions/transformation_ee"
See https://developers.google.com/protocol-buffers/docs/reference/go/faq#namespace-conflict

WARNING: proto: message envoy.config.filter.http.transformation_ee.v2.Action.DlpMatcher is already registered
	previously from: "github.com/solo-io/gloo/projects/gloo/pkg/api/external/envoy/extensions/transformation_ee"
	currently from:  "github.com/solo-io/solo-apis/pkg/api/gloo.solo.io/external/envoy/extensions/transformation_ee"
See https://developers.google.com/protocol-buffers/docs/reference/go/faq#namespace-conflict

WARNING: proto: file "github.com/solo-io/solo-apis/api/gloo/gloo/v1/core/matchers/matchers.proto" has a name conflict over matchers.core.gloo.solo.io.QueryParameterMatcher
	previously from: "github.com/solo-io/gloo/projects/gloo/pkg/api/v1/core/matchers"
	currently from:  "github.com/solo-io/solo-apis/pkg/api/gloo.solo.io/v1/core/matchers"
See https://developers.google.com/protocol-buffers/docs/reference/go/faq#namespace-conflict

WARNING: proto: file "github.com/solo-io/solo-apis/api/gloo/gloo/v1/core/matchers/matchers.proto" has a name conflict over matchers.core.gloo.solo.io.HeaderMatcher
	previously from: "github.com/solo-io/gloo/projects/gloo/pkg/api/v1/core/matchers"
	currently from:  "github.com/solo-io/solo-apis/pkg/api/gloo.solo.io/v1/core/matchers"
See https://developers.google.com/protocol-buffers/docs/reference/go/faq#namespace-conflict

WARNING: proto: file "github.com/solo-io/solo-apis/api/gloo/gloo/v1/core/matchers/matchers.proto" has a name conflict over matchers.core.gloo.solo.io.Matcher
	previously from: "github.com/solo-io/gloo/projects/gloo/pkg/api/v1/core/matchers"
	currently from:  "github.com/solo-io/solo-apis/pkg/api/gloo.solo.io/v1/core/matchers"
See https://developers.google.com/protocol-buffers/docs/reference/go/faq#namespace-conflict

WARNING: proto: message matchers.core.gloo.solo.io.Matcher is already registered
	previously from: "github.com/solo-io/gloo/projects/gloo/pkg/api/v1/core/matchers"
	currently from:  "github.com/solo-io/solo-apis/pkg/api/gloo.solo.io/v1/core/matchers"
See https://developers.google.com/protocol-buffers/docs/reference/go/faq#namespace-conflict

WARNING: proto: message matchers.core.gloo.solo.io.HeaderMatcher is already registered
	previously from: "github.com/solo-io/gloo/projects/gloo/pkg/api/v1/core/matchers"
	currently from:  "github.com/solo-io/solo-apis/pkg/api/gloo.solo.io/v1/core/matchers"
See https://developers.google.com/protocol-buffers/docs/reference/go/faq#namespace-conflict

WARNING: proto: message matchers.core.gloo.solo.io.QueryParameterMatcher is already registered
	previously from: "github.com/solo-io/gloo/projects/gloo/pkg/api/v1/core/matchers"
	currently from:  "github.com/solo-io/solo-apis/pkg/api/gloo.solo.io/v1/core/matchers"
See https://developers.google.com/protocol-buffers/docs/reference/go/faq#namespace-conflict

WARNING: proto: file "github.com/solo-io/solo-apis/api/gloo/gloo/v1/enterprise/options/dlp/dlp.proto" has a name conflict over dlp.options.gloo.solo.io.KeyValueAction
	previously from: "github.com/solo-io/gloo/projects/gloo/pkg/api/v1/enterprise/options/dlp"
	currently from:  "github.com/solo-io/solo-apis/pkg/api/gloo.solo.io/v1/enterprise/options/dlp"
See https://developers.google.com/protocol-buffers/docs/reference/go/faq#namespace-conflict

WARNING: proto: file "github.com/solo-io/solo-apis/api/gloo/gloo/v1/enterprise/options/dlp/dlp.proto" has a name conflict over dlp.options.gloo.solo.io.CustomAction
	previously from: "github.com/solo-io/gloo/projects/gloo/pkg/api/v1/enterprise/options/dlp"
	currently from:  "github.com/solo-io/solo-apis/pkg/api/gloo.solo.io/v1/enterprise/options/dlp"
See https://developers.google.com/protocol-buffers/docs/reference/go/faq#namespace-conflict

WARNING: proto: file "github.com/solo-io/solo-apis/api/gloo/gloo/v1/enterprise/options/dlp/dlp.proto" has a name conflict over dlp.options.gloo.solo.io.Action
	previously from: "github.com/solo-io/gloo/projects/gloo/pkg/api/v1/enterprise/options/dlp"
	currently from:  "github.com/solo-io/solo-apis/pkg/api/gloo.solo.io/v1/enterprise/options/dlp"
See https://developers.google.com/protocol-buffers/docs/reference/go/faq#namespace-conflict

WARNING: proto: file "github.com/solo-io/solo-apis/api/gloo/gloo/v1/enterprise/options/dlp/dlp.proto" has a name conflict over dlp.options.gloo.solo.io.Config
	previously from: "github.com/solo-io/gloo/projects/gloo/pkg/api/v1/enterprise/options/dlp"
	currently from:  "github.com/solo-io/solo-apis/pkg/api/gloo.solo.io/v1/enterprise/options/dlp"
See https://developers.google.com/protocol-buffers/docs/reference/go/faq#namespace-conflict

WARNING: proto: file "github.com/solo-io/solo-apis/api/gloo/gloo/v1/enterprise/options/dlp/dlp.proto" has a name conflict over dlp.options.gloo.solo.io.DlpRule
	previously from: "github.com/solo-io/gloo/projects/gloo/pkg/api/v1/enterprise/options/dlp"
	currently from:  "github.com/solo-io/solo-apis/pkg/api/gloo.solo.io/v1/enterprise/options/dlp"
See https://developers.google.com/protocol-buffers/docs/reference/go/faq#namespace-conflict

WARNING: proto: file "github.com/solo-io/solo-apis/api/gloo/gloo/v1/enterprise/options/dlp/dlp.proto" has a name conflict over dlp.options.gloo.solo.io.FilterConfig
	previously from: "github.com/solo-io/gloo/projects/gloo/pkg/api/v1/enterprise/options/dlp"
	currently from:  "github.com/solo-io/solo-apis/pkg/api/gloo.solo.io/v1/enterprise/options/dlp"
See https://developers.google.com/protocol-buffers/docs/reference/go/faq#namespace-conflict

WARNING: proto: enum dlp.options.gloo.solo.io.FilterConfig.EnableFor is already registered
	previously from: "github.com/solo-io/gloo/projects/gloo/pkg/api/v1/enterprise/options/dlp"
	currently from:  "github.com/solo-io/solo-apis/pkg/api/gloo.solo.io/v1/enterprise/options/dlp"
See https://developers.google.com/protocol-buffers/docs/reference/go/faq#namespace-conflict

WARNING: proto: enum dlp.options.gloo.solo.io.Config.EnableFor is already registered
	previously from: "github.com/solo-io/gloo/projects/gloo/pkg/api/v1/enterprise/options/dlp"
	currently from:  "github.com/solo-io/solo-apis/pkg/api/gloo.solo.io/v1/enterprise/options/dlp"
See https://developers.google.com/protocol-buffers/docs/reference/go/faq#namespace-conflict

WARNING: proto: enum dlp.options.gloo.solo.io.Action.ActionType is already registered
	previously from: "github.com/solo-io/gloo/projects/gloo/pkg/api/v1/enterprise/options/dlp"
	currently from:  "github.com/solo-io/solo-apis/pkg/api/gloo.solo.io/v1/enterprise/options/dlp"
See https://developers.google.com/protocol-buffers/docs/reference/go/faq#namespace-conflict

WARNING: proto: message dlp.options.gloo.solo.io.FilterConfig is already registered
	previously from: "github.com/solo-io/gloo/projects/gloo/pkg/api/v1/enterprise/options/dlp"
	currently from:  "github.com/solo-io/solo-apis/pkg/api/gloo.solo.io/v1/enterprise/options/dlp"
See https://developers.google.com/protocol-buffers/docs/reference/go/faq#namespace-conflict

WARNING: proto: message dlp.options.gloo.solo.io.DlpRule is already registered
	previously from: "github.com/solo-io/gloo/projects/gloo/pkg/api/v1/enterprise/options/dlp"
	currently from:  "github.com/solo-io/solo-apis/pkg/api/gloo.solo.io/v1/enterprise/options/dlp"
See https://developers.google.com/protocol-buffers/docs/reference/go/faq#namespace-conflict

WARNING: proto: message dlp.options.gloo.solo.io.Config is already registered
	previously from: "github.com/solo-io/gloo/projects/gloo/pkg/api/v1/enterprise/options/dlp"
	currently from:  "github.com/solo-io/solo-apis/pkg/api/gloo.solo.io/v1/enterprise/options/dlp"
See https://developers.google.com/protocol-buffers/docs/reference/go/faq#namespace-conflict

WARNING: proto: message dlp.options.gloo.solo.io.Action is already registered
	previously from: "github.com/solo-io/gloo/projects/gloo/pkg/api/v1/enterprise/options/dlp"
	currently from:  "github.com/solo-io/solo-apis/pkg/api/gloo.solo.io/v1/enterprise/options/dlp"
See https://developers.google.com/protocol-buffers/docs/reference/go/faq#namespace-conflict

WARNING: proto: message dlp.options.gloo.solo.io.CustomAction is already registered
	previously from: "github.com/solo-io/gloo/projects/gloo/pkg/api/v1/enterprise/options/dlp"
	currently from:  "github.com/solo-io/solo-apis/pkg/api/gloo.solo.io/v1/enterprise/options/dlp"
See https://developers.google.com/protocol-buffers/docs/reference/go/faq#namespace-conflict

WARNING: proto: message dlp.options.gloo.solo.io.KeyValueAction is already registered
	previously from: "github.com/solo-io/gloo/projects/gloo/pkg/api/v1/enterprise/options/dlp"
	currently from:  "github.com/solo-io/solo-apis/pkg/api/gloo.solo.io/v1/enterprise/options/dlp"
See https://developers.google.com/protocol-buffers/docs/reference/go/faq#namespace-conflict

WARNING: proto: file "github.com/solo-io/solo-apis/api/gloo/gloo/external/envoy/extensions/filters/http/jwt_authn/v3/config.proto" has a name conflict over solo.io.envoy.extensions.filters.http.jwt_authn.v3.PerRouteConfig
	previously from: "github.com/solo-io/gloo/projects/gloo/pkg/api/external/envoy/extensions/filters/http/jwt_authn/v3"
	currently from:  "github.com/solo-io/solo-apis/pkg/api/gloo.solo.io/external/envoy/extensions/filters/http/jwt_authn/v3"
See https://developers.google.com/protocol-buffers/docs/reference/go/faq#namespace-conflict

WARNING: proto: file "github.com/solo-io/solo-apis/api/gloo/gloo/external/envoy/extensions/filters/http/jwt_authn/v3/config.proto" has a name conflict over solo.io.envoy.extensions.filters.http.jwt_authn.v3.JwtAuthentication
	previously from: "github.com/solo-io/gloo/projects/gloo/pkg/api/external/envoy/extensions/filters/http/jwt_authn/v3"
	currently from:  "github.com/solo-io/solo-apis/pkg/api/gloo.solo.io/external/envoy/extensions/filters/http/jwt_authn/v3"
See https://developers.google.com/protocol-buffers/docs/reference/go/faq#namespace-conflict

WARNING: proto: file "github.com/solo-io/solo-apis/api/gloo/gloo/external/envoy/extensions/filters/http/jwt_authn/v3/config.proto" has a name conflict over solo.io.envoy.extensions.filters.http.jwt_authn.v3.FilterStateRule
	previously from: "github.com/solo-io/gloo/projects/gloo/pkg/api/external/envoy/extensions/filters/http/jwt_authn/v3"
	currently from:  "github.com/solo-io/solo-apis/pkg/api/gloo.solo.io/external/envoy/extensions/filters/http/jwt_authn/v3"
See https://developers.google.com/protocol-buffers/docs/reference/go/faq#namespace-conflict

WARNING: proto: file "github.com/solo-io/solo-apis/api/gloo/gloo/external/envoy/extensions/filters/http/jwt_authn/v3/config.proto" has a name conflict over solo.io.envoy.extensions.filters.http.jwt_authn.v3.RequirementRule
	previously from: "github.com/solo-io/gloo/projects/gloo/pkg/api/external/envoy/extensions/filters/http/jwt_authn/v3"
	currently from:  "github.com/solo-io/solo-apis/pkg/api/gloo.solo.io/external/envoy/extensions/filters/http/jwt_authn/v3"
See https://developers.google.com/protocol-buffers/docs/reference/go/faq#namespace-conflict

WARNING: proto: file "github.com/solo-io/solo-apis/api/gloo/gloo/external/envoy/extensions/filters/http/jwt_authn/v3/config.proto" has a name conflict over solo.io.envoy.extensions.filters.http.jwt_authn.v3.JwtRequirementAndList
	previously from: "github.com/solo-io/gloo/projects/gloo/pkg/api/external/envoy/extensions/filters/http/jwt_authn/v3"
	currently from:  "github.com/solo-io/solo-apis/pkg/api/gloo.solo.io/external/envoy/extensions/filters/http/jwt_authn/v3"
See https://developers.google.com/protocol-buffers/docs/reference/go/faq#namespace-conflict

WARNING: proto: file "github.com/solo-io/solo-apis/api/gloo/gloo/external/envoy/extensions/filters/http/jwt_authn/v3/config.proto" has a name conflict over solo.io.envoy.extensions.filters.http.jwt_authn.v3.JwtRequirementOrList
	previously from: "github.com/solo-io/gloo/projects/gloo/pkg/api/external/envoy/extensions/filters/http/jwt_authn/v3"
	currently from:  "github.com/solo-io/solo-apis/pkg/api/gloo.solo.io/external/envoy/extensions/filters/http/jwt_authn/v3"
See https://developers.google.com/protocol-buffers/docs/reference/go/faq#namespace-conflict

WARNING: proto: file "github.com/solo-io/solo-apis/api/gloo/gloo/external/envoy/extensions/filters/http/jwt_authn/v3/config.proto" has a name conflict over solo.io.envoy.extensions.filters.http.jwt_authn.v3.JwtRequirement
	previously from: "github.com/solo-io/gloo/projects/gloo/pkg/api/external/envoy/extensions/filters/http/jwt_authn/v3"
	currently from:  "github.com/solo-io/solo-apis/pkg/api/gloo.solo.io/external/envoy/extensions/filters/http/jwt_authn/v3"
See https://developers.google.com/protocol-buffers/docs/reference/go/faq#namespace-conflict

WARNING: proto: file "github.com/solo-io/solo-apis/api/gloo/gloo/external/envoy/extensions/filters/http/jwt_authn/v3/config.proto" has a name conflict over solo.io.envoy.extensions.filters.http.jwt_authn.v3.ProviderWithAudiences
	previously from: "github.com/solo-io/gloo/projects/gloo/pkg/api/external/envoy/extensions/filters/http/jwt_authn/v3"
	currently from:  "github.com/solo-io/solo-apis/pkg/api/gloo.solo.io/external/envoy/extensions/filters/http/jwt_authn/v3"
See https://developers.google.com/protocol-buffers/docs/reference/go/faq#namespace-conflict

WARNING: proto: file "github.com/solo-io/solo-apis/api/gloo/gloo/external/envoy/extensions/filters/http/jwt_authn/v3/config.proto" has a name conflict over solo.io.envoy.extensions.filters.http.jwt_authn.v3.JwtHeader
	previously from: "github.com/solo-io/gloo/projects/gloo/pkg/api/external/envoy/extensions/filters/http/jwt_authn/v3"
	currently from:  "github.com/solo-io/solo-apis/pkg/api/gloo.solo.io/external/envoy/extensions/filters/http/jwt_authn/v3"
See https://developers.google.com/protocol-buffers/docs/reference/go/faq#namespace-conflict

WARNING: proto: file "github.com/solo-io/solo-apis/api/gloo/gloo/external/envoy/extensions/filters/http/jwt_authn/v3/config.proto" has a name conflict over solo.io.envoy.extensions.filters.http.jwt_authn.v3.JwksAsyncFetch
	previously from: "github.com/solo-io/gloo/projects/gloo/pkg/api/external/envoy/extensions/filters/http/jwt_authn/v3"
	currently from:  "github.com/solo-io/solo-apis/pkg/api/gloo.solo.io/external/envoy/extensions/filters/http/jwt_authn/v3"
See https://developers.google.com/protocol-buffers/docs/reference/go/faq#namespace-conflict

WARNING: proto: file "github.com/solo-io/solo-apis/api/gloo/gloo/external/envoy/extensions/filters/http/jwt_authn/v3/config.proto" has a name conflict over solo.io.envoy.extensions.filters.http.jwt_authn.v3.RemoteJwks
	previously from: "github.com/solo-io/gloo/projects/gloo/pkg/api/external/envoy/extensions/filters/http/jwt_authn/v3"
	currently from:  "github.com/solo-io/solo-apis/pkg/api/gloo.solo.io/external/envoy/extensions/filters/http/jwt_authn/v3"
See https://developers.google.com/protocol-buffers/docs/reference/go/faq#namespace-conflict

WARNING: proto: file "github.com/solo-io/solo-apis/api/gloo/gloo/external/envoy/extensions/filters/http/jwt_authn/v3/config.proto" has a name conflict over solo.io.envoy.extensions.filters.http.jwt_authn.v3.JwtProvider
	previously from: "github.com/solo-io/gloo/projects/gloo/pkg/api/external/envoy/extensions/filters/http/jwt_authn/v3"
	currently from:  "github.com/solo-io/solo-apis/pkg/api/gloo.solo.io/external/envoy/extensions/filters/http/jwt_authn/v3"
See https://developers.google.com/protocol-buffers/docs/reference/go/faq#namespace-conflict

WARNING: proto: message solo.io.envoy.extensions.filters.http.jwt_authn.v3.JwtProvider is already registered
	previously from: "github.com/solo-io/gloo/projects/gloo/pkg/api/external/envoy/extensions/filters/http/jwt_authn/v3"
	currently from:  "github.com/solo-io/solo-apis/pkg/api/gloo.solo.io/external/envoy/extensions/filters/http/jwt_authn/v3"
See https://developers.google.com/protocol-buffers/docs/reference/go/faq#namespace-conflict

WARNING: proto: message solo.io.envoy.extensions.filters.http.jwt_authn.v3.RemoteJwks is already registered
	previously from: "github.com/solo-io/gloo/projects/gloo/pkg/api/external/envoy/extensions/filters/http/jwt_authn/v3"
	currently from:  "github.com/solo-io/solo-apis/pkg/api/gloo.solo.io/external/envoy/extensions/filters/http/jwt_authn/v3"
See https://developers.google.com/protocol-buffers/docs/reference/go/faq#namespace-conflict

WARNING: proto: message solo.io.envoy.extensions.filters.http.jwt_authn.v3.JwksAsyncFetch is already registered
	previously from: "github.com/solo-io/gloo/projects/gloo/pkg/api/external/envoy/extensions/filters/http/jwt_authn/v3"
	currently from:  "github.com/solo-io/solo-apis/pkg/api/gloo.solo.io/external/envoy/extensions/filters/http/jwt_authn/v3"
See https://developers.google.com/protocol-buffers/docs/reference/go/faq#namespace-conflict

WARNING: proto: message solo.io.envoy.extensions.filters.http.jwt_authn.v3.JwtHeader is already registered
	previously from: "github.com/solo-io/gloo/projects/gloo/pkg/api/external/envoy/extensions/filters/http/jwt_authn/v3"
	currently from:  "github.com/solo-io/solo-apis/pkg/api/gloo.solo.io/external/envoy/extensions/filters/http/jwt_authn/v3"
See https://developers.google.com/protocol-buffers/docs/reference/go/faq#namespace-conflict

WARNING: proto: message solo.io.envoy.extensions.filters.http.jwt_authn.v3.ProviderWithAudiences is already registered
	previously from: "github.com/solo-io/gloo/projects/gloo/pkg/api/external/envoy/extensions/filters/http/jwt_authn/v3"
	currently from:  "github.com/solo-io/solo-apis/pkg/api/gloo.solo.io/external/envoy/extensions/filters/http/jwt_authn/v3"
See https://developers.google.com/protocol-buffers/docs/reference/go/faq#namespace-conflict

WARNING: proto: message solo.io.envoy.extensions.filters.http.jwt_authn.v3.JwtRequirement is already registered
	previously from: "github.com/solo-io/gloo/projects/gloo/pkg/api/external/envoy/extensions/filters/http/jwt_authn/v3"
	currently from:  "github.com/solo-io/solo-apis/pkg/api/gloo.solo.io/external/envoy/extensions/filters/http/jwt_authn/v3"
See https://developers.google.com/protocol-buffers/docs/reference/go/faq#namespace-conflict

WARNING: proto: message solo.io.envoy.extensions.filters.http.jwt_authn.v3.JwtRequirementOrList is already registered
	previously from: "github.com/solo-io/gloo/projects/gloo/pkg/api/external/envoy/extensions/filters/http/jwt_authn/v3"
	currently from:  "github.com/solo-io/solo-apis/pkg/api/gloo.solo.io/external/envoy/extensions/filters/http/jwt_authn/v3"
See https://developers.google.com/protocol-buffers/docs/reference/go/faq#namespace-conflict

WARNING: proto: message solo.io.envoy.extensions.filters.http.jwt_authn.v3.JwtRequirementAndList is already registered
	previously from: "github.com/solo-io/gloo/projects/gloo/pkg/api/external/envoy/extensions/filters/http/jwt_authn/v3"
	currently from:  "github.com/solo-io/solo-apis/pkg/api/gloo.solo.io/external/envoy/extensions/filters/http/jwt_authn/v3"
See https://developers.google.com/protocol-buffers/docs/reference/go/faq#namespace-conflict

WARNING: proto: message solo.io.envoy.extensions.filters.http.jwt_authn.v3.RequirementRule is already registered
	previously from: "github.com/solo-io/gloo/projects/gloo/pkg/api/external/envoy/extensions/filters/http/jwt_authn/v3"
	currently from:  "github.com/solo-io/solo-apis/pkg/api/gloo.solo.io/external/envoy/extensions/filters/http/jwt_authn/v3"
See https://developers.google.com/protocol-buffers/docs/reference/go/faq#namespace-conflict

WARNING: proto: message solo.io.envoy.extensions.filters.http.jwt_authn.v3.FilterStateRule is already registered
	previously from: "github.com/solo-io/gloo/projects/gloo/pkg/api/external/envoy/extensions/filters/http/jwt_authn/v3"
	currently from:  "github.com/solo-io/solo-apis/pkg/api/gloo.solo.io/external/envoy/extensions/filters/http/jwt_authn/v3"
See https://developers.google.com/protocol-buffers/docs/reference/go/faq#namespace-conflict

WARNING: proto: message solo.io.envoy.extensions.filters.http.jwt_authn.v3.JwtAuthentication is already registered
	previously from: "github.com/solo-io/gloo/projects/gloo/pkg/api/external/envoy/extensions/filters/http/jwt_authn/v3"
	currently from:  "github.com/solo-io/solo-apis/pkg/api/gloo.solo.io/external/envoy/extensions/filters/http/jwt_authn/v3"
See https://developers.google.com/protocol-buffers/docs/reference/go/faq#namespace-conflict

WARNING: proto: message solo.io.envoy.extensions.filters.http.jwt_authn.v3.PerRouteConfig is already registered
	previously from: "github.com/solo-io/gloo/projects/gloo/pkg/api/external/envoy/extensions/filters/http/jwt_authn/v3"
	currently from:  "github.com/solo-io/solo-apis/pkg/api/gloo.solo.io/external/envoy/extensions/filters/http/jwt_authn/v3"
See https://developers.google.com/protocol-buffers/docs/reference/go/faq#namespace-conflict

WARNING: proto: file "github.com/solo-io/solo-apis/api/gloo/gloo/v1/enterprise/options/jwt/jwt.proto" has a name conflict over jwt.options.gloo.solo.io.ClaimToHeader
	previously from: "github.com/solo-io/gloo/projects/gloo/pkg/api/v1/enterprise/options/jwt"
	currently from:  "github.com/solo-io/solo-apis/pkg/api/gloo.solo.io/v1/enterprise/options/jwt"
See https://developers.google.com/protocol-buffers/docs/reference/go/faq#namespace-conflict

WARNING: proto: file "github.com/solo-io/solo-apis/api/gloo/gloo/v1/enterprise/options/jwt/jwt.proto" has a name conflict over jwt.options.gloo.solo.io.TokenSource
	previously from: "github.com/solo-io/gloo/projects/gloo/pkg/api/v1/enterprise/options/jwt"
	currently from:  "github.com/solo-io/solo-apis/pkg/api/gloo.solo.io/v1/enterprise/options/jwt"
See https://developers.google.com/protocol-buffers/docs/reference/go/faq#namespace-conflict

WARNING: proto: file "github.com/solo-io/solo-apis/api/gloo/gloo/v1/enterprise/options/jwt/jwt.proto" has a name conflict over jwt.options.gloo.solo.io.LocalJwks
	previously from: "github.com/solo-io/gloo/projects/gloo/pkg/api/v1/enterprise/options/jwt"
	currently from:  "github.com/solo-io/solo-apis/pkg/api/gloo.solo.io/v1/enterprise/options/jwt"
See https://developers.google.com/protocol-buffers/docs/reference/go/faq#namespace-conflict

WARNING: proto: file "github.com/solo-io/solo-apis/api/gloo/gloo/v1/enterprise/options/jwt/jwt.proto" has a name conflict over jwt.options.gloo.solo.io.RemoteJwks
	previously from: "github.com/solo-io/gloo/projects/gloo/pkg/api/v1/enterprise/options/jwt"
	currently from:  "github.com/solo-io/solo-apis/pkg/api/gloo.solo.io/v1/enterprise/options/jwt"
See https://developers.google.com/protocol-buffers/docs/reference/go/faq#namespace-conflict

WARNING: proto: file "github.com/solo-io/solo-apis/api/gloo/gloo/v1/enterprise/options/jwt/jwt.proto" has a name conflict over jwt.options.gloo.solo.io.Jwks
	previously from: "github.com/solo-io/gloo/projects/gloo/pkg/api/v1/enterprise/options/jwt"
	currently from:  "github.com/solo-io/solo-apis/pkg/api/gloo.solo.io/v1/enterprise/options/jwt"
See https://developers.google.com/protocol-buffers/docs/reference/go/faq#namespace-conflict

WARNING: proto: file "github.com/solo-io/solo-apis/api/gloo/gloo/v1/enterprise/options/jwt/jwt.proto" has a name conflict over jwt.options.gloo.solo.io.Provider
	previously from: "github.com/solo-io/gloo/projects/gloo/pkg/api/v1/enterprise/options/jwt"
	currently from:  "github.com/solo-io/solo-apis/pkg/api/gloo.solo.io/v1/enterprise/options/jwt"
See https://developers.google.com/protocol-buffers/docs/reference/go/faq#namespace-conflict

WARNING: proto: file "github.com/solo-io/solo-apis/api/gloo/gloo/v1/enterprise/options/jwt/jwt.proto" has a name conflict over jwt.options.gloo.solo.io.RouteExtension
	previously from: "github.com/solo-io/gloo/projects/gloo/pkg/api/v1/enterprise/options/jwt"
	currently from:  "github.com/solo-io/solo-apis/pkg/api/gloo.solo.io/v1/enterprise/options/jwt"
See https://developers.google.com/protocol-buffers/docs/reference/go/faq#namespace-conflict

WARNING: proto: file "github.com/solo-io/solo-apis/api/gloo/gloo/v1/enterprise/options/jwt/jwt.proto" has a name conflict over jwt.options.gloo.solo.io.VhostExtension
	previously from: "github.com/solo-io/gloo/projects/gloo/pkg/api/v1/enterprise/options/jwt"
	currently from:  "github.com/solo-io/solo-apis/pkg/api/gloo.solo.io/v1/enterprise/options/jwt"
See https://developers.google.com/protocol-buffers/docs/reference/go/faq#namespace-conflict

WARNING: proto: file "github.com/solo-io/solo-apis/api/gloo/gloo/v1/enterprise/options/jwt/jwt.proto" has a name conflict over jwt.options.gloo.solo.io.JwtStagedRouteExtension
	previously from: "github.com/solo-io/gloo/projects/gloo/pkg/api/v1/enterprise/options/jwt"
	currently from:  "github.com/solo-io/solo-apis/pkg/api/gloo.solo.io/v1/enterprise/options/jwt"
See https://developers.google.com/protocol-buffers/docs/reference/go/faq#namespace-conflict

WARNING: proto: file "github.com/solo-io/solo-apis/api/gloo/gloo/v1/enterprise/options/jwt/jwt.proto" has a name conflict over jwt.options.gloo.solo.io.JwtStagedVhostExtension
	previously from: "github.com/solo-io/gloo/projects/gloo/pkg/api/v1/enterprise/options/jwt"
	currently from:  "github.com/solo-io/solo-apis/pkg/api/gloo.solo.io/v1/enterprise/options/jwt"
See https://developers.google.com/protocol-buffers/docs/reference/go/faq#namespace-conflict

WARNING: proto: message jwt.options.gloo.solo.io.JwtStagedVhostExtension is already registered
	previously from: "github.com/solo-io/gloo/projects/gloo/pkg/api/v1/enterprise/options/jwt"
	currently from:  "github.com/solo-io/solo-apis/pkg/api/gloo.solo.io/v1/enterprise/options/jwt"
See https://developers.google.com/protocol-buffers/docs/reference/go/faq#namespace-conflict

WARNING: proto: message jwt.options.gloo.solo.io.JwtStagedRouteExtension is already registered
	previously from: "github.com/solo-io/gloo/projects/gloo/pkg/api/v1/enterprise/options/jwt"
	currently from:  "github.com/solo-io/solo-apis/pkg/api/gloo.solo.io/v1/enterprise/options/jwt"
See https://developers.google.com/protocol-buffers/docs/reference/go/faq#namespace-conflict

WARNING: proto: message jwt.options.gloo.solo.io.VhostExtension is already registered
	previously from: "github.com/solo-io/gloo/projects/gloo/pkg/api/v1/enterprise/options/jwt"
	currently from:  "github.com/solo-io/solo-apis/pkg/api/gloo.solo.io/v1/enterprise/options/jwt"
See https://developers.google.com/protocol-buffers/docs/reference/go/faq#namespace-conflict

WARNING: proto: message jwt.options.gloo.solo.io.RouteExtension is already registered
	previously from: "github.com/solo-io/gloo/projects/gloo/pkg/api/v1/enterprise/options/jwt"
	currently from:  "github.com/solo-io/solo-apis/pkg/api/gloo.solo.io/v1/enterprise/options/jwt"
See https://developers.google.com/protocol-buffers/docs/reference/go/faq#namespace-conflict

WARNING: proto: message jwt.options.gloo.solo.io.Provider is already registered
	previously from: "github.com/solo-io/gloo/projects/gloo/pkg/api/v1/enterprise/options/jwt"
	currently from:  "github.com/solo-io/solo-apis/pkg/api/gloo.solo.io/v1/enterprise/options/jwt"
See https://developers.google.com/protocol-buffers/docs/reference/go/faq#namespace-conflict

WARNING: proto: message jwt.options.gloo.solo.io.Jwks is already registered
	previously from: "github.com/solo-io/gloo/projects/gloo/pkg/api/v1/enterprise/options/jwt"
	currently from:  "github.com/solo-io/solo-apis/pkg/api/gloo.solo.io/v1/enterprise/options/jwt"
See https://developers.google.com/protocol-buffers/docs/reference/go/faq#namespace-conflict

WARNING: proto: message jwt.options.gloo.solo.io.RemoteJwks is already registered
	previously from: "github.com/solo-io/gloo/projects/gloo/pkg/api/v1/enterprise/options/jwt"
	currently from:  "github.com/solo-io/solo-apis/pkg/api/gloo.solo.io/v1/enterprise/options/jwt"
See https://developers.google.com/protocol-buffers/docs/reference/go/faq#namespace-conflict

WARNING: proto: message jwt.options.gloo.solo.io.LocalJwks is already registered
	previously from: "github.com/solo-io/gloo/projects/gloo/pkg/api/v1/enterprise/options/jwt"
	currently from:  "github.com/solo-io/solo-apis/pkg/api/gloo.solo.io/v1/enterprise/options/jwt"
See https://developers.google.com/protocol-buffers/docs/reference/go/faq#namespace-conflict

WARNING: proto: message jwt.options.gloo.solo.io.TokenSource is already registered
	previously from: "github.com/solo-io/gloo/projects/gloo/pkg/api/v1/enterprise/options/jwt"
	currently from:  "github.com/solo-io/solo-apis/pkg/api/gloo.solo.io/v1/enterprise/options/jwt"
See https://developers.google.com/protocol-buffers/docs/reference/go/faq#namespace-conflict

WARNING: proto: message jwt.options.gloo.solo.io.ClaimToHeader is already registered
	previously from: "github.com/solo-io/gloo/projects/gloo/pkg/api/v1/enterprise/options/jwt"
	currently from:  "github.com/solo-io/solo-apis/pkg/api/gloo.solo.io/v1/enterprise/options/jwt"
See https://developers.google.com/protocol-buffers/docs/reference/go/faq#namespace-conflict

WARNING: proto: message jwt.options.gloo.solo.io.TokenSource.HeaderSource is already registered
	previously from: "github.com/solo-io/gloo/projects/gloo/pkg/api/v1/enterprise/options/jwt"
	currently from:  "github.com/solo-io/solo-apis/pkg/api/gloo.solo.io/v1/enterprise/options/jwt"
See https://developers.google.com/protocol-buffers/docs/reference/go/faq#namespace-conflict

WARNING: proto: file "github.com/solo-io/solo-apis/api/gloo/gloo/v1/enterprise/options/ratelimit/ratelimit.proto" has a name conflict over ratelimit.options.gloo.solo.io.RateLimitRouteExtension
	previously from: "github.com/solo-io/gloo/projects/gloo/pkg/api/v1/enterprise/options/ratelimit"
	currently from:  "github.com/solo-io/solo-apis/pkg/api/gloo.solo.io/v1/enterprise/options/ratelimit"
See https://developers.google.com/protocol-buffers/docs/reference/go/faq#namespace-conflict

WARNING: proto: file "github.com/solo-io/solo-apis/api/gloo/gloo/v1/enterprise/options/ratelimit/ratelimit.proto" has a name conflict over ratelimit.options.gloo.solo.io.RateLimitVhostExtension
	previously from: "github.com/solo-io/gloo/projects/gloo/pkg/api/v1/enterprise/options/ratelimit"
	currently from:  "github.com/solo-io/solo-apis/pkg/api/gloo.solo.io/v1/enterprise/options/ratelimit"
See https://developers.google.com/protocol-buffers/docs/reference/go/faq#namespace-conflict

WARNING: proto: file "github.com/solo-io/solo-apis/api/gloo/gloo/v1/enterprise/options/ratelimit/ratelimit.proto" has a name conflict over ratelimit.options.gloo.solo.io.RateLimitConfigRef
	previously from: "github.com/solo-io/gloo/projects/gloo/pkg/api/v1/enterprise/options/ratelimit"
	currently from:  "github.com/solo-io/solo-apis/pkg/api/gloo.solo.io/v1/enterprise/options/ratelimit"
See https://developers.google.com/protocol-buffers/docs/reference/go/faq#namespace-conflict

WARNING: proto: file "github.com/solo-io/solo-apis/api/gloo/gloo/v1/enterprise/options/ratelimit/ratelimit.proto" has a name conflict over ratelimit.options.gloo.solo.io.RateLimitConfigRefs
	previously from: "github.com/solo-io/gloo/projects/gloo/pkg/api/v1/enterprise/options/ratelimit"
	currently from:  "github.com/solo-io/solo-apis/pkg/api/gloo.solo.io/v1/enterprise/options/ratelimit"
See https://developers.google.com/protocol-buffers/docs/reference/go/faq#namespace-conflict

WARNING: proto: file "github.com/solo-io/solo-apis/api/gloo/gloo/v1/enterprise/options/ratelimit/ratelimit.proto" has a name conflict over ratelimit.options.gloo.solo.io.ServiceSettings
	previously from: "github.com/solo-io/gloo/projects/gloo/pkg/api/v1/enterprise/options/ratelimit"
	currently from:  "github.com/solo-io/solo-apis/pkg/api/gloo.solo.io/v1/enterprise/options/ratelimit"
See https://developers.google.com/protocol-buffers/docs/reference/go/faq#namespace-conflict

WARNING: proto: file "github.com/solo-io/solo-apis/api/gloo/gloo/v1/enterprise/options/ratelimit/ratelimit.proto" has a name conflict over ratelimit.options.gloo.solo.io.Settings
	previously from: "github.com/solo-io/gloo/projects/gloo/pkg/api/v1/enterprise/options/ratelimit"
	currently from:  "github.com/solo-io/solo-apis/pkg/api/gloo.solo.io/v1/enterprise/options/ratelimit"
See https://developers.google.com/protocol-buffers/docs/reference/go/faq#namespace-conflict

WARNING: proto: file "github.com/solo-io/solo-apis/api/gloo/gloo/v1/enterprise/options/ratelimit/ratelimit.proto" has a name conflict over ratelimit.options.gloo.solo.io.IngressRateLimit
	previously from: "github.com/solo-io/gloo/projects/gloo/pkg/api/v1/enterprise/options/ratelimit"
	currently from:  "github.com/solo-io/solo-apis/pkg/api/gloo.solo.io/v1/enterprise/options/ratelimit"
See https://developers.google.com/protocol-buffers/docs/reference/go/faq#namespace-conflict

WARNING: proto: message ratelimit.options.gloo.solo.io.IngressRateLimit is already registered
	previously from: "github.com/solo-io/gloo/projects/gloo/pkg/api/v1/enterprise/options/ratelimit"
	currently from:  "github.com/solo-io/solo-apis/pkg/api/gloo.solo.io/v1/enterprise/options/ratelimit"
See https://developers.google.com/protocol-buffers/docs/reference/go/faq#namespace-conflict

WARNING: proto: message ratelimit.options.gloo.solo.io.Settings is already registered
	previously from: "github.com/solo-io/gloo/projects/gloo/pkg/api/v1/enterprise/options/ratelimit"
	currently from:  "github.com/solo-io/solo-apis/pkg/api/gloo.solo.io/v1/enterprise/options/ratelimit"
See https://developers.google.com/protocol-buffers/docs/reference/go/faq#namespace-conflict

WARNING: proto: message ratelimit.options.gloo.solo.io.ServiceSettings is already registered
	previously from: "github.com/solo-io/gloo/projects/gloo/pkg/api/v1/enterprise/options/ratelimit"
	currently from:  "github.com/solo-io/solo-apis/pkg/api/gloo.solo.io/v1/enterprise/options/ratelimit"
See https://developers.google.com/protocol-buffers/docs/reference/go/faq#namespace-conflict

WARNING: proto: message ratelimit.options.gloo.solo.io.RateLimitConfigRefs is already registered
	previously from: "github.com/solo-io/gloo/projects/gloo/pkg/api/v1/enterprise/options/ratelimit"
	currently from:  "github.com/solo-io/solo-apis/pkg/api/gloo.solo.io/v1/enterprise/options/ratelimit"
See https://developers.google.com/protocol-buffers/docs/reference/go/faq#namespace-conflict

WARNING: proto: message ratelimit.options.gloo.solo.io.RateLimitConfigRef is already registered
	previously from: "github.com/solo-io/gloo/projects/gloo/pkg/api/v1/enterprise/options/ratelimit"
	currently from:  "github.com/solo-io/solo-apis/pkg/api/gloo.solo.io/v1/enterprise/options/ratelimit"
See https://developers.google.com/protocol-buffers/docs/reference/go/faq#namespace-conflict

WARNING: proto: message ratelimit.options.gloo.solo.io.RateLimitVhostExtension is already registered
	previously from: "github.com/solo-io/gloo/projects/gloo/pkg/api/v1/enterprise/options/ratelimit"
	currently from:  "github.com/solo-io/solo-apis/pkg/api/gloo.solo.io/v1/enterprise/options/ratelimit"
See https://developers.google.com/protocol-buffers/docs/reference/go/faq#namespace-conflict

WARNING: proto: message ratelimit.options.gloo.solo.io.RateLimitRouteExtension is already registered
	previously from: "github.com/solo-io/gloo/projects/gloo/pkg/api/v1/enterprise/options/ratelimit"
	currently from:  "github.com/solo-io/solo-apis/pkg/api/gloo.solo.io/v1/enterprise/options/ratelimit"
See https://developers.google.com/protocol-buffers/docs/reference/go/faq#namespace-conflict

WARNING: proto: file "github.com/solo-io/solo-apis/api/gloo/gloo/v1/enterprise/options/rbac/rbac.proto" has a name conflict over rbac.options.gloo.solo.io.Permissions
	previously from: "github.com/solo-io/gloo/projects/gloo/pkg/api/v1/enterprise/options/rbac"
	currently from:  "github.com/solo-io/solo-apis/pkg/api/gloo.solo.io/v1/enterprise/options/rbac"
See https://developers.google.com/protocol-buffers/docs/reference/go/faq#namespace-conflict

WARNING: proto: file "github.com/solo-io/solo-apis/api/gloo/gloo/v1/enterprise/options/rbac/rbac.proto" has a name conflict over rbac.options.gloo.solo.io.JWTPrincipal
	previously from: "github.com/solo-io/gloo/projects/gloo/pkg/api/v1/enterprise/options/rbac"
	currently from:  "github.com/solo-io/solo-apis/pkg/api/gloo.solo.io/v1/enterprise/options/rbac"
See https://developers.google.com/protocol-buffers/docs/reference/go/faq#namespace-conflict

WARNING: proto: file "github.com/solo-io/solo-apis/api/gloo/gloo/v1/enterprise/options/rbac/rbac.proto" has a name conflict over rbac.options.gloo.solo.io.Principal
	previously from: "github.com/solo-io/gloo/projects/gloo/pkg/api/v1/enterprise/options/rbac"
	currently from:  "github.com/solo-io/solo-apis/pkg/api/gloo.solo.io/v1/enterprise/options/rbac"
See https://developers.google.com/protocol-buffers/docs/reference/go/faq#namespace-conflict

WARNING: proto: file "github.com/solo-io/solo-apis/api/gloo/gloo/v1/enterprise/options/rbac/rbac.proto" has a name conflict over rbac.options.gloo.solo.io.Policy
	previously from: "github.com/solo-io/gloo/projects/gloo/pkg/api/v1/enterprise/options/rbac"
	currently from:  "github.com/solo-io/solo-apis/pkg/api/gloo.solo.io/v1/enterprise/options/rbac"
See https://developers.google.com/protocol-buffers/docs/reference/go/faq#namespace-conflict

WARNING: proto: file "github.com/solo-io/solo-apis/api/gloo/gloo/v1/enterprise/options/rbac/rbac.proto" has a name conflict over rbac.options.gloo.solo.io.ExtensionSettings
	previously from: "github.com/solo-io/gloo/projects/gloo/pkg/api/v1/enterprise/options/rbac"
	currently from:  "github.com/solo-io/solo-apis/pkg/api/gloo.solo.io/v1/enterprise/options/rbac"
See https://developers.google.com/protocol-buffers/docs/reference/go/faq#namespace-conflict

WARNING: proto: file "github.com/solo-io/solo-apis/api/gloo/gloo/v1/enterprise/options/rbac/rbac.proto" has a name conflict over rbac.options.gloo.solo.io.Settings
	previously from: "github.com/solo-io/gloo/projects/gloo/pkg/api/v1/enterprise/options/rbac"
	currently from:  "github.com/solo-io/solo-apis/pkg/api/gloo.solo.io/v1/enterprise/options/rbac"
See https://developers.google.com/protocol-buffers/docs/reference/go/faq#namespace-conflict

WARNING: proto: enum rbac.options.gloo.solo.io.JWTPrincipal.ClaimMatcher is already registered
	previously from: "github.com/solo-io/gloo/projects/gloo/pkg/api/v1/enterprise/options/rbac"
	currently from:  "github.com/solo-io/solo-apis/pkg/api/gloo.solo.io/v1/enterprise/options/rbac"
See https://developers.google.com/protocol-buffers/docs/reference/go/faq#namespace-conflict

WARNING: proto: message rbac.options.gloo.solo.io.Settings is already registered
	previously from: "github.com/solo-io/gloo/projects/gloo/pkg/api/v1/enterprise/options/rbac"
	currently from:  "github.com/solo-io/solo-apis/pkg/api/gloo.solo.io/v1/enterprise/options/rbac"
See https://developers.google.com/protocol-buffers/docs/reference/go/faq#namespace-conflict

WARNING: proto: message rbac.options.gloo.solo.io.ExtensionSettings is already registered
	previously from: "github.com/solo-io/gloo/projects/gloo/pkg/api/v1/enterprise/options/rbac"
	currently from:  "github.com/solo-io/solo-apis/pkg/api/gloo.solo.io/v1/enterprise/options/rbac"
See https://developers.google.com/protocol-buffers/docs/reference/go/faq#namespace-conflict

WARNING: proto: message rbac.options.gloo.solo.io.Policy is already registered
	previously from: "github.com/solo-io/gloo/projects/gloo/pkg/api/v1/enterprise/options/rbac"
	currently from:  "github.com/solo-io/solo-apis/pkg/api/gloo.solo.io/v1/enterprise/options/rbac"
See https://developers.google.com/protocol-buffers/docs/reference/go/faq#namespace-conflict

WARNING: proto: message rbac.options.gloo.solo.io.Principal is already registered
	previously from: "github.com/solo-io/gloo/projects/gloo/pkg/api/v1/enterprise/options/rbac"
	currently from:  "github.com/solo-io/solo-apis/pkg/api/gloo.solo.io/v1/enterprise/options/rbac"
See https://developers.google.com/protocol-buffers/docs/reference/go/faq#namespace-conflict

WARNING: proto: message rbac.options.gloo.solo.io.JWTPrincipal is already registered
	previously from: "github.com/solo-io/gloo/projects/gloo/pkg/api/v1/enterprise/options/rbac"
	currently from:  "github.com/solo-io/solo-apis/pkg/api/gloo.solo.io/v1/enterprise/options/rbac"
See https://developers.google.com/protocol-buffers/docs/reference/go/faq#namespace-conflict

WARNING: proto: message rbac.options.gloo.solo.io.Permissions is already registered
	previously from: "github.com/solo-io/gloo/projects/gloo/pkg/api/v1/enterprise/options/rbac"
	currently from:  "github.com/solo-io/solo-apis/pkg/api/gloo.solo.io/v1/enterprise/options/rbac"
See https://developers.google.com/protocol-buffers/docs/reference/go/faq#namespace-conflict

WARNING: proto: file "github.com/solo-io/solo-apis/api/gloo/gloo/external/envoy/extensions/waf/waf.proto" has a name conflict over envoy.config.filter.http.modsecurity.v2.ModSecurityPerRoute
	previously from: "github.com/solo-io/gloo/projects/gloo/pkg/api/external/envoy/extensions/waf"
	currently from:  "github.com/solo-io/solo-apis/pkg/api/gloo.solo.io/external/envoy/extensions/waf"
See https://developers.google.com/protocol-buffers/docs/reference/go/faq#namespace-conflict

WARNING: proto: file "github.com/solo-io/solo-apis/api/gloo/gloo/external/envoy/extensions/waf/waf.proto" has a name conflict over envoy.config.filter.http.modsecurity.v2.RuleSet
	previously from: "github.com/solo-io/gloo/projects/gloo/pkg/api/external/envoy/extensions/waf"
	currently from:  "github.com/solo-io/solo-apis/pkg/api/gloo.solo.io/external/envoy/extensions/waf"
See https://developers.google.com/protocol-buffers/docs/reference/go/faq#namespace-conflict

WARNING: proto: file "github.com/solo-io/solo-apis/api/gloo/gloo/external/envoy/extensions/waf/waf.proto" has a name conflict over envoy.config.filter.http.modsecurity.v2.ModSecurity
	previously from: "github.com/solo-io/gloo/projects/gloo/pkg/api/external/envoy/extensions/waf"
	currently from:  "github.com/solo-io/solo-apis/pkg/api/gloo.solo.io/external/envoy/extensions/waf"
See https://developers.google.com/protocol-buffers/docs/reference/go/faq#namespace-conflict

WARNING: proto: file "github.com/solo-io/solo-apis/api/gloo/gloo/external/envoy/extensions/waf/waf.proto" has a name conflict over envoy.config.filter.http.modsecurity.v2.AuditLogging
	previously from: "github.com/solo-io/gloo/projects/gloo/pkg/api/external/envoy/extensions/waf"
	currently from:  "github.com/solo-io/solo-apis/pkg/api/gloo.solo.io/external/envoy/extensions/waf"
See https://developers.google.com/protocol-buffers/docs/reference/go/faq#namespace-conflict

WARNING: proto: enum envoy.config.filter.http.modsecurity.v2.AuditLogging.AuditLogAction is already registered
	previously from: "github.com/solo-io/gloo/projects/gloo/pkg/api/external/envoy/extensions/waf"
	currently from:  "github.com/solo-io/solo-apis/pkg/api/gloo.solo.io/external/envoy/extensions/waf"
See https://developers.google.com/protocol-buffers/docs/reference/go/faq#namespace-conflict

WARNING: proto: enum envoy.config.filter.http.modsecurity.v2.AuditLogging.AuditLogLocation is already registered
	previously from: "github.com/solo-io/gloo/projects/gloo/pkg/api/external/envoy/extensions/waf"
	currently from:  "github.com/solo-io/solo-apis/pkg/api/gloo.solo.io/external/envoy/extensions/waf"
See https://developers.google.com/protocol-buffers/docs/reference/go/faq#namespace-conflict

WARNING: proto: message envoy.config.filter.http.modsecurity.v2.AuditLogging is already registered
	previously from: "github.com/solo-io/gloo/projects/gloo/pkg/api/external/envoy/extensions/waf"
	currently from:  "github.com/solo-io/solo-apis/pkg/api/gloo.solo.io/external/envoy/extensions/waf"
See https://developers.google.com/protocol-buffers/docs/reference/go/faq#namespace-conflict

WARNING: proto: message envoy.config.filter.http.modsecurity.v2.ModSecurity is already registered
	previously from: "github.com/solo-io/gloo/projects/gloo/pkg/api/external/envoy/extensions/waf"
	currently from:  "github.com/solo-io/solo-apis/pkg/api/gloo.solo.io/external/envoy/extensions/waf"
See https://developers.google.com/protocol-buffers/docs/reference/go/faq#namespace-conflict

WARNING: proto: message envoy.config.filter.http.modsecurity.v2.RuleSet is already registered
	previously from: "github.com/solo-io/gloo/projects/gloo/pkg/api/external/envoy/extensions/waf"
	currently from:  "github.com/solo-io/solo-apis/pkg/api/gloo.solo.io/external/envoy/extensions/waf"
See https://developers.google.com/protocol-buffers/docs/reference/go/faq#namespace-conflict

WARNING: proto: message envoy.config.filter.http.modsecurity.v2.ModSecurityPerRoute is already registered
	previously from: "github.com/solo-io/gloo/projects/gloo/pkg/api/external/envoy/extensions/waf"
	currently from:  "github.com/solo-io/solo-apis/pkg/api/gloo.solo.io/external/envoy/extensions/waf"
See https://developers.google.com/protocol-buffers/docs/reference/go/faq#namespace-conflict

WARNING: proto: file "github.com/solo-io/solo-apis/api/gloo/gloo/v1/enterprise/options/waf/waf.proto" has a name conflict over waf.options.gloo.solo.io.CoreRuleSet
	previously from: "github.com/solo-io/gloo/projects/gloo/pkg/api/v1/enterprise/options/waf"
	currently from:  "github.com/solo-io/solo-apis/pkg/api/gloo.solo.io/v1/enterprise/options/waf"
See https://developers.google.com/protocol-buffers/docs/reference/go/faq#namespace-conflict

WARNING: proto: file "github.com/solo-io/solo-apis/api/gloo/gloo/v1/enterprise/options/waf/waf.proto" has a name conflict over waf.options.gloo.solo.io.Settings
	previously from: "github.com/solo-io/gloo/projects/gloo/pkg/api/v1/enterprise/options/waf"
	currently from:  "github.com/solo-io/solo-apis/pkg/api/gloo.solo.io/v1/enterprise/options/waf"
See https://developers.google.com/protocol-buffers/docs/reference/go/faq#namespace-conflict

WARNING: proto: message waf.options.gloo.solo.io.Settings is already registered
	previously from: "github.com/solo-io/gloo/projects/gloo/pkg/api/v1/enterprise/options/waf"
	currently from:  "github.com/solo-io/solo-apis/pkg/api/gloo.solo.io/v1/enterprise/options/waf"
See https://developers.google.com/protocol-buffers/docs/reference/go/faq#namespace-conflict

WARNING: proto: message waf.options.gloo.solo.io.CoreRuleSet is already registered
	previously from: "github.com/solo-io/gloo/projects/gloo/pkg/api/v1/enterprise/options/waf"
	currently from:  "github.com/solo-io/solo-apis/pkg/api/gloo.solo.io/v1/enterprise/options/waf"
See https://developers.google.com/protocol-buffers/docs/reference/go/faq#namespace-conflict

WARNING: proto: file "github.com/solo-io/solo-apis/api/gloo/gloo/v1/options/als/als.proto" has a name conflict over als.options.gloo.solo.io.GrpcService
	previously from: "github.com/solo-io/gloo/projects/gloo/pkg/api/v1/options/als"
	currently from:  "github.com/solo-io/solo-apis/pkg/api/gloo.solo.io/v1/options/als"
See https://developers.google.com/protocol-buffers/docs/reference/go/faq#namespace-conflict

WARNING: proto: file "github.com/solo-io/solo-apis/api/gloo/gloo/v1/options/als/als.proto" has a name conflict over als.options.gloo.solo.io.FileSink
	previously from: "github.com/solo-io/gloo/projects/gloo/pkg/api/v1/options/als"
	currently from:  "github.com/solo-io/solo-apis/pkg/api/gloo.solo.io/v1/options/als"
See https://developers.google.com/protocol-buffers/docs/reference/go/faq#namespace-conflict

WARNING: proto: file "github.com/solo-io/solo-apis/api/gloo/gloo/v1/options/als/als.proto" has a name conflict over als.options.gloo.solo.io.AccessLog
	previously from: "github.com/solo-io/gloo/projects/gloo/pkg/api/v1/options/als"
	currently from:  "github.com/solo-io/solo-apis/pkg/api/gloo.solo.io/v1/options/als"
See https://developers.google.com/protocol-buffers/docs/reference/go/faq#namespace-conflict

WARNING: proto: file "github.com/solo-io/solo-apis/api/gloo/gloo/v1/options/als/als.proto" has a name conflict over als.options.gloo.solo.io.AccessLoggingService
	previously from: "github.com/solo-io/gloo/projects/gloo/pkg/api/v1/options/als"
	currently from:  "github.com/solo-io/solo-apis/pkg/api/gloo.solo.io/v1/options/als"
See https://developers.google.com/protocol-buffers/docs/reference/go/faq#namespace-conflict

WARNING: proto: message als.options.gloo.solo.io.AccessLoggingService is already registered
	previously from: "github.com/solo-io/gloo/projects/gloo/pkg/api/v1/options/als"
	currently from:  "github.com/solo-io/solo-apis/pkg/api/gloo.solo.io/v1/options/als"
See https://developers.google.com/protocol-buffers/docs/reference/go/faq#namespace-conflict

WARNING: proto: message als.options.gloo.solo.io.AccessLog is already registered
	previously from: "github.com/solo-io/gloo/projects/gloo/pkg/api/v1/options/als"
	currently from:  "github.com/solo-io/solo-apis/pkg/api/gloo.solo.io/v1/options/als"
See https://developers.google.com/protocol-buffers/docs/reference/go/faq#namespace-conflict

WARNING: proto: message als.options.gloo.solo.io.FileSink is already registered
	previously from: "github.com/solo-io/gloo/projects/gloo/pkg/api/v1/options/als"
	currently from:  "github.com/solo-io/solo-apis/pkg/api/gloo.solo.io/v1/options/als"
See https://developers.google.com/protocol-buffers/docs/reference/go/faq#namespace-conflict

WARNING: proto: message als.options.gloo.solo.io.GrpcService is already registered
	previously from: "github.com/solo-io/gloo/projects/gloo/pkg/api/v1/options/als"
	currently from:  "github.com/solo-io/solo-apis/pkg/api/gloo.solo.io/v1/options/als"
See https://developers.google.com/protocol-buffers/docs/reference/go/faq#namespace-conflict

WARNING: proto: file "github.com/solo-io/solo-apis/api/gloo/gloo/v1/options/aws/aws.proto" has a name conflict over aws.options.gloo.solo.io.DestinationSpec
	previously from: "github.com/solo-io/gloo/projects/gloo/pkg/api/v1/options/aws"
	currently from:  "github.com/solo-io/solo-apis/pkg/api/gloo.solo.io/v1/options/aws"
See https://developers.google.com/protocol-buffers/docs/reference/go/faq#namespace-conflict

WARNING: proto: file "github.com/solo-io/solo-apis/api/gloo/gloo/v1/options/aws/aws.proto" has a name conflict over aws.options.gloo.solo.io.LambdaFunctionSpec
	previously from: "github.com/solo-io/gloo/projects/gloo/pkg/api/v1/options/aws"
	currently from:  "github.com/solo-io/solo-apis/pkg/api/gloo.solo.io/v1/options/aws"
See https://developers.google.com/protocol-buffers/docs/reference/go/faq#namespace-conflict

WARNING: proto: file "github.com/solo-io/solo-apis/api/gloo/gloo/v1/options/aws/aws.proto" has a name conflict over aws.options.gloo.solo.io.UpstreamSpec
	previously from: "github.com/solo-io/gloo/projects/gloo/pkg/api/v1/options/aws"
	currently from:  "github.com/solo-io/solo-apis/pkg/api/gloo.solo.io/v1/options/aws"
See https://developers.google.com/protocol-buffers/docs/reference/go/faq#namespace-conflict

WARNING: proto: enum aws.options.gloo.solo.io.DestinationSpec.InvocationStyle is already registered
	previously from: "github.com/solo-io/gloo/projects/gloo/pkg/api/v1/options/aws"
	currently from:  "github.com/solo-io/solo-apis/pkg/api/gloo.solo.io/v1/options/aws"
See https://developers.google.com/protocol-buffers/docs/reference/go/faq#namespace-conflict

WARNING: proto: message aws.options.gloo.solo.io.UpstreamSpec is already registered
	previously from: "github.com/solo-io/gloo/projects/gloo/pkg/api/v1/options/aws"
	currently from:  "github.com/solo-io/solo-apis/pkg/api/gloo.solo.io/v1/options/aws"
See https://developers.google.com/protocol-buffers/docs/reference/go/faq#namespace-conflict

WARNING: proto: message aws.options.gloo.solo.io.LambdaFunctionSpec is already registered
	previously from: "github.com/solo-io/gloo/projects/gloo/pkg/api/v1/options/aws"
	currently from:  "github.com/solo-io/solo-apis/pkg/api/gloo.solo.io/v1/options/aws"
See https://developers.google.com/protocol-buffers/docs/reference/go/faq#namespace-conflict

WARNING: proto: message aws.options.gloo.solo.io.DestinationSpec is already registered
	previously from: "github.com/solo-io/gloo/projects/gloo/pkg/api/v1/options/aws"
	currently from:  "github.com/solo-io/solo-apis/pkg/api/gloo.solo.io/v1/options/aws"
See https://developers.google.com/protocol-buffers/docs/reference/go/faq#namespace-conflict

WARNING: proto: file "github.com/solo-io/solo-apis/api/gloo/gloo/v1/options/azure/azure.proto" has a name conflict over azure.options.gloo.solo.io.DestinationSpec
	previously from: "github.com/solo-io/gloo/projects/gloo/pkg/api/v1/options/azure"
	currently from:  "github.com/solo-io/solo-apis/pkg/api/gloo.solo.io/v1/options/azure"
See https://developers.google.com/protocol-buffers/docs/reference/go/faq#namespace-conflict

WARNING: proto: file "github.com/solo-io/solo-apis/api/gloo/gloo/v1/options/azure/azure.proto" has a name conflict over azure.options.gloo.solo.io.UpstreamSpec
	previously from: "github.com/solo-io/gloo/projects/gloo/pkg/api/v1/options/azure"
	currently from:  "github.com/solo-io/solo-apis/pkg/api/gloo.solo.io/v1/options/azure"
See https://developers.google.com/protocol-buffers/docs/reference/go/faq#namespace-conflict

WARNING: proto: enum azure.options.gloo.solo.io.UpstreamSpec.FunctionSpec.AuthLevel is already registered
	previously from: "github.com/solo-io/gloo/projects/gloo/pkg/api/v1/options/azure"
	currently from:  "github.com/solo-io/solo-apis/pkg/api/gloo.solo.io/v1/options/azure"
See https://developers.google.com/protocol-buffers/docs/reference/go/faq#namespace-conflict

WARNING: proto: message azure.options.gloo.solo.io.UpstreamSpec is already registered
	previously from: "github.com/solo-io/gloo/projects/gloo/pkg/api/v1/options/azure"
	currently from:  "github.com/solo-io/solo-apis/pkg/api/gloo.solo.io/v1/options/azure"
See https://developers.google.com/protocol-buffers/docs/reference/go/faq#namespace-conflict

WARNING: proto: message azure.options.gloo.solo.io.DestinationSpec is already registered
	previously from: "github.com/solo-io/gloo/projects/gloo/pkg/api/v1/options/azure"
	currently from:  "github.com/solo-io/solo-apis/pkg/api/gloo.solo.io/v1/options/azure"
See https://developers.google.com/protocol-buffers/docs/reference/go/faq#namespace-conflict

WARNING: proto: message azure.options.gloo.solo.io.UpstreamSpec.FunctionSpec is already registered
	previously from: "github.com/solo-io/gloo/projects/gloo/pkg/api/v1/options/azure"
	currently from:  "github.com/solo-io/solo-apis/pkg/api/gloo.solo.io/v1/options/azure"
See https://developers.google.com/protocol-buffers/docs/reference/go/faq#namespace-conflict

WARNING: proto: file "github.com/solo-io/solo-apis/api/gloo/gloo/v1/options/cors/cors.proto" has a name conflict over cors.options.gloo.solo.io.CorsPolicy
	previously from: "github.com/solo-io/gloo/projects/gloo/pkg/api/v1/options/cors"
	currently from:  "github.com/solo-io/solo-apis/pkg/api/gloo.solo.io/v1/options/cors"
See https://developers.google.com/protocol-buffers/docs/reference/go/faq#namespace-conflict

WARNING: proto: message cors.options.gloo.solo.io.CorsPolicy is already registered
	previously from: "github.com/solo-io/gloo/projects/gloo/pkg/api/v1/options/cors"
	currently from:  "github.com/solo-io/solo-apis/pkg/api/gloo.solo.io/v1/options/cors"
See https://developers.google.com/protocol-buffers/docs/reference/go/faq#namespace-conflict

WARNING: proto: file "github.com/solo-io/solo-apis/api/gloo/gloo/v1/options/dynamic_forward_proxy/dynamic_forward_proxy.proto" has a name conflict over dfp.options.gloo.solo.io.DnsLookupFamily
	previously from: "github.com/solo-io/gloo/projects/gloo/pkg/api/v1/options/dynamic_forward_proxy"
	currently from:  "github.com/solo-io/solo-apis/pkg/api/gloo.solo.io/v1/options/dynamic_forward_proxy"
See https://developers.google.com/protocol-buffers/docs/reference/go/faq#namespace-conflict

WARNING: proto: file "github.com/solo-io/solo-apis/api/gloo/gloo/v1/options/dynamic_forward_proxy/dynamic_forward_proxy.proto" has a name conflict over dfp.options.gloo.solo.io.ALL
	previously from: "github.com/solo-io/gloo/projects/gloo/pkg/api/v1/options/dynamic_forward_proxy"
	currently from:  "github.com/solo-io/solo-apis/pkg/api/gloo.solo.io/v1/options/dynamic_forward_proxy"
See https://developers.google.com/protocol-buffers/docs/reference/go/faq#namespace-conflict

WARNING: proto: file "github.com/solo-io/solo-apis/api/gloo/gloo/v1/options/dynamic_forward_proxy/dynamic_forward_proxy.proto" has a name conflict over dfp.options.gloo.solo.io.AUTO
	previously from: "github.com/solo-io/gloo/projects/gloo/pkg/api/v1/options/dynamic_forward_proxy"
	currently from:  "github.com/solo-io/solo-apis/pkg/api/gloo.solo.io/v1/options/dynamic_forward_proxy"
See https://developers.google.com/protocol-buffers/docs/reference/go/faq#namespace-conflict

WARNING: proto: file "github.com/solo-io/solo-apis/api/gloo/gloo/v1/options/dynamic_forward_proxy/dynamic_forward_proxy.proto" has a name conflict over dfp.options.gloo.solo.io.V6_ONLY
	previously from: "github.com/solo-io/gloo/projects/gloo/pkg/api/v1/options/dynamic_forward_proxy"
	currently from:  "github.com/solo-io/solo-apis/pkg/api/gloo.solo.io/v1/options/dynamic_forward_proxy"
See https://developers.google.com/protocol-buffers/docs/reference/go/faq#namespace-conflict

WARNING: proto: file "github.com/solo-io/solo-apis/api/gloo/gloo/v1/options/dynamic_forward_proxy/dynamic_forward_proxy.proto" has a name conflict over dfp.options.gloo.solo.io.V4_ONLY
	previously from: "github.com/solo-io/gloo/projects/gloo/pkg/api/v1/options/dynamic_forward_proxy"
	currently from:  "github.com/solo-io/solo-apis/pkg/api/gloo.solo.io/v1/options/dynamic_forward_proxy"
See https://developers.google.com/protocol-buffers/docs/reference/go/faq#namespace-conflict

WARNING: proto: file "github.com/solo-io/solo-apis/api/gloo/gloo/v1/options/dynamic_forward_proxy/dynamic_forward_proxy.proto" has a name conflict over dfp.options.gloo.solo.io.V4_PREFERRED
	previously from: "github.com/solo-io/gloo/projects/gloo/pkg/api/v1/options/dynamic_forward_proxy"
	currently from:  "github.com/solo-io/solo-apis/pkg/api/gloo.solo.io/v1/options/dynamic_forward_proxy"
See https://developers.google.com/protocol-buffers/docs/reference/go/faq#namespace-conflict

WARNING: proto: file "github.com/solo-io/solo-apis/api/gloo/gloo/v1/options/dynamic_forward_proxy/dynamic_forward_proxy.proto" has a name conflict over dfp.options.gloo.solo.io.AppleDnsResolverConfig
	previously from: "github.com/solo-io/gloo/projects/gloo/pkg/api/v1/options/dynamic_forward_proxy"
	currently from:  "github.com/solo-io/solo-apis/pkg/api/gloo.solo.io/v1/options/dynamic_forward_proxy"
See https://developers.google.com/protocol-buffers/docs/reference/go/faq#namespace-conflict

WARNING: proto: file "github.com/solo-io/solo-apis/api/gloo/gloo/v1/options/dynamic_forward_proxy/dynamic_forward_proxy.proto" has a name conflict over dfp.options.gloo.solo.io.CaresDnsResolverConfig
	previously from: "github.com/solo-io/gloo/projects/gloo/pkg/api/v1/options/dynamic_forward_proxy"
	currently from:  "github.com/solo-io/solo-apis/pkg/api/gloo.solo.io/v1/options/dynamic_forward_proxy"
See https://developers.google.com/protocol-buffers/docs/reference/go/faq#namespace-conflict

WARNING: proto: file "github.com/solo-io/solo-apis/api/gloo/gloo/v1/options/dynamic_forward_proxy/dynamic_forward_proxy.proto" has a name conflict over dfp.options.gloo.solo.io.DnsResolverOptions
	previously from: "github.com/solo-io/gloo/projects/gloo/pkg/api/v1/options/dynamic_forward_proxy"
	currently from:  "github.com/solo-io/solo-apis/pkg/api/gloo.solo.io/v1/options/dynamic_forward_proxy"
See https://developers.google.com/protocol-buffers/docs/reference/go/faq#namespace-conflict

WARNING: proto: file "github.com/solo-io/solo-apis/api/gloo/gloo/v1/options/dynamic_forward_proxy/dynamic_forward_proxy.proto" has a name conflict over dfp.options.gloo.solo.io.PerRouteConfig
	previously from: "github.com/solo-io/gloo/projects/gloo/pkg/api/v1/options/dynamic_forward_proxy"
	currently from:  "github.com/solo-io/solo-apis/pkg/api/gloo.solo.io/v1/options/dynamic_forward_proxy"
See https://developers.google.com/protocol-buffers/docs/reference/go/faq#namespace-conflict

WARNING: proto: file "github.com/solo-io/solo-apis/api/gloo/gloo/v1/options/dynamic_forward_proxy/dynamic_forward_proxy.proto" has a name conflict over dfp.options.gloo.solo.io.RefreshRate
	previously from: "github.com/solo-io/gloo/projects/gloo/pkg/api/v1/options/dynamic_forward_proxy"
	currently from:  "github.com/solo-io/solo-apis/pkg/api/gloo.solo.io/v1/options/dynamic_forward_proxy"
See https://developers.google.com/protocol-buffers/docs/reference/go/faq#namespace-conflict

WARNING: proto: file "github.com/solo-io/solo-apis/api/gloo/gloo/v1/options/dynamic_forward_proxy/dynamic_forward_proxy.proto" has a name conflict over dfp.options.gloo.solo.io.DnsCacheConfig
	previously from: "github.com/solo-io/gloo/projects/gloo/pkg/api/v1/options/dynamic_forward_proxy"
	currently from:  "github.com/solo-io/solo-apis/pkg/api/gloo.solo.io/v1/options/dynamic_forward_proxy"
See https://developers.google.com/protocol-buffers/docs/reference/go/faq#namespace-conflict

WARNING: proto: file "github.com/solo-io/solo-apis/api/gloo/gloo/v1/options/dynamic_forward_proxy/dynamic_forward_proxy.proto" has a name conflict over dfp.options.gloo.solo.io.DnsCacheCircuitBreakers
	previously from: "github.com/solo-io/gloo/projects/gloo/pkg/api/v1/options/dynamic_forward_proxy"
	currently from:  "github.com/solo-io/solo-apis/pkg/api/gloo.solo.io/v1/options/dynamic_forward_proxy"
See https://developers.google.com/protocol-buffers/docs/reference/go/faq#namespace-conflict

WARNING: proto: file "github.com/solo-io/solo-apis/api/gloo/gloo/v1/options/dynamic_forward_proxy/dynamic_forward_proxy.proto" has a name conflict over dfp.options.gloo.solo.io.FilterConfig
	previously from: "github.com/solo-io/gloo/projects/gloo/pkg/api/v1/options/dynamic_forward_proxy"
	currently from:  "github.com/solo-io/solo-apis/pkg/api/gloo.solo.io/v1/options/dynamic_forward_proxy"
See https://developers.google.com/protocol-buffers/docs/reference/go/faq#namespace-conflict

WARNING: proto: enum dfp.options.gloo.solo.io.DnsLookupFamily is already registered
	previously from: "github.com/solo-io/gloo/projects/gloo/pkg/api/v1/options/dynamic_forward_proxy"
	currently from:  "github.com/solo-io/solo-apis/pkg/api/gloo.solo.io/v1/options/dynamic_forward_proxy"
See https://developers.google.com/protocol-buffers/docs/reference/go/faq#namespace-conflict

WARNING: proto: message dfp.options.gloo.solo.io.FilterConfig is already registered
	previously from: "github.com/solo-io/gloo/projects/gloo/pkg/api/v1/options/dynamic_forward_proxy"
	currently from:  "github.com/solo-io/solo-apis/pkg/api/gloo.solo.io/v1/options/dynamic_forward_proxy"
See https://developers.google.com/protocol-buffers/docs/reference/go/faq#namespace-conflict

WARNING: proto: message dfp.options.gloo.solo.io.DnsCacheCircuitBreakers is already registered
	previously from: "github.com/solo-io/gloo/projects/gloo/pkg/api/v1/options/dynamic_forward_proxy"
	currently from:  "github.com/solo-io/solo-apis/pkg/api/gloo.solo.io/v1/options/dynamic_forward_proxy"
See https://developers.google.com/protocol-buffers/docs/reference/go/faq#namespace-conflict

WARNING: proto: message dfp.options.gloo.solo.io.DnsCacheConfig is already registered
	previously from: "github.com/solo-io/gloo/projects/gloo/pkg/api/v1/options/dynamic_forward_proxy"
	currently from:  "github.com/solo-io/solo-apis/pkg/api/gloo.solo.io/v1/options/dynamic_forward_proxy"
See https://developers.google.com/protocol-buffers/docs/reference/go/faq#namespace-conflict

WARNING: proto: message dfp.options.gloo.solo.io.RefreshRate is already registered
	previously from: "github.com/solo-io/gloo/projects/gloo/pkg/api/v1/options/dynamic_forward_proxy"
	currently from:  "github.com/solo-io/solo-apis/pkg/api/gloo.solo.io/v1/options/dynamic_forward_proxy"
See https://developers.google.com/protocol-buffers/docs/reference/go/faq#namespace-conflict

WARNING: proto: message dfp.options.gloo.solo.io.PerRouteConfig is already registered
	previously from: "github.com/solo-io/gloo/projects/gloo/pkg/api/v1/options/dynamic_forward_proxy"
	currently from:  "github.com/solo-io/solo-apis/pkg/api/gloo.solo.io/v1/options/dynamic_forward_proxy"
See https://developers.google.com/protocol-buffers/docs/reference/go/faq#namespace-conflict

WARNING: proto: message dfp.options.gloo.solo.io.DnsResolverOptions is already registered
	previously from: "github.com/solo-io/gloo/projects/gloo/pkg/api/v1/options/dynamic_forward_proxy"
	currently from:  "github.com/solo-io/solo-apis/pkg/api/gloo.solo.io/v1/options/dynamic_forward_proxy"
See https://developers.google.com/protocol-buffers/docs/reference/go/faq#namespace-conflict

WARNING: proto: message dfp.options.gloo.solo.io.CaresDnsResolverConfig is already registered
	previously from: "github.com/solo-io/gloo/projects/gloo/pkg/api/v1/options/dynamic_forward_proxy"
	currently from:  "github.com/solo-io/solo-apis/pkg/api/gloo.solo.io/v1/options/dynamic_forward_proxy"
See https://developers.google.com/protocol-buffers/docs/reference/go/faq#namespace-conflict

WARNING: proto: message dfp.options.gloo.solo.io.AppleDnsResolverConfig is already registered
	previously from: "github.com/solo-io/gloo/projects/gloo/pkg/api/v1/options/dynamic_forward_proxy"
	currently from:  "github.com/solo-io/solo-apis/pkg/api/gloo.solo.io/v1/options/dynamic_forward_proxy"
See https://developers.google.com/protocol-buffers/docs/reference/go/faq#namespace-conflict

WARNING: proto: file "github.com/solo-io/solo-apis/api/gloo/gloo/v1/options/faultinjection/fault.proto" has a name conflict over fault.options.gloo.solo.io.RouteFaults
	previously from: "github.com/solo-io/gloo/projects/gloo/pkg/api/v1/options/faultinjection"
	currently from:  "github.com/solo-io/solo-apis/pkg/api/gloo.solo.io/v1/options/faultinjection"
See https://developers.google.com/protocol-buffers/docs/reference/go/faq#namespace-conflict

WARNING: proto: file "github.com/solo-io/solo-apis/api/gloo/gloo/v1/options/faultinjection/fault.proto" has a name conflict over fault.options.gloo.solo.io.RouteDelay
	previously from: "github.com/solo-io/gloo/projects/gloo/pkg/api/v1/options/faultinjection"
	currently from:  "github.com/solo-io/solo-apis/pkg/api/gloo.solo.io/v1/options/faultinjection"
See https://developers.google.com/protocol-buffers/docs/reference/go/faq#namespace-conflict

WARNING: proto: file "github.com/solo-io/solo-apis/api/gloo/gloo/v1/options/faultinjection/fault.proto" has a name conflict over fault.options.gloo.solo.io.RouteAbort
	previously from: "github.com/solo-io/gloo/projects/gloo/pkg/api/v1/options/faultinjection"
	currently from:  "github.com/solo-io/solo-apis/pkg/api/gloo.solo.io/v1/options/faultinjection"
See https://developers.google.com/protocol-buffers/docs/reference/go/faq#namespace-conflict

WARNING: proto: message fault.options.gloo.solo.io.RouteAbort is already registered
	previously from: "github.com/solo-io/gloo/projects/gloo/pkg/api/v1/options/faultinjection"
	currently from:  "github.com/solo-io/solo-apis/pkg/api/gloo.solo.io/v1/options/faultinjection"
See https://developers.google.com/protocol-buffers/docs/reference/go/faq#namespace-conflict

WARNING: proto: message fault.options.gloo.solo.io.RouteDelay is already registered
	previously from: "github.com/solo-io/gloo/projects/gloo/pkg/api/v1/options/faultinjection"
	currently from:  "github.com/solo-io/solo-apis/pkg/api/gloo.solo.io/v1/options/faultinjection"
See https://developers.google.com/protocol-buffers/docs/reference/go/faq#namespace-conflict

WARNING: proto: message fault.options.gloo.solo.io.RouteFaults is already registered
	previously from: "github.com/solo-io/gloo/projects/gloo/pkg/api/v1/options/faultinjection"
	currently from:  "github.com/solo-io/solo-apis/pkg/api/gloo.solo.io/v1/options/faultinjection"
See https://developers.google.com/protocol-buffers/docs/reference/go/faq#namespace-conflict

WARNING: proto: file "github.com/solo-io/solo-apis/api/gloo/gloo/external/envoy/extensions/transformation/transformation.proto" has a name conflict over envoy.api.v2.filter.http.HeaderBodyTransform
	previously from: "github.com/solo-io/gloo/projects/gloo/pkg/api/external/envoy/extensions/transformation"
	currently from:  "github.com/solo-io/solo-apis/pkg/api/gloo.solo.io/external/envoy/extensions/transformation"
See https://developers.google.com/protocol-buffers/docs/reference/go/faq#namespace-conflict

WARNING: proto: file "github.com/solo-io/solo-apis/api/gloo/gloo/external/envoy/extensions/transformation/transformation.proto" has a name conflict over envoy.api.v2.filter.http.MergeExtractorsToBody
	previously from: "github.com/solo-io/gloo/projects/gloo/pkg/api/external/envoy/extensions/transformation"
	currently from:  "github.com/solo-io/solo-apis/pkg/api/gloo.solo.io/external/envoy/extensions/transformation"
See https://developers.google.com/protocol-buffers/docs/reference/go/faq#namespace-conflict

WARNING: proto: file "github.com/solo-io/solo-apis/api/gloo/gloo/external/envoy/extensions/transformation/transformation.proto" has a name conflict over envoy.api.v2.filter.http.Passthrough
	previously from: "github.com/solo-io/gloo/projects/gloo/pkg/api/external/envoy/extensions/transformation"
	currently from:  "github.com/solo-io/solo-apis/pkg/api/gloo.solo.io/external/envoy/extensions/transformation"
See https://developers.google.com/protocol-buffers/docs/reference/go/faq#namespace-conflict

WARNING: proto: file "github.com/solo-io/solo-apis/api/gloo/gloo/external/envoy/extensions/transformation/transformation.proto" has a name conflict over envoy.api.v2.filter.http.InjaTemplate
	previously from: "github.com/solo-io/gloo/projects/gloo/pkg/api/external/envoy/extensions/transformation"
	currently from:  "github.com/solo-io/solo-apis/pkg/api/gloo.solo.io/external/envoy/extensions/transformation"
See https://developers.google.com/protocol-buffers/docs/reference/go/faq#namespace-conflict

WARNING: proto: file "github.com/solo-io/solo-apis/api/gloo/gloo/external/envoy/extensions/transformation/transformation.proto" has a name conflict over envoy.api.v2.filter.http.TransformationTemplate
	previously from: "github.com/solo-io/gloo/projects/gloo/pkg/api/external/envoy/extensions/transformation"
	currently from:  "github.com/solo-io/solo-apis/pkg/api/gloo.solo.io/external/envoy/extensions/transformation"
See https://developers.google.com/protocol-buffers/docs/reference/go/faq#namespace-conflict

WARNING: proto: file "github.com/solo-io/solo-apis/api/gloo/gloo/external/envoy/extensions/transformation/transformation.proto" has a name conflict over envoy.api.v2.filter.http.Extraction
	previously from: "github.com/solo-io/gloo/projects/gloo/pkg/api/external/envoy/extensions/transformation"
	currently from:  "github.com/solo-io/solo-apis/pkg/api/gloo.solo.io/external/envoy/extensions/transformation"
See https://developers.google.com/protocol-buffers/docs/reference/go/faq#namespace-conflict

WARNING: proto: file "github.com/solo-io/solo-apis/api/gloo/gloo/external/envoy/extensions/transformation/transformation.proto" has a name conflict over envoy.api.v2.filter.http.Transformation
	previously from: "github.com/solo-io/gloo/projects/gloo/pkg/api/external/envoy/extensions/transformation"
	currently from:  "github.com/solo-io/solo-apis/pkg/api/gloo.solo.io/external/envoy/extensions/transformation"
See https://developers.google.com/protocol-buffers/docs/reference/go/faq#namespace-conflict

WARNING: proto: file "github.com/solo-io/solo-apis/api/gloo/gloo/external/envoy/extensions/transformation/transformation.proto" has a name conflict over envoy.api.v2.filter.http.ResponseTransformationRule
	previously from: "github.com/solo-io/gloo/projects/gloo/pkg/api/external/envoy/extensions/transformation"
	currently from:  "github.com/solo-io/solo-apis/pkg/api/gloo.solo.io/external/envoy/extensions/transformation"
See https://developers.google.com/protocol-buffers/docs/reference/go/faq#namespace-conflict

WARNING: proto: file "github.com/solo-io/solo-apis/api/gloo/gloo/external/envoy/extensions/transformation/transformation.proto" has a name conflict over envoy.api.v2.filter.http.ResponseMatcher
	previously from: "github.com/solo-io/gloo/projects/gloo/pkg/api/external/envoy/extensions/transformation"
	currently from:  "github.com/solo-io/solo-apis/pkg/api/gloo.solo.io/external/envoy/extensions/transformation"
See https://developers.google.com/protocol-buffers/docs/reference/go/faq#namespace-conflict

WARNING: proto: file "github.com/solo-io/solo-apis/api/gloo/gloo/external/envoy/extensions/transformation/transformation.proto" has a name conflict over envoy.api.v2.filter.http.RouteTransformations
	previously from: "github.com/solo-io/gloo/projects/gloo/pkg/api/external/envoy/extensions/transformation"
	currently from:  "github.com/solo-io/solo-apis/pkg/api/gloo.solo.io/external/envoy/extensions/transformation"
See https://developers.google.com/protocol-buffers/docs/reference/go/faq#namespace-conflict

WARNING: proto: file "github.com/solo-io/solo-apis/api/gloo/gloo/external/envoy/extensions/transformation/transformation.proto" has a name conflict over envoy.api.v2.filter.http.TransformationRule
	previously from: "github.com/solo-io/gloo/projects/gloo/pkg/api/external/envoy/extensions/transformation"
	currently from:  "github.com/solo-io/solo-apis/pkg/api/gloo.solo.io/external/envoy/extensions/transformation"
See https://developers.google.com/protocol-buffers/docs/reference/go/faq#namespace-conflict

WARNING: proto: file "github.com/solo-io/solo-apis/api/gloo/gloo/external/envoy/extensions/transformation/transformation.proto" has a name conflict over envoy.api.v2.filter.http.FilterTransformations
	previously from: "github.com/solo-io/gloo/projects/gloo/pkg/api/external/envoy/extensions/transformation"
	currently from:  "github.com/solo-io/solo-apis/pkg/api/gloo.solo.io/external/envoy/extensions/transformation"
See https://developers.google.com/protocol-buffers/docs/reference/go/faq#namespace-conflict

WARNING: proto: enum envoy.api.v2.filter.http.TransformationTemplate.RequestBodyParse is already registered
	previously from: "github.com/solo-io/gloo/projects/gloo/pkg/api/external/envoy/extensions/transformation"
	currently from:  "github.com/solo-io/solo-apis/pkg/api/gloo.solo.io/external/envoy/extensions/transformation"
See https://developers.google.com/protocol-buffers/docs/reference/go/faq#namespace-conflict

WARNING: proto: message envoy.api.v2.filter.http.FilterTransformations is already registered
	previously from: "github.com/solo-io/gloo/projects/gloo/pkg/api/external/envoy/extensions/transformation"
	currently from:  "github.com/solo-io/solo-apis/pkg/api/gloo.solo.io/external/envoy/extensions/transformation"
See https://developers.google.com/protocol-buffers/docs/reference/go/faq#namespace-conflict

WARNING: proto: message envoy.api.v2.filter.http.TransformationRule is already registered
	previously from: "github.com/solo-io/gloo/projects/gloo/pkg/api/external/envoy/extensions/transformation"
	currently from:  "github.com/solo-io/solo-apis/pkg/api/gloo.solo.io/external/envoy/extensions/transformation"
See https://developers.google.com/protocol-buffers/docs/reference/go/faq#namespace-conflict

WARNING: proto: message envoy.api.v2.filter.http.RouteTransformations is already registered
	previously from: "github.com/solo-io/gloo/projects/gloo/pkg/api/external/envoy/extensions/transformation"
	currently from:  "github.com/solo-io/solo-apis/pkg/api/gloo.solo.io/external/envoy/extensions/transformation"
See https://developers.google.com/protocol-buffers/docs/reference/go/faq#namespace-conflict

WARNING: proto: message envoy.api.v2.filter.http.ResponseMatcher is already registered
	previously from: "github.com/solo-io/gloo/projects/gloo/pkg/api/external/envoy/extensions/transformation"
	currently from:  "github.com/solo-io/solo-apis/pkg/api/gloo.solo.io/external/envoy/extensions/transformation"
See https://developers.google.com/protocol-buffers/docs/reference/go/faq#namespace-conflict

WARNING: proto: message envoy.api.v2.filter.http.ResponseTransformationRule is already registered
	previously from: "github.com/solo-io/gloo/projects/gloo/pkg/api/external/envoy/extensions/transformation"
	currently from:  "github.com/solo-io/solo-apis/pkg/api/gloo.solo.io/external/envoy/extensions/transformation"
See https://developers.google.com/protocol-buffers/docs/reference/go/faq#namespace-conflict

WARNING: proto: message envoy.api.v2.filter.http.Transformation is already registered
	previously from: "github.com/solo-io/gloo/projects/gloo/pkg/api/external/envoy/extensions/transformation"
	currently from:  "github.com/solo-io/solo-apis/pkg/api/gloo.solo.io/external/envoy/extensions/transformation"
See https://developers.google.com/protocol-buffers/docs/reference/go/faq#namespace-conflict

WARNING: proto: message envoy.api.v2.filter.http.Extraction is already registered
	previously from: "github.com/solo-io/gloo/projects/gloo/pkg/api/external/envoy/extensions/transformation"
	currently from:  "github.com/solo-io/solo-apis/pkg/api/gloo.solo.io/external/envoy/extensions/transformation"
See https://developers.google.com/protocol-buffers/docs/reference/go/faq#namespace-conflict

WARNING: proto: message envoy.api.v2.filter.http.TransformationTemplate is already registered
	previously from: "github.com/solo-io/gloo/projects/gloo/pkg/api/external/envoy/extensions/transformation"
	currently from:  "github.com/solo-io/solo-apis/pkg/api/gloo.solo.io/external/envoy/extensions/transformation"
See https://developers.google.com/protocol-buffers/docs/reference/go/faq#namespace-conflict

WARNING: proto: message envoy.api.v2.filter.http.InjaTemplate is already registered
	previously from: "github.com/solo-io/gloo/projects/gloo/pkg/api/external/envoy/extensions/transformation"
	currently from:  "github.com/solo-io/solo-apis/pkg/api/gloo.solo.io/external/envoy/extensions/transformation"
See https://developers.google.com/protocol-buffers/docs/reference/go/faq#namespace-conflict

WARNING: proto: message envoy.api.v2.filter.http.Passthrough is already registered
	previously from: "github.com/solo-io/gloo/projects/gloo/pkg/api/external/envoy/extensions/transformation"
	currently from:  "github.com/solo-io/solo-apis/pkg/api/gloo.solo.io/external/envoy/extensions/transformation"
See https://developers.google.com/protocol-buffers/docs/reference/go/faq#namespace-conflict

WARNING: proto: message envoy.api.v2.filter.http.MergeExtractorsToBody is already registered
	previously from: "github.com/solo-io/gloo/projects/gloo/pkg/api/external/envoy/extensions/transformation"
	currently from:  "github.com/solo-io/solo-apis/pkg/api/gloo.solo.io/external/envoy/extensions/transformation"
See https://developers.google.com/protocol-buffers/docs/reference/go/faq#namespace-conflict

WARNING: proto: message envoy.api.v2.filter.http.HeaderBodyTransform is already registered
	previously from: "github.com/solo-io/gloo/projects/gloo/pkg/api/external/envoy/extensions/transformation"
	currently from:  "github.com/solo-io/solo-apis/pkg/api/gloo.solo.io/external/envoy/extensions/transformation"
See https://developers.google.com/protocol-buffers/docs/reference/go/faq#namespace-conflict

WARNING: proto: message envoy.api.v2.filter.http.TransformationRule.Transformations is already registered
	previously from: "github.com/solo-io/gloo/projects/gloo/pkg/api/external/envoy/extensions/transformation"
	currently from:  "github.com/solo-io/solo-apis/pkg/api/gloo.solo.io/external/envoy/extensions/transformation"
See https://developers.google.com/protocol-buffers/docs/reference/go/faq#namespace-conflict

WARNING: proto: message envoy.api.v2.filter.http.RouteTransformations.RouteTransformation is already registered
	previously from: "github.com/solo-io/gloo/projects/gloo/pkg/api/external/envoy/extensions/transformation"
	currently from:  "github.com/solo-io/solo-apis/pkg/api/gloo.solo.io/external/envoy/extensions/transformation"
See https://developers.google.com/protocol-buffers/docs/reference/go/faq#namespace-conflict

WARNING: proto: message envoy.api.v2.filter.http.RouteTransformations.RouteTransformation.RequestMatch is already registered
	previously from: "github.com/solo-io/gloo/projects/gloo/pkg/api/external/envoy/extensions/transformation"
	currently from:  "github.com/solo-io/solo-apis/pkg/api/gloo.solo.io/external/envoy/extensions/transformation"
See https://developers.google.com/protocol-buffers/docs/reference/go/faq#namespace-conflict

WARNING: proto: message envoy.api.v2.filter.http.RouteTransformations.RouteTransformation.ResponseMatch is already registered
	previously from: "github.com/solo-io/gloo/projects/gloo/pkg/api/external/envoy/extensions/transformation"
	currently from:  "github.com/solo-io/solo-apis/pkg/api/gloo.solo.io/external/envoy/extensions/transformation"
See https://developers.google.com/protocol-buffers/docs/reference/go/faq#namespace-conflict

WARNING: proto: message envoy.api.v2.filter.http.TransformationTemplate.HeaderToAppend is already registered
	previously from: "github.com/solo-io/gloo/projects/gloo/pkg/api/external/envoy/extensions/transformation"
	currently from:  "github.com/solo-io/solo-apis/pkg/api/gloo.solo.io/external/envoy/extensions/transformation"
See https://developers.google.com/protocol-buffers/docs/reference/go/faq#namespace-conflict

WARNING: proto: message envoy.api.v2.filter.http.TransformationTemplate.DynamicMetadataValue is already registered
	previously from: "github.com/solo-io/gloo/projects/gloo/pkg/api/external/envoy/extensions/transformation"
	currently from:  "github.com/solo-io/solo-apis/pkg/api/gloo.solo.io/external/envoy/extensions/transformation"
See https://developers.google.com/protocol-buffers/docs/reference/go/faq#namespace-conflict

WARNING: proto: file "github.com/solo-io/solo-apis/api/gloo/gloo/external/envoy/extensions/transformers/xslt/xslt_transformer.proto" has a name conflict over envoy.config.transformer.xslt.v2.XsltTransformation
	previously from: "github.com/solo-io/gloo/projects/gloo/pkg/api/external/envoy/extensions/transformers/xslt"
	currently from:  "github.com/solo-io/solo-apis/pkg/api/gloo.solo.io/external/envoy/extensions/transformers/xslt"
See https://developers.google.com/protocol-buffers/docs/reference/go/faq#namespace-conflict

WARNING: proto: message envoy.config.transformer.xslt.v2.XsltTransformation is already registered
	previously from: "github.com/solo-io/gloo/projects/gloo/pkg/api/external/envoy/extensions/transformers/xslt"
	currently from:  "github.com/solo-io/solo-apis/pkg/api/gloo.solo.io/external/envoy/extensions/transformers/xslt"
See https://developers.google.com/protocol-buffers/docs/reference/go/faq#namespace-conflict

WARNING: proto: file "github.com/solo-io/solo-apis/api/gloo/gloo/v1/options/transformation/parameters.proto" has a name conflict over transformation.options.gloo.solo.io.Parameters
	previously from: "github.com/solo-io/gloo/projects/gloo/pkg/api/v1/options/transformation"
	currently from:  "github.com/solo-io/solo-apis/pkg/api/gloo.solo.io/v1/options/transformation"
See https://developers.google.com/protocol-buffers/docs/reference/go/faq#namespace-conflict

WARNING: proto: message transformation.options.gloo.solo.io.Parameters is already registered
	previously from: "github.com/solo-io/gloo/projects/gloo/pkg/api/v1/options/transformation"
	currently from:  "github.com/solo-io/solo-apis/pkg/api/gloo.solo.io/v1/options/transformation"
See https://developers.google.com/protocol-buffers/docs/reference/go/faq#namespace-conflict

WARNING: proto: file "github.com/solo-io/solo-apis/api/gloo/gloo/v1/options/transformation/transformation.proto" has a name conflict over transformation.options.gloo.solo.io.Transformation
	previously from: "github.com/solo-io/gloo/projects/gloo/pkg/api/v1/options/transformation"
	currently from:  "github.com/solo-io/solo-apis/pkg/api/gloo.solo.io/v1/options/transformation"
See https://developers.google.com/protocol-buffers/docs/reference/go/faq#namespace-conflict

WARNING: proto: file "github.com/solo-io/solo-apis/api/gloo/gloo/v1/options/transformation/transformation.proto" has a name conflict over transformation.options.gloo.solo.io.TransformationStages
	previously from: "github.com/solo-io/gloo/projects/gloo/pkg/api/v1/options/transformation"
	currently from:  "github.com/solo-io/solo-apis/pkg/api/gloo.solo.io/v1/options/transformation"
See https://developers.google.com/protocol-buffers/docs/reference/go/faq#namespace-conflict

WARNING: proto: file "github.com/solo-io/solo-apis/api/gloo/gloo/v1/options/transformation/transformation.proto" has a name conflict over transformation.options.gloo.solo.io.RequestResponseTransformations
	previously from: "github.com/solo-io/gloo/projects/gloo/pkg/api/v1/options/transformation"
	currently from:  "github.com/solo-io/solo-apis/pkg/api/gloo.solo.io/v1/options/transformation"
See https://developers.google.com/protocol-buffers/docs/reference/go/faq#namespace-conflict

WARNING: proto: file "github.com/solo-io/solo-apis/api/gloo/gloo/v1/options/transformation/transformation.proto" has a name conflict over transformation.options.gloo.solo.io.Transformations
	previously from: "github.com/solo-io/gloo/projects/gloo/pkg/api/v1/options/transformation"
	currently from:  "github.com/solo-io/solo-apis/pkg/api/gloo.solo.io/v1/options/transformation"
See https://developers.google.com/protocol-buffers/docs/reference/go/faq#namespace-conflict

WARNING: proto: file "github.com/solo-io/solo-apis/api/gloo/gloo/v1/options/transformation/transformation.proto" has a name conflict over transformation.options.gloo.solo.io.RequestMatch
	previously from: "github.com/solo-io/gloo/projects/gloo/pkg/api/v1/options/transformation"
	currently from:  "github.com/solo-io/solo-apis/pkg/api/gloo.solo.io/v1/options/transformation"
See https://developers.google.com/protocol-buffers/docs/reference/go/faq#namespace-conflict

WARNING: proto: file "github.com/solo-io/solo-apis/api/gloo/gloo/v1/options/transformation/transformation.proto" has a name conflict over transformation.options.gloo.solo.io.ResponseMatch
	previously from: "github.com/solo-io/gloo/projects/gloo/pkg/api/v1/options/transformation"
	currently from:  "github.com/solo-io/solo-apis/pkg/api/gloo.solo.io/v1/options/transformation"
See https://developers.google.com/protocol-buffers/docs/reference/go/faq#namespace-conflict

WARNING: proto: message transformation.options.gloo.solo.io.ResponseMatch is already registered
	previously from: "github.com/solo-io/gloo/projects/gloo/pkg/api/v1/options/transformation"
	currently from:  "github.com/solo-io/solo-apis/pkg/api/gloo.solo.io/v1/options/transformation"
See https://developers.google.com/protocol-buffers/docs/reference/go/faq#namespace-conflict

WARNING: proto: message transformation.options.gloo.solo.io.RequestMatch is already registered
	previously from: "github.com/solo-io/gloo/projects/gloo/pkg/api/v1/options/transformation"
	currently from:  "github.com/solo-io/solo-apis/pkg/api/gloo.solo.io/v1/options/transformation"
See https://developers.google.com/protocol-buffers/docs/reference/go/faq#namespace-conflict

WARNING: proto: message transformation.options.gloo.solo.io.Transformations is already registered
	previously from: "github.com/solo-io/gloo/projects/gloo/pkg/api/v1/options/transformation"
	currently from:  "github.com/solo-io/solo-apis/pkg/api/gloo.solo.io/v1/options/transformation"
See https://developers.google.com/protocol-buffers/docs/reference/go/faq#namespace-conflict

WARNING: proto: message transformation.options.gloo.solo.io.RequestResponseTransformations is already registered
	previously from: "github.com/solo-io/gloo/projects/gloo/pkg/api/v1/options/transformation"
	currently from:  "github.com/solo-io/solo-apis/pkg/api/gloo.solo.io/v1/options/transformation"
See https://developers.google.com/protocol-buffers/docs/reference/go/faq#namespace-conflict

WARNING: proto: message transformation.options.gloo.solo.io.TransformationStages is already registered
	previously from: "github.com/solo-io/gloo/projects/gloo/pkg/api/v1/options/transformation"
	currently from:  "github.com/solo-io/solo-apis/pkg/api/gloo.solo.io/v1/options/transformation"
See https://developers.google.com/protocol-buffers/docs/reference/go/faq#namespace-conflict

WARNING: proto: message transformation.options.gloo.solo.io.Transformation is already registered
	previously from: "github.com/solo-io/gloo/projects/gloo/pkg/api/v1/options/transformation"
	currently from:  "github.com/solo-io/solo-apis/pkg/api/gloo.solo.io/v1/options/transformation"
See https://developers.google.com/protocol-buffers/docs/reference/go/faq#namespace-conflict

WARNING: proto: file "github.com/solo-io/solo-apis/api/gloo/gloo/v1/options/grpc/grpc.proto" has a name conflict over grpc.options.gloo.solo.io.DestinationSpec
	previously from: "github.com/solo-io/gloo/projects/gloo/pkg/api/v1/options/grpc"
	currently from:  "github.com/solo-io/solo-apis/pkg/api/gloo.solo.io/v1/options/grpc"
See https://developers.google.com/protocol-buffers/docs/reference/go/faq#namespace-conflict

WARNING: proto: file "github.com/solo-io/solo-apis/api/gloo/gloo/v1/options/grpc/grpc.proto" has a name conflict over grpc.options.gloo.solo.io.ServiceSpec
	previously from: "github.com/solo-io/gloo/projects/gloo/pkg/api/v1/options/grpc"
	currently from:  "github.com/solo-io/solo-apis/pkg/api/gloo.solo.io/v1/options/grpc"
See https://developers.google.com/protocol-buffers/docs/reference/go/faq#namespace-conflict

WARNING: proto: message grpc.options.gloo.solo.io.ServiceSpec is already registered
	previously from: "github.com/solo-io/gloo/projects/gloo/pkg/api/v1/options/grpc"
	currently from:  "github.com/solo-io/solo-apis/pkg/api/gloo.solo.io/v1/options/grpc"
See https://developers.google.com/protocol-buffers/docs/reference/go/faq#namespace-conflict

WARNING: proto: message grpc.options.gloo.solo.io.DestinationSpec is already registered
	previously from: "github.com/solo-io/gloo/projects/gloo/pkg/api/v1/options/grpc"
	currently from:  "github.com/solo-io/solo-apis/pkg/api/gloo.solo.io/v1/options/grpc"
See https://developers.google.com/protocol-buffers/docs/reference/go/faq#namespace-conflict

WARNING: proto: message grpc.options.gloo.solo.io.ServiceSpec.GrpcService is already registered
	previously from: "github.com/solo-io/gloo/projects/gloo/pkg/api/v1/options/grpc"
	currently from:  "github.com/solo-io/solo-apis/pkg/api/gloo.solo.io/v1/options/grpc"
See https://developers.google.com/protocol-buffers/docs/reference/go/faq#namespace-conflict

WARNING: proto: file "github.com/solo-io/solo-apis/api/gloo/gloo/v1/options/grpc_json/grpc_json.proto" has a name conflict over grpc_json.options.gloo.solo.io.GrpcJsonTranscoder
	previously from: "github.com/solo-io/gloo/projects/gloo/pkg/api/v1/options/grpc_json"
	currently from:  "github.com/solo-io/solo-apis/pkg/api/gloo.solo.io/v1/options/grpc_json"
See https://developers.google.com/protocol-buffers/docs/reference/go/faq#namespace-conflict

WARNING: proto: message grpc_json.options.gloo.solo.io.GrpcJsonTranscoder is already registered
	previously from: "github.com/solo-io/gloo/projects/gloo/pkg/api/v1/options/grpc_json"
	currently from:  "github.com/solo-io/solo-apis/pkg/api/gloo.solo.io/v1/options/grpc_json"
See https://developers.google.com/protocol-buffers/docs/reference/go/faq#namespace-conflict

WARNING: proto: message grpc_json.options.gloo.solo.io.GrpcJsonTranscoder.PrintOptions is already registered
	previously from: "github.com/solo-io/gloo/projects/gloo/pkg/api/v1/options/grpc_json"
	currently from:  "github.com/solo-io/solo-apis/pkg/api/gloo.solo.io/v1/options/grpc_json"
See https://developers.google.com/protocol-buffers/docs/reference/go/faq#namespace-conflict

WARNING: proto: file "github.com/solo-io/solo-apis/api/gloo/gloo/v1/options/grpc_web/grpc_web.proto" has a name conflict over grpc_web.options.gloo.solo.io.GrpcWeb
	previously from: "github.com/solo-io/gloo/projects/gloo/pkg/api/v1/options/grpc_web"
	currently from:  "github.com/solo-io/solo-apis/pkg/api/gloo.solo.io/v1/options/grpc_web"
See https://developers.google.com/protocol-buffers/docs/reference/go/faq#namespace-conflict

WARNING: proto: message grpc_web.options.gloo.solo.io.GrpcWeb is already registered
	previously from: "github.com/solo-io/gloo/projects/gloo/pkg/api/v1/options/grpc_web"
	currently from:  "github.com/solo-io/solo-apis/pkg/api/gloo.solo.io/v1/options/grpc_web"
See https://developers.google.com/protocol-buffers/docs/reference/go/faq#namespace-conflict

WARNING: proto: file "github.com/solo-io/solo-apis/api/gloo/gloo/v1/options/protocol_upgrade/protocol_upgrade.proto" has a name conflict over protocol_upgrade.options.gloo.solo.io.ProtocolUpgradeConfig
	previously from: "github.com/solo-io/gloo/projects/gloo/pkg/api/v1/options/protocol_upgrade"
	currently from:  "github.com/solo-io/solo-apis/pkg/api/gloo.solo.io/v1/options/protocol_upgrade"
See https://developers.google.com/protocol-buffers/docs/reference/go/faq#namespace-conflict

WARNING: proto: message protocol_upgrade.options.gloo.solo.io.ProtocolUpgradeConfig is already registered
	previously from: "github.com/solo-io/gloo/projects/gloo/pkg/api/v1/options/protocol_upgrade"
	currently from:  "github.com/solo-io/solo-apis/pkg/api/gloo.solo.io/v1/options/protocol_upgrade"
See https://developers.google.com/protocol-buffers/docs/reference/go/faq#namespace-conflict

WARNING: proto: message protocol_upgrade.options.gloo.solo.io.ProtocolUpgradeConfig.ProtocolUpgradeSpec is already registered
	previously from: "github.com/solo-io/gloo/projects/gloo/pkg/api/v1/options/protocol_upgrade"
	currently from:  "github.com/solo-io/solo-apis/pkg/api/gloo.solo.io/v1/options/protocol_upgrade"
See https://developers.google.com/protocol-buffers/docs/reference/go/faq#namespace-conflict

WARNING: proto: file "github.com/solo-io/solo-apis/api/gloo/gloo/external/envoy/config/trace/v3/datadog.proto" has a name conflict over solo.io.envoy.config.trace.v3.DatadogConfig
	previously from: "github.com/solo-io/gloo/projects/gloo/pkg/api/external/envoy/config/trace/v3"
	currently from:  "github.com/solo-io/solo-apis/pkg/api/gloo.solo.io/external/envoy/config/trace/v3"
See https://developers.google.com/protocol-buffers/docs/reference/go/faq#namespace-conflict

WARNING: proto: message solo.io.envoy.config.trace.v3.DatadogConfig is already registered
	previously from: "github.com/solo-io/gloo/projects/gloo/pkg/api/external/envoy/config/trace/v3"
	currently from:  "github.com/solo-io/solo-apis/pkg/api/gloo.solo.io/external/envoy/config/trace/v3"
See https://developers.google.com/protocol-buffers/docs/reference/go/faq#namespace-conflict

WARNING: proto: file "github.com/solo-io/solo-apis/api/gloo/gloo/external/envoy/config/trace/v3/zipkin.proto" has a name conflict over solo.io.envoy.config.trace.v3.ZipkinConfig
	previously from: "github.com/solo-io/gloo/projects/gloo/pkg/api/external/envoy/config/trace/v3"
	currently from:  "github.com/solo-io/solo-apis/pkg/api/gloo.solo.io/external/envoy/config/trace/v3"
See https://developers.google.com/protocol-buffers/docs/reference/go/faq#namespace-conflict

WARNING: proto: enum solo.io.envoy.config.trace.v3.ZipkinConfig.CollectorEndpointVersion is already registered
	previously from: "github.com/solo-io/gloo/projects/gloo/pkg/api/external/envoy/config/trace/v3"
	currently from:  "github.com/solo-io/solo-apis/pkg/api/gloo.solo.io/external/envoy/config/trace/v3"
See https://developers.google.com/protocol-buffers/docs/reference/go/faq#namespace-conflict

WARNING: proto: message solo.io.envoy.config.trace.v3.ZipkinConfig is already registered
	previously from: "github.com/solo-io/gloo/projects/gloo/pkg/api/external/envoy/config/trace/v3"
	currently from:  "github.com/solo-io/solo-apis/pkg/api/gloo.solo.io/external/envoy/config/trace/v3"
See https://developers.google.com/protocol-buffers/docs/reference/go/faq#namespace-conflict

WARNING: proto: file "github.com/solo-io/solo-apis/api/gloo/gloo/v1/options/tracing/tracing.proto" has a name conflict over tracing.options.gloo.solo.io.TracingTagLiteral
	previously from: "github.com/solo-io/gloo/projects/gloo/pkg/api/v1/options/tracing"
	currently from:  "github.com/solo-io/solo-apis/pkg/api/gloo.solo.io/v1/options/tracing"
See https://developers.google.com/protocol-buffers/docs/reference/go/faq#namespace-conflict

WARNING: proto: file "github.com/solo-io/solo-apis/api/gloo/gloo/v1/options/tracing/tracing.proto" has a name conflict over tracing.options.gloo.solo.io.TracingTagEnvironmentVariable
	previously from: "github.com/solo-io/gloo/projects/gloo/pkg/api/v1/options/tracing"
	currently from:  "github.com/solo-io/solo-apis/pkg/api/gloo.solo.io/v1/options/tracing"
See https://developers.google.com/protocol-buffers/docs/reference/go/faq#namespace-conflict

WARNING: proto: file "github.com/solo-io/solo-apis/api/gloo/gloo/v1/options/tracing/tracing.proto" has a name conflict over tracing.options.gloo.solo.io.TracePercentages
	previously from: "github.com/solo-io/gloo/projects/gloo/pkg/api/v1/options/tracing"
	currently from:  "github.com/solo-io/solo-apis/pkg/api/gloo.solo.io/v1/options/tracing"
See https://developers.google.com/protocol-buffers/docs/reference/go/faq#namespace-conflict

WARNING: proto: file "github.com/solo-io/solo-apis/api/gloo/gloo/v1/options/tracing/tracing.proto" has a name conflict over tracing.options.gloo.solo.io.RouteTracingSettings
	previously from: "github.com/solo-io/gloo/projects/gloo/pkg/api/v1/options/tracing"
	currently from:  "github.com/solo-io/solo-apis/pkg/api/gloo.solo.io/v1/options/tracing"
See https://developers.google.com/protocol-buffers/docs/reference/go/faq#namespace-conflict

WARNING: proto: file "github.com/solo-io/solo-apis/api/gloo/gloo/v1/options/tracing/tracing.proto" has a name conflict over tracing.options.gloo.solo.io.ListenerTracingSettings
	previously from: "github.com/solo-io/gloo/projects/gloo/pkg/api/v1/options/tracing"
	currently from:  "github.com/solo-io/solo-apis/pkg/api/gloo.solo.io/v1/options/tracing"
See https://developers.google.com/protocol-buffers/docs/reference/go/faq#namespace-conflict

WARNING: proto: message tracing.options.gloo.solo.io.ListenerTracingSettings is already registered
	previously from: "github.com/solo-io/gloo/projects/gloo/pkg/api/v1/options/tracing"
	currently from:  "github.com/solo-io/solo-apis/pkg/api/gloo.solo.io/v1/options/tracing"
See https://developers.google.com/protocol-buffers/docs/reference/go/faq#namespace-conflict

WARNING: proto: message tracing.options.gloo.solo.io.RouteTracingSettings is already registered
	previously from: "github.com/solo-io/gloo/projects/gloo/pkg/api/v1/options/tracing"
	currently from:  "github.com/solo-io/solo-apis/pkg/api/gloo.solo.io/v1/options/tracing"
See https://developers.google.com/protocol-buffers/docs/reference/go/faq#namespace-conflict

WARNING: proto: message tracing.options.gloo.solo.io.TracePercentages is already registered
	previously from: "github.com/solo-io/gloo/projects/gloo/pkg/api/v1/options/tracing"
	currently from:  "github.com/solo-io/solo-apis/pkg/api/gloo.solo.io/v1/options/tracing"
See https://developers.google.com/protocol-buffers/docs/reference/go/faq#namespace-conflict

WARNING: proto: message tracing.options.gloo.solo.io.TracingTagEnvironmentVariable is already registered
	previously from: "github.com/solo-io/gloo/projects/gloo/pkg/api/v1/options/tracing"
	currently from:  "github.com/solo-io/solo-apis/pkg/api/gloo.solo.io/v1/options/tracing"
See https://developers.google.com/protocol-buffers/docs/reference/go/faq#namespace-conflict

WARNING: proto: message tracing.options.gloo.solo.io.TracingTagLiteral is already registered
	previously from: "github.com/solo-io/gloo/projects/gloo/pkg/api/v1/options/tracing"
	currently from:  "github.com/solo-io/solo-apis/pkg/api/gloo.solo.io/v1/options/tracing"
See https://developers.google.com/protocol-buffers/docs/reference/go/faq#namespace-conflict

WARNING: proto: file "github.com/solo-io/solo-apis/api/gloo/gloo/v1/options/hcm/hcm.proto" has a name conflict over hcm.options.gloo.solo.io.HttpConnectionManagerSettings
	previously from: "github.com/solo-io/gloo/projects/gloo/pkg/api/v1/options/hcm"
	currently from:  "github.com/solo-io/solo-apis/pkg/api/gloo.solo.io/v1/options/hcm"
See https://developers.google.com/protocol-buffers/docs/reference/go/faq#namespace-conflict

WARNING: proto: enum hcm.options.gloo.solo.io.HttpConnectionManagerSettings.ForwardClientCertDetails is already registered
	previously from: "github.com/solo-io/gloo/projects/gloo/pkg/api/v1/options/hcm"
	currently from:  "github.com/solo-io/solo-apis/pkg/api/gloo.solo.io/v1/options/hcm"
See https://developers.google.com/protocol-buffers/docs/reference/go/faq#namespace-conflict

WARNING: proto: enum hcm.options.gloo.solo.io.HttpConnectionManagerSettings.ServerHeaderTransformation is already registered
	previously from: "github.com/solo-io/gloo/projects/gloo/pkg/api/v1/options/hcm"
	currently from:  "github.com/solo-io/solo-apis/pkg/api/gloo.solo.io/v1/options/hcm"
See https://developers.google.com/protocol-buffers/docs/reference/go/faq#namespace-conflict

WARNING: proto: enum hcm.options.gloo.solo.io.HttpConnectionManagerSettings.HeadersWithUnderscoreAction is already registered
	previously from: "github.com/solo-io/gloo/projects/gloo/pkg/api/v1/options/hcm"
	currently from:  "github.com/solo-io/solo-apis/pkg/api/gloo.solo.io/v1/options/hcm"
See https://developers.google.com/protocol-buffers/docs/reference/go/faq#namespace-conflict

WARNING: proto: enum hcm.options.gloo.solo.io.HttpConnectionManagerSettings.PathWithEscapedSlashesAction is already registered
	previously from: "github.com/solo-io/gloo/projects/gloo/pkg/api/v1/options/hcm"
	currently from:  "github.com/solo-io/solo-apis/pkg/api/gloo.solo.io/v1/options/hcm"
See https://developers.google.com/protocol-buffers/docs/reference/go/faq#namespace-conflict

WARNING: proto: enum hcm.options.gloo.solo.io.HttpConnectionManagerSettings.CodecType is already registered
	previously from: "github.com/solo-io/gloo/projects/gloo/pkg/api/v1/options/hcm"
	currently from:  "github.com/solo-io/solo-apis/pkg/api/gloo.solo.io/v1/options/hcm"
See https://developers.google.com/protocol-buffers/docs/reference/go/faq#namespace-conflict

WARNING: proto: message hcm.options.gloo.solo.io.HttpConnectionManagerSettings is already registered
	previously from: "github.com/solo-io/gloo/projects/gloo/pkg/api/v1/options/hcm"
	currently from:  "github.com/solo-io/solo-apis/pkg/api/gloo.solo.io/v1/options/hcm"
See https://developers.google.com/protocol-buffers/docs/reference/go/faq#namespace-conflict

WARNING: proto: message hcm.options.gloo.solo.io.HttpConnectionManagerSettings.SetCurrentClientCertDetails is already registered
	previously from: "github.com/solo-io/gloo/projects/gloo/pkg/api/v1/options/hcm"
	currently from:  "github.com/solo-io/solo-apis/pkg/api/gloo.solo.io/v1/options/hcm"
See https://developers.google.com/protocol-buffers/docs/reference/go/faq#namespace-conflict

WARNING: proto: message hcm.options.gloo.solo.io.HttpConnectionManagerSettings.UuidRequestIdConfigSettings is already registered
	previously from: "github.com/solo-io/gloo/projects/gloo/pkg/api/v1/options/hcm"
	currently from:  "github.com/solo-io/solo-apis/pkg/api/gloo.solo.io/v1/options/hcm"
See https://developers.google.com/protocol-buffers/docs/reference/go/faq#namespace-conflict

WARNING: proto: message hcm.options.gloo.solo.io.HttpConnectionManagerSettings.CidrRange is already registered
	previously from: "github.com/solo-io/gloo/projects/gloo/pkg/api/v1/options/hcm"
	currently from:  "github.com/solo-io/solo-apis/pkg/api/gloo.solo.io/v1/options/hcm"
See https://developers.google.com/protocol-buffers/docs/reference/go/faq#namespace-conflict

WARNING: proto: message hcm.options.gloo.solo.io.HttpConnectionManagerSettings.InternalAddressConfig is already registered
	previously from: "github.com/solo-io/gloo/projects/gloo/pkg/api/v1/options/hcm"
	currently from:  "github.com/solo-io/solo-apis/pkg/api/gloo.solo.io/v1/options/hcm"
See https://developers.google.com/protocol-buffers/docs/reference/go/faq#namespace-conflict

WARNING: proto: file "github.com/solo-io/solo-apis/api/gloo/gloo/v1/options/headers/headers.proto" has a name conflict over headers.options.gloo.solo.io.HeaderValue
	previously from: "github.com/solo-io/gloo/projects/gloo/pkg/api/v1/options/headers"
	currently from:  "github.com/solo-io/solo-apis/pkg/api/gloo.solo.io/v1/options/headers"
See https://developers.google.com/protocol-buffers/docs/reference/go/faq#namespace-conflict

WARNING: proto: file "github.com/solo-io/solo-apis/api/gloo/gloo/v1/options/headers/headers.proto" has a name conflict over headers.options.gloo.solo.io.HeaderValueOption
	previously from: "github.com/solo-io/gloo/projects/gloo/pkg/api/v1/options/headers"
	currently from:  "github.com/solo-io/solo-apis/pkg/api/gloo.solo.io/v1/options/headers"
See https://developers.google.com/protocol-buffers/docs/reference/go/faq#namespace-conflict

WARNING: proto: file "github.com/solo-io/solo-apis/api/gloo/gloo/v1/options/headers/headers.proto" has a name conflict over headers.options.gloo.solo.io.HeaderManipulation
	previously from: "github.com/solo-io/gloo/projects/gloo/pkg/api/v1/options/headers"
	currently from:  "github.com/solo-io/solo-apis/pkg/api/gloo.solo.io/v1/options/headers"
See https://developers.google.com/protocol-buffers/docs/reference/go/faq#namespace-conflict

WARNING: proto: message headers.options.gloo.solo.io.HeaderManipulation is already registered
	previously from: "github.com/solo-io/gloo/projects/gloo/pkg/api/v1/options/headers"
	currently from:  "github.com/solo-io/solo-apis/pkg/api/gloo.solo.io/v1/options/headers"
See https://developers.google.com/protocol-buffers/docs/reference/go/faq#namespace-conflict

WARNING: proto: message headers.options.gloo.solo.io.HeaderValueOption is already registered
	previously from: "github.com/solo-io/gloo/projects/gloo/pkg/api/v1/options/headers"
	currently from:  "github.com/solo-io/solo-apis/pkg/api/gloo.solo.io/v1/options/headers"
See https://developers.google.com/protocol-buffers/docs/reference/go/faq#namespace-conflict

WARNING: proto: message headers.options.gloo.solo.io.HeaderValue is already registered
	previously from: "github.com/solo-io/gloo/projects/gloo/pkg/api/v1/options/headers"
	currently from:  "github.com/solo-io/solo-apis/pkg/api/gloo.solo.io/v1/options/headers"
See https://developers.google.com/protocol-buffers/docs/reference/go/faq#namespace-conflict

WARNING: proto: file "github.com/solo-io/solo-apis/api/gloo/gloo/v1/options/healthcheck/healthcheck.proto" has a name conflict over healthcheck.options.gloo.solo.io.HealthCheck
	previously from: "github.com/solo-io/gloo/projects/gloo/pkg/api/v1/options/healthcheck"
	currently from:  "github.com/solo-io/solo-apis/pkg/api/gloo.solo.io/v1/options/healthcheck"
See https://developers.google.com/protocol-buffers/docs/reference/go/faq#namespace-conflict

WARNING: proto: message healthcheck.options.gloo.solo.io.HealthCheck is already registered
	previously from: "github.com/solo-io/gloo/projects/gloo/pkg/api/v1/options/healthcheck"
	currently from:  "github.com/solo-io/solo-apis/pkg/api/gloo.solo.io/v1/options/healthcheck"
See https://developers.google.com/protocol-buffers/docs/reference/go/faq#namespace-conflict

WARNING: proto: file "github.com/solo-io/solo-apis/api/gloo/gloo/v1/options/lbhash/lbhash.proto" has a name conflict over lbhash.options.gloo.solo.io.HashPolicy
	previously from: "github.com/solo-io/gloo/projects/gloo/pkg/api/v1/options/lbhash"
	currently from:  "github.com/solo-io/solo-apis/pkg/api/gloo.solo.io/v1/options/lbhash"
See https://developers.google.com/protocol-buffers/docs/reference/go/faq#namespace-conflict

WARNING: proto: file "github.com/solo-io/solo-apis/api/gloo/gloo/v1/options/lbhash/lbhash.proto" has a name conflict over lbhash.options.gloo.solo.io.Cookie
	previously from: "github.com/solo-io/gloo/projects/gloo/pkg/api/v1/options/lbhash"
	currently from:  "github.com/solo-io/solo-apis/pkg/api/gloo.solo.io/v1/options/lbhash"
See https://developers.google.com/protocol-buffers/docs/reference/go/faq#namespace-conflict

WARNING: proto: file "github.com/solo-io/solo-apis/api/gloo/gloo/v1/options/lbhash/lbhash.proto" has a name conflict over lbhash.options.gloo.solo.io.RouteActionHashConfig
	previously from: "github.com/solo-io/gloo/projects/gloo/pkg/api/v1/options/lbhash"
	currently from:  "github.com/solo-io/solo-apis/pkg/api/gloo.solo.io/v1/options/lbhash"
See https://developers.google.com/protocol-buffers/docs/reference/go/faq#namespace-conflict

WARNING: proto: message lbhash.options.gloo.solo.io.RouteActionHashConfig is already registered
	previously from: "github.com/solo-io/gloo/projects/gloo/pkg/api/v1/options/lbhash"
	currently from:  "github.com/solo-io/solo-apis/pkg/api/gloo.solo.io/v1/options/lbhash"
See https://developers.google.com/protocol-buffers/docs/reference/go/faq#namespace-conflict

WARNING: proto: message lbhash.options.gloo.solo.io.Cookie is already registered
	previously from: "github.com/solo-io/gloo/projects/gloo/pkg/api/v1/options/lbhash"
	currently from:  "github.com/solo-io/solo-apis/pkg/api/gloo.solo.io/v1/options/lbhash"
See https://developers.google.com/protocol-buffers/docs/reference/go/faq#namespace-conflict

WARNING: proto: message lbhash.options.gloo.solo.io.HashPolicy is already registered
	previously from: "github.com/solo-io/gloo/projects/gloo/pkg/api/v1/options/lbhash"
	currently from:  "github.com/solo-io/solo-apis/pkg/api/gloo.solo.io/v1/options/lbhash"
See https://developers.google.com/protocol-buffers/docs/reference/go/faq#namespace-conflict

WARNING: proto: file "github.com/solo-io/solo-apis/api/gloo/gloo/v1/options/proxy_protocol/proxy_protocol.proto" has a name conflict over proxy_protocol.options.gloo.solo.io.ProxyProtocol
	previously from: "github.com/solo-io/gloo/projects/gloo/pkg/api/v1/options/proxy_protocol"
	currently from:  "github.com/solo-io/solo-apis/pkg/api/gloo.solo.io/v1/options/proxy_protocol"
See https://developers.google.com/protocol-buffers/docs/reference/go/faq#namespace-conflict

WARNING: proto: message proxy_protocol.options.gloo.solo.io.ProxyProtocol is already registered
	previously from: "github.com/solo-io/gloo/projects/gloo/pkg/api/v1/options/proxy_protocol"
	currently from:  "github.com/solo-io/solo-apis/pkg/api/gloo.solo.io/v1/options/proxy_protocol"
See https://developers.google.com/protocol-buffers/docs/reference/go/faq#namespace-conflict

WARNING: proto: message proxy_protocol.options.gloo.solo.io.ProxyProtocol.KeyValuePair is already registered
	previously from: "github.com/solo-io/gloo/projects/gloo/pkg/api/v1/options/proxy_protocol"
	currently from:  "github.com/solo-io/solo-apis/pkg/api/gloo.solo.io/v1/options/proxy_protocol"
See https://developers.google.com/protocol-buffers/docs/reference/go/faq#namespace-conflict

WARNING: proto: message proxy_protocol.options.gloo.solo.io.ProxyProtocol.Rule is already registered
	previously from: "github.com/solo-io/gloo/projects/gloo/pkg/api/v1/options/proxy_protocol"
	currently from:  "github.com/solo-io/solo-apis/pkg/api/gloo.solo.io/v1/options/proxy_protocol"
See https://developers.google.com/protocol-buffers/docs/reference/go/faq#namespace-conflict

WARNING: proto: file "github.com/solo-io/solo-apis/api/gloo/gloo/v1/options/rest/rest.proto" has a name conflict over rest.options.gloo.solo.io.DestinationSpec
	previously from: "github.com/solo-io/gloo/projects/gloo/pkg/api/v1/options/rest"
	currently from:  "github.com/solo-io/solo-apis/pkg/api/gloo.solo.io/v1/options/rest"
See https://developers.google.com/protocol-buffers/docs/reference/go/faq#namespace-conflict

WARNING: proto: file "github.com/solo-io/solo-apis/api/gloo/gloo/v1/options/rest/rest.proto" has a name conflict over rest.options.gloo.solo.io.ServiceSpec
	previously from: "github.com/solo-io/gloo/projects/gloo/pkg/api/v1/options/rest"
	currently from:  "github.com/solo-io/solo-apis/pkg/api/gloo.solo.io/v1/options/rest"
See https://developers.google.com/protocol-buffers/docs/reference/go/faq#namespace-conflict

WARNING: proto: message rest.options.gloo.solo.io.ServiceSpec is already registered
	previously from: "github.com/solo-io/gloo/projects/gloo/pkg/api/v1/options/rest"
	currently from:  "github.com/solo-io/solo-apis/pkg/api/gloo.solo.io/v1/options/rest"
See https://developers.google.com/protocol-buffers/docs/reference/go/faq#namespace-conflict

WARNING: proto: message rest.options.gloo.solo.io.DestinationSpec is already registered
	previously from: "github.com/solo-io/gloo/projects/gloo/pkg/api/v1/options/rest"
	currently from:  "github.com/solo-io/solo-apis/pkg/api/gloo.solo.io/v1/options/rest"
See https://developers.google.com/protocol-buffers/docs/reference/go/faq#namespace-conflict

WARNING: proto: message rest.options.gloo.solo.io.ServiceSpec.SwaggerInfo is already registered
	previously from: "github.com/solo-io/gloo/projects/gloo/pkg/api/v1/options/rest"
	currently from:  "github.com/solo-io/solo-apis/pkg/api/gloo.solo.io/v1/options/rest"
See https://developers.google.com/protocol-buffers/docs/reference/go/faq#namespace-conflict

WARNING: proto: file "github.com/solo-io/solo-apis/api/gloo/gloo/v1/options/retries/retries.proto" has a name conflict over retries.options.gloo.solo.io.RetryPolicy
	previously from: "github.com/solo-io/gloo/projects/gloo/pkg/api/v1/options/retries"
	currently from:  "github.com/solo-io/solo-apis/pkg/api/gloo.solo.io/v1/options/retries"
See https://developers.google.com/protocol-buffers/docs/reference/go/faq#namespace-conflict

WARNING: proto: message retries.options.gloo.solo.io.RetryPolicy is already registered
	previously from: "github.com/solo-io/gloo/projects/gloo/pkg/api/v1/options/retries"
	currently from:  "github.com/solo-io/solo-apis/pkg/api/gloo.solo.io/v1/options/retries"
See https://developers.google.com/protocol-buffers/docs/reference/go/faq#namespace-conflict

WARNING: proto: file "github.com/solo-io/solo-apis/api/gloo/gloo/v1/options/shadowing/shadowing.proto" has a name conflict over shadowing.options.gloo.solo.io.RouteShadowing
	previously from: "github.com/solo-io/gloo/projects/gloo/pkg/api/v1/options/shadowing"
	currently from:  "github.com/solo-io/solo-apis/pkg/api/gloo.solo.io/v1/options/shadowing"
See https://developers.google.com/protocol-buffers/docs/reference/go/faq#namespace-conflict

WARNING: proto: message shadowing.options.gloo.solo.io.RouteShadowing is already registered
	previously from: "github.com/solo-io/gloo/projects/gloo/pkg/api/v1/options/shadowing"
	currently from:  "github.com/solo-io/solo-apis/pkg/api/gloo.solo.io/v1/options/shadowing"
See https://developers.google.com/protocol-buffers/docs/reference/go/faq#namespace-conflict

WARNING: proto: file "github.com/solo-io/solo-apis/api/gloo/gloo/v1/options/stats/stats.proto" has a name conflict over stats.options.gloo.solo.io.VirtualCluster
	previously from: "github.com/solo-io/gloo/projects/gloo/pkg/api/v1/options/stats"
	currently from:  "github.com/solo-io/solo-apis/pkg/api/gloo.solo.io/v1/options/stats"
See https://developers.google.com/protocol-buffers/docs/reference/go/faq#namespace-conflict

WARNING: proto: file "github.com/solo-io/solo-apis/api/gloo/gloo/v1/options/stats/stats.proto" has a name conflict over stats.options.gloo.solo.io.Stats
	previously from: "github.com/solo-io/gloo/projects/gloo/pkg/api/v1/options/stats"
	currently from:  "github.com/solo-io/solo-apis/pkg/api/gloo.solo.io/v1/options/stats"
See https://developers.google.com/protocol-buffers/docs/reference/go/faq#namespace-conflict

WARNING: proto: message stats.options.gloo.solo.io.Stats is already registered
	previously from: "github.com/solo-io/gloo/projects/gloo/pkg/api/v1/options/stats"
	currently from:  "github.com/solo-io/solo-apis/pkg/api/gloo.solo.io/v1/options/stats"
See https://developers.google.com/protocol-buffers/docs/reference/go/faq#namespace-conflict

WARNING: proto: message stats.options.gloo.solo.io.VirtualCluster is already registered
	previously from: "github.com/solo-io/gloo/projects/gloo/pkg/api/v1/options/stats"
	currently from:  "github.com/solo-io/solo-apis/pkg/api/gloo.solo.io/v1/options/stats"
See https://developers.google.com/protocol-buffers/docs/reference/go/faq#namespace-conflict

WARNING: proto: file "github.com/solo-io/solo-apis/api/gloo/gloo/v1/options/tcp/tcp.proto" has a name conflict over tcp.options.gloo.solo.io.HeaderValue
	previously from: "github.com/solo-io/gloo/projects/gloo/pkg/api/v1/options/tcp"
	currently from:  "github.com/solo-io/solo-apis/pkg/api/gloo.solo.io/v1/options/tcp"
See https://developers.google.com/protocol-buffers/docs/reference/go/faq#namespace-conflict

WARNING: proto: file "github.com/solo-io/solo-apis/api/gloo/gloo/v1/options/tcp/tcp.proto" has a name conflict over tcp.options.gloo.solo.io.HeaderValueOption
	previously from: "github.com/solo-io/gloo/projects/gloo/pkg/api/v1/options/tcp"
	currently from:  "github.com/solo-io/solo-apis/pkg/api/gloo.solo.io/v1/options/tcp"
See https://developers.google.com/protocol-buffers/docs/reference/go/faq#namespace-conflict

WARNING: proto: file "github.com/solo-io/solo-apis/api/gloo/gloo/v1/options/tcp/tcp.proto" has a name conflict over tcp.options.gloo.solo.io.TcpProxySettings
	previously from: "github.com/solo-io/gloo/projects/gloo/pkg/api/v1/options/tcp"
	currently from:  "github.com/solo-io/solo-apis/pkg/api/gloo.solo.io/v1/options/tcp"
See https://developers.google.com/protocol-buffers/docs/reference/go/faq#namespace-conflict

WARNING: proto: message tcp.options.gloo.solo.io.TcpProxySettings is already registered
	previously from: "github.com/solo-io/gloo/projects/gloo/pkg/api/v1/options/tcp"
	currently from:  "github.com/solo-io/solo-apis/pkg/api/gloo.solo.io/v1/options/tcp"
See https://developers.google.com/protocol-buffers/docs/reference/go/faq#namespace-conflict

WARNING: proto: message tcp.options.gloo.solo.io.HeaderValueOption is already registered
	previously from: "github.com/solo-io/gloo/projects/gloo/pkg/api/v1/options/tcp"
	currently from:  "github.com/solo-io/solo-apis/pkg/api/gloo.solo.io/v1/options/tcp"
See https://developers.google.com/protocol-buffers/docs/reference/go/faq#namespace-conflict

WARNING: proto: message tcp.options.gloo.solo.io.HeaderValue is already registered
	previously from: "github.com/solo-io/gloo/projects/gloo/pkg/api/v1/options/tcp"
	currently from:  "github.com/solo-io/solo-apis/pkg/api/gloo.solo.io/v1/options/tcp"
See https://developers.google.com/protocol-buffers/docs/reference/go/faq#namespace-conflict

WARNING: proto: message tcp.options.gloo.solo.io.TcpProxySettings.TunnelingConfig is already registered
	previously from: "github.com/solo-io/gloo/projects/gloo/pkg/api/v1/options/tcp"
	currently from:  "github.com/solo-io/solo-apis/pkg/api/gloo.solo.io/v1/options/tcp"
See https://developers.google.com/protocol-buffers/docs/reference/go/faq#namespace-conflict

WARNING: proto: file "github.com/solo-io/solo-apis/api/gloo/gloo/v1/options/wasm/wasm.proto" has a name conflict over wasm.options.gloo.solo.io.FilterStage
	previously from: "github.com/solo-io/gloo/projects/gloo/pkg/api/v1/options/wasm"
	currently from:  "github.com/solo-io/solo-apis/pkg/api/gloo.solo.io/v1/options/wasm"
See https://developers.google.com/protocol-buffers/docs/reference/go/faq#namespace-conflict

WARNING: proto: file "github.com/solo-io/solo-apis/api/gloo/gloo/v1/options/wasm/wasm.proto" has a name conflict over wasm.options.gloo.solo.io.WasmFilter
	previously from: "github.com/solo-io/gloo/projects/gloo/pkg/api/v1/options/wasm"
	currently from:  "github.com/solo-io/solo-apis/pkg/api/gloo.solo.io/v1/options/wasm"
See https://developers.google.com/protocol-buffers/docs/reference/go/faq#namespace-conflict

WARNING: proto: file "github.com/solo-io/solo-apis/api/gloo/gloo/v1/options/wasm/wasm.proto" has a name conflict over wasm.options.gloo.solo.io.PluginSource
	previously from: "github.com/solo-io/gloo/projects/gloo/pkg/api/v1/options/wasm"
	currently from:  "github.com/solo-io/solo-apis/pkg/api/gloo.solo.io/v1/options/wasm"
See https://developers.google.com/protocol-buffers/docs/reference/go/faq#namespace-conflict

WARNING: proto: enum wasm.options.gloo.solo.io.WasmFilter.VmType is already registered
	previously from: "github.com/solo-io/gloo/projects/gloo/pkg/api/v1/options/wasm"
	currently from:  "github.com/solo-io/solo-apis/pkg/api/gloo.solo.io/v1/options/wasm"
See https://developers.google.com/protocol-buffers/docs/reference/go/faq#namespace-conflict

WARNING: proto: enum wasm.options.gloo.solo.io.FilterStage.Stage is already registered
	previously from: "github.com/solo-io/gloo/projects/gloo/pkg/api/v1/options/wasm"
	currently from:  "github.com/solo-io/solo-apis/pkg/api/gloo.solo.io/v1/options/wasm"
See https://developers.google.com/protocol-buffers/docs/reference/go/faq#namespace-conflict

WARNING: proto: enum wasm.options.gloo.solo.io.FilterStage.Predicate is already registered
	previously from: "github.com/solo-io/gloo/projects/gloo/pkg/api/v1/options/wasm"
	currently from:  "github.com/solo-io/solo-apis/pkg/api/gloo.solo.io/v1/options/wasm"
See https://developers.google.com/protocol-buffers/docs/reference/go/faq#namespace-conflict

WARNING: proto: message wasm.options.gloo.solo.io.PluginSource is already registered
	previously from: "github.com/solo-io/gloo/projects/gloo/pkg/api/v1/options/wasm"
	currently from:  "github.com/solo-io/solo-apis/pkg/api/gloo.solo.io/v1/options/wasm"
See https://developers.google.com/protocol-buffers/docs/reference/go/faq#namespace-conflict

WARNING: proto: message wasm.options.gloo.solo.io.WasmFilter is already registered
	previously from: "github.com/solo-io/gloo/projects/gloo/pkg/api/v1/options/wasm"
	currently from:  "github.com/solo-io/solo-apis/pkg/api/gloo.solo.io/v1/options/wasm"
See https://developers.google.com/protocol-buffers/docs/reference/go/faq#namespace-conflict

WARNING: proto: message wasm.options.gloo.solo.io.FilterStage is already registered
	previously from: "github.com/solo-io/gloo/projects/gloo/pkg/api/v1/options/wasm"
	currently from:  "github.com/solo-io/solo-apis/pkg/api/gloo.solo.io/v1/options/wasm"
See https://developers.google.com/protocol-buffers/docs/reference/go/faq#namespace-conflict

WARNING: proto: file "github.com/solo-io/solo-apis/api/gloo/gloo/external/envoy/extensions/aws/filter.proto" has a name conflict over envoy.config.filter.http.aws_lambda.v2.ApiGatewayTransformation
	previously from: "github.com/solo-io/gloo/projects/gloo/pkg/api/external/envoy/extensions/aws"
	currently from:  "github.com/solo-io/solo-apis/pkg/api/gloo.solo.io/external/envoy/extensions/aws"
See https://developers.google.com/protocol-buffers/docs/reference/go/faq#namespace-conflict

WARNING: proto: file "github.com/solo-io/solo-apis/api/gloo/gloo/external/envoy/extensions/aws/filter.proto" has a name conflict over envoy.config.filter.http.aws_lambda.v2.AWSLambdaConfig
	previously from: "github.com/solo-io/gloo/projects/gloo/pkg/api/external/envoy/extensions/aws"
	currently from:  "github.com/solo-io/solo-apis/pkg/api/gloo.solo.io/external/envoy/extensions/aws"
See https://developers.google.com/protocol-buffers/docs/reference/go/faq#namespace-conflict

WARNING: proto: file "github.com/solo-io/solo-apis/api/gloo/gloo/external/envoy/extensions/aws/filter.proto" has a name conflict over envoy.config.filter.http.aws_lambda.v2.AWSLambdaProtocolExtension
	previously from: "github.com/solo-io/gloo/projects/gloo/pkg/api/external/envoy/extensions/aws"
	currently from:  "github.com/solo-io/solo-apis/pkg/api/gloo.solo.io/external/envoy/extensions/aws"
See https://developers.google.com/protocol-buffers/docs/reference/go/faq#namespace-conflict

WARNING: proto: file "github.com/solo-io/solo-apis/api/gloo/gloo/external/envoy/extensions/aws/filter.proto" has a name conflict over envoy.config.filter.http.aws_lambda.v2.AWSLambdaPerRoute
	previously from: "github.com/solo-io/gloo/projects/gloo/pkg/api/external/envoy/extensions/aws"
	currently from:  "github.com/solo-io/solo-apis/pkg/api/gloo.solo.io/external/envoy/extensions/aws"
See https://developers.google.com/protocol-buffers/docs/reference/go/faq#namespace-conflict

WARNING: proto: message envoy.config.filter.http.aws_lambda.v2.AWSLambdaPerRoute is already registered
	previously from: "github.com/solo-io/gloo/projects/gloo/pkg/api/external/envoy/extensions/aws"
	currently from:  "github.com/solo-io/solo-apis/pkg/api/gloo.solo.io/external/envoy/extensions/aws"
See https://developers.google.com/protocol-buffers/docs/reference/go/faq#namespace-conflict

WARNING: proto: message envoy.config.filter.http.aws_lambda.v2.AWSLambdaProtocolExtension is already registered
	previously from: "github.com/solo-io/gloo/projects/gloo/pkg/api/external/envoy/extensions/aws"
	currently from:  "github.com/solo-io/solo-apis/pkg/api/gloo.solo.io/external/envoy/extensions/aws"
See https://developers.google.com/protocol-buffers/docs/reference/go/faq#namespace-conflict

WARNING: proto: message envoy.config.filter.http.aws_lambda.v2.AWSLambdaConfig is already registered
	previously from: "github.com/solo-io/gloo/projects/gloo/pkg/api/external/envoy/extensions/aws"
	currently from:  "github.com/solo-io/solo-apis/pkg/api/gloo.solo.io/external/envoy/extensions/aws"
See https://developers.google.com/protocol-buffers/docs/reference/go/faq#namespace-conflict

WARNING: proto: message envoy.config.filter.http.aws_lambda.v2.ApiGatewayTransformation is already registered
	previously from: "github.com/solo-io/gloo/projects/gloo/pkg/api/external/envoy/extensions/aws"
	currently from:  "github.com/solo-io/solo-apis/pkg/api/gloo.solo.io/external/envoy/extensions/aws"
See https://developers.google.com/protocol-buffers/docs/reference/go/faq#namespace-conflict

WARNING: proto: message envoy.config.filter.http.aws_lambda.v2.AWSLambdaConfig.ServiceAccountCredentials is already registered
	previously from: "github.com/solo-io/gloo/projects/gloo/pkg/api/external/envoy/extensions/aws"
	currently from:  "github.com/solo-io/solo-apis/pkg/api/gloo.solo.io/external/envoy/extensions/aws"
See https://developers.google.com/protocol-buffers/docs/reference/go/faq#namespace-conflict

WARNING: proto: file "github.com/solo-io/solo-apis/api/gloo/gloo/v1/options/service_spec.proto" has a name conflict over options.gloo.solo.io.ServiceSpec
	previously from: "github.com/solo-io/gloo/projects/gloo/pkg/api/v1/options"
	currently from:  "github.com/solo-io/solo-apis/pkg/api/gloo.solo.io/v1/options"
See https://developers.google.com/protocol-buffers/docs/reference/go/faq#namespace-conflict

WARNING: proto: message options.gloo.solo.io.ServiceSpec is already registered
	previously from: "github.com/solo-io/gloo/projects/gloo/pkg/api/v1/options"
	currently from:  "github.com/solo-io/solo-apis/pkg/api/gloo.solo.io/v1/options"
See https://developers.google.com/protocol-buffers/docs/reference/go/faq#namespace-conflict

WARNING: proto: file "github.com/solo-io/solo-apis/api/gloo/gloo/v1/options/subset_spec.proto" has a name conflict over options.gloo.solo.io.FallbackPolicy
	previously from: "github.com/solo-io/gloo/projects/gloo/pkg/api/v1/options"
	currently from:  "github.com/solo-io/solo-apis/pkg/api/gloo.solo.io/v1/options"
See https://developers.google.com/protocol-buffers/docs/reference/go/faq#namespace-conflict

WARNING: proto: file "github.com/solo-io/solo-apis/api/gloo/gloo/v1/options/subset_spec.proto" has a name conflict over options.gloo.solo.io.NO_FALLBACK
	previously from: "github.com/solo-io/gloo/projects/gloo/pkg/api/v1/options"
	currently from:  "github.com/solo-io/solo-apis/pkg/api/gloo.solo.io/v1/options"
See https://developers.google.com/protocol-buffers/docs/reference/go/faq#namespace-conflict

WARNING: proto: file "github.com/solo-io/solo-apis/api/gloo/gloo/v1/options/subset_spec.proto" has a name conflict over options.gloo.solo.io.DEFAULT_SUBSET
	previously from: "github.com/solo-io/gloo/projects/gloo/pkg/api/v1/options"
	currently from:  "github.com/solo-io/solo-apis/pkg/api/gloo.solo.io/v1/options"
See https://developers.google.com/protocol-buffers/docs/reference/go/faq#namespace-conflict

WARNING: proto: file "github.com/solo-io/solo-apis/api/gloo/gloo/v1/options/subset_spec.proto" has a name conflict over options.gloo.solo.io.ANY_ENDPOINT
	previously from: "github.com/solo-io/gloo/projects/gloo/pkg/api/v1/options"
	currently from:  "github.com/solo-io/solo-apis/pkg/api/gloo.solo.io/v1/options"
See https://developers.google.com/protocol-buffers/docs/reference/go/faq#namespace-conflict

WARNING: proto: file "github.com/solo-io/solo-apis/api/gloo/gloo/v1/options/subset_spec.proto" has a name conflict over options.gloo.solo.io.Subset
	previously from: "github.com/solo-io/gloo/projects/gloo/pkg/api/v1/options"
	currently from:  "github.com/solo-io/solo-apis/pkg/api/gloo.solo.io/v1/options"
See https://developers.google.com/protocol-buffers/docs/reference/go/faq#namespace-conflict

WARNING: proto: file "github.com/solo-io/solo-apis/api/gloo/gloo/v1/options/subset_spec.proto" has a name conflict over options.gloo.solo.io.Selector
	previously from: "github.com/solo-io/gloo/projects/gloo/pkg/api/v1/options"
	currently from:  "github.com/solo-io/solo-apis/pkg/api/gloo.solo.io/v1/options"
See https://developers.google.com/protocol-buffers/docs/reference/go/faq#namespace-conflict

WARNING: proto: file "github.com/solo-io/solo-apis/api/gloo/gloo/v1/options/subset_spec.proto" has a name conflict over options.gloo.solo.io.SubsetSpec
	previously from: "github.com/solo-io/gloo/projects/gloo/pkg/api/v1/options"
	currently from:  "github.com/solo-io/solo-apis/pkg/api/gloo.solo.io/v1/options"
See https://developers.google.com/protocol-buffers/docs/reference/go/faq#namespace-conflict

WARNING: proto: enum options.gloo.solo.io.FallbackPolicy is already registered
	previously from: "github.com/solo-io/gloo/projects/gloo/pkg/api/v1/options"
	currently from:  "github.com/solo-io/solo-apis/pkg/api/gloo.solo.io/v1/options"
See https://developers.google.com/protocol-buffers/docs/reference/go/faq#namespace-conflict

WARNING: proto: message options.gloo.solo.io.SubsetSpec is already registered
	previously from: "github.com/solo-io/gloo/projects/gloo/pkg/api/v1/options"
	currently from:  "github.com/solo-io/solo-apis/pkg/api/gloo.solo.io/v1/options"
See https://developers.google.com/protocol-buffers/docs/reference/go/faq#namespace-conflict

WARNING: proto: message options.gloo.solo.io.Selector is already registered
	previously from: "github.com/solo-io/gloo/projects/gloo/pkg/api/v1/options"
	currently from:  "github.com/solo-io/solo-apis/pkg/api/gloo.solo.io/v1/options"
See https://developers.google.com/protocol-buffers/docs/reference/go/faq#namespace-conflict

WARNING: proto: message options.gloo.solo.io.Subset is already registered
	previously from: "github.com/solo-io/gloo/projects/gloo/pkg/api/v1/options"
	currently from:  "github.com/solo-io/solo-apis/pkg/api/gloo.solo.io/v1/options"
See https://developers.google.com/protocol-buffers/docs/reference/go/faq#namespace-conflict

WARNING: proto: file "github.com/solo-io/solo-apis/api/gloo/gloo/v1/options/consul/query_options.proto" has a name conflict over consul.options.gloo.solo.io.ConsulConsistencyModes
	previously from: "github.com/solo-io/gloo/projects/gloo/pkg/api/v1/options/consul"
	currently from:  "github.com/solo-io/solo-apis/pkg/api/gloo.solo.io/v1/options/consul"
See https://developers.google.com/protocol-buffers/docs/reference/go/faq#namespace-conflict

WARNING: proto: file "github.com/solo-io/solo-apis/api/gloo/gloo/v1/options/consul/query_options.proto" has a name conflict over consul.options.gloo.solo.io.ConsistentMode
	previously from: "github.com/solo-io/gloo/projects/gloo/pkg/api/v1/options/consul"
	currently from:  "github.com/solo-io/solo-apis/pkg/api/gloo.solo.io/v1/options/consul"
See https://developers.google.com/protocol-buffers/docs/reference/go/faq#namespace-conflict

WARNING: proto: file "github.com/solo-io/solo-apis/api/gloo/gloo/v1/options/consul/query_options.proto" has a name conflict over consul.options.gloo.solo.io.StaleMode
	previously from: "github.com/solo-io/gloo/projects/gloo/pkg/api/v1/options/consul"
	currently from:  "github.com/solo-io/solo-apis/pkg/api/gloo.solo.io/v1/options/consul"
See https://developers.google.com/protocol-buffers/docs/reference/go/faq#namespace-conflict

WARNING: proto: file "github.com/solo-io/solo-apis/api/gloo/gloo/v1/options/consul/query_options.proto" has a name conflict over consul.options.gloo.solo.io.DefaultMode
	previously from: "github.com/solo-io/gloo/projects/gloo/pkg/api/v1/options/consul"
	currently from:  "github.com/solo-io/solo-apis/pkg/api/gloo.solo.io/v1/options/consul"
See https://developers.google.com/protocol-buffers/docs/reference/go/faq#namespace-conflict

WARNING: proto: file "github.com/solo-io/solo-apis/api/gloo/gloo/v1/options/consul/query_options.proto" has a name conflict over consul.options.gloo.solo.io.QueryOptions
	previously from: "github.com/solo-io/gloo/projects/gloo/pkg/api/v1/options/consul"
	currently from:  "github.com/solo-io/solo-apis/pkg/api/gloo.solo.io/v1/options/consul"
See https://developers.google.com/protocol-buffers/docs/reference/go/faq#namespace-conflict

WARNING: proto: enum consul.options.gloo.solo.io.ConsulConsistencyModes is already registered
	previously from: "github.com/solo-io/gloo/projects/gloo/pkg/api/v1/options/consul"
	currently from:  "github.com/solo-io/solo-apis/pkg/api/gloo.solo.io/v1/options/consul"
See https://developers.google.com/protocol-buffers/docs/reference/go/faq#namespace-conflict

WARNING: proto: message consul.options.gloo.solo.io.QueryOptions is already registered
	previously from: "github.com/solo-io/gloo/projects/gloo/pkg/api/v1/options/consul"
	currently from:  "github.com/solo-io/solo-apis/pkg/api/gloo.solo.io/v1/options/consul"
See https://developers.google.com/protocol-buffers/docs/reference/go/faq#namespace-conflict

WARNING: proto: file "github.com/solo-io/solo-apis/api/gloo/gloo/v1/options/consul/consul.proto" has a name conflict over consul.options.gloo.solo.io.UpstreamSpec
	previously from: "github.com/solo-io/gloo/projects/gloo/pkg/api/v1/options/consul"
	currently from:  "github.com/solo-io/solo-apis/pkg/api/gloo.solo.io/v1/options/consul"
See https://developers.google.com/protocol-buffers/docs/reference/go/faq#namespace-conflict

WARNING: proto: message consul.options.gloo.solo.io.UpstreamSpec is already registered
	previously from: "github.com/solo-io/gloo/projects/gloo/pkg/api/v1/options/consul"
	currently from:  "github.com/solo-io/solo-apis/pkg/api/gloo.solo.io/v1/options/consul"
See https://developers.google.com/protocol-buffers/docs/reference/go/faq#namespace-conflict

WARNING: proto: file "github.com/solo-io/solo-apis/api/gloo/gloo/external/envoy/api/v2/cluster/outlier_detection.proto" has a name conflict over solo.io.envoy.api.v2.cluster.OutlierDetection
	previously from: "github.com/solo-io/gloo/projects/gloo/pkg/api/external/envoy/api/v2/cluster"
	currently from:  "github.com/solo-io/solo-apis/pkg/api/gloo.solo.io/external/envoy/api/v2/cluster"
See https://developers.google.com/protocol-buffers/docs/reference/go/faq#namespace-conflict

WARNING: proto: message solo.io.envoy.api.v2.cluster.OutlierDetection is already registered
	previously from: "github.com/solo-io/gloo/projects/gloo/pkg/api/external/envoy/api/v2/cluster"
	currently from:  "github.com/solo-io/solo-apis/pkg/api/gloo.solo.io/external/envoy/api/v2/cluster"
See https://developers.google.com/protocol-buffers/docs/reference/go/faq#namespace-conflict

WARNING: proto: file "github.com/solo-io/solo-apis/api/gloo/gloo/external/envoy/api/v2/core/health_check.proto" has a name conflict over solo.io.envoy.api.v2.core.HealthStatus
	previously from: "github.com/solo-io/gloo/projects/gloo/pkg/api/external/envoy/api/v2/core"
	currently from:  "github.com/solo-io/solo-apis/pkg/api/gloo.solo.io/external/envoy/api/v2/core"
See https://developers.google.com/protocol-buffers/docs/reference/go/faq#namespace-conflict

WARNING: proto: file "github.com/solo-io/solo-apis/api/gloo/gloo/external/envoy/api/v2/core/health_check.proto" has a name conflict over solo.io.envoy.api.v2.core.DEGRADED
	previously from: "github.com/solo-io/gloo/projects/gloo/pkg/api/external/envoy/api/v2/core"
	currently from:  "github.com/solo-io/solo-apis/pkg/api/gloo.solo.io/external/envoy/api/v2/core"
See https://developers.google.com/protocol-buffers/docs/reference/go/faq#namespace-conflict

WARNING: proto: file "github.com/solo-io/solo-apis/api/gloo/gloo/external/envoy/api/v2/core/health_check.proto" has a name conflict over solo.io.envoy.api.v2.core.TIMEOUT
	previously from: "github.com/solo-io/gloo/projects/gloo/pkg/api/external/envoy/api/v2/core"
	currently from:  "github.com/solo-io/solo-apis/pkg/api/gloo.solo.io/external/envoy/api/v2/core"
See https://developers.google.com/protocol-buffers/docs/reference/go/faq#namespace-conflict

WARNING: proto: file "github.com/solo-io/solo-apis/api/gloo/gloo/external/envoy/api/v2/core/health_check.proto" has a name conflict over solo.io.envoy.api.v2.core.DRAINING
	previously from: "github.com/solo-io/gloo/projects/gloo/pkg/api/external/envoy/api/v2/core"
	currently from:  "github.com/solo-io/solo-apis/pkg/api/gloo.solo.io/external/envoy/api/v2/core"
See https://developers.google.com/protocol-buffers/docs/reference/go/faq#namespace-conflict

WARNING: proto: file "github.com/solo-io/solo-apis/api/gloo/gloo/external/envoy/api/v2/core/health_check.proto" has a name conflict over solo.io.envoy.api.v2.core.UNHEALTHY
	previously from: "github.com/solo-io/gloo/projects/gloo/pkg/api/external/envoy/api/v2/core"
	currently from:  "github.com/solo-io/solo-apis/pkg/api/gloo.solo.io/external/envoy/api/v2/core"
See https://developers.google.com/protocol-buffers/docs/reference/go/faq#namespace-conflict

WARNING: proto: file "github.com/solo-io/solo-apis/api/gloo/gloo/external/envoy/api/v2/core/health_check.proto" has a name conflict over solo.io.envoy.api.v2.core.HEALTHY
	previously from: "github.com/solo-io/gloo/projects/gloo/pkg/api/external/envoy/api/v2/core"
	currently from:  "github.com/solo-io/solo-apis/pkg/api/gloo.solo.io/external/envoy/api/v2/core"
See https://developers.google.com/protocol-buffers/docs/reference/go/faq#namespace-conflict

WARNING: proto: file "github.com/solo-io/solo-apis/api/gloo/gloo/external/envoy/api/v2/core/health_check.proto" has a name conflict over solo.io.envoy.api.v2.core.UNKNOWN
	previously from: "github.com/solo-io/gloo/projects/gloo/pkg/api/external/envoy/api/v2/core"
	currently from:  "github.com/solo-io/solo-apis/pkg/api/gloo.solo.io/external/envoy/api/v2/core"
See https://developers.google.com/protocol-buffers/docs/reference/go/faq#namespace-conflict

WARNING: proto: file "github.com/solo-io/solo-apis/api/gloo/gloo/external/envoy/api/v2/core/health_check.proto" has a name conflict over solo.io.envoy.api.v2.core.HealthCheck
	previously from: "github.com/solo-io/gloo/projects/gloo/pkg/api/external/envoy/api/v2/core"
	currently from:  "github.com/solo-io/solo-apis/pkg/api/gloo.solo.io/external/envoy/api/v2/core"
See https://developers.google.com/protocol-buffers/docs/reference/go/faq#namespace-conflict

WARNING: proto: enum solo.io.envoy.api.v2.core.HealthStatus is already registered
	previously from: "github.com/solo-io/gloo/projects/gloo/pkg/api/external/envoy/api/v2/core"
	currently from:  "github.com/solo-io/solo-apis/pkg/api/gloo.solo.io/external/envoy/api/v2/core"
See https://developers.google.com/protocol-buffers/docs/reference/go/faq#namespace-conflict

WARNING: proto: message solo.io.envoy.api.v2.core.HealthCheck is already registered
	previously from: "github.com/solo-io/gloo/projects/gloo/pkg/api/external/envoy/api/v2/core"
	currently from:  "github.com/solo-io/solo-apis/pkg/api/gloo.solo.io/external/envoy/api/v2/core"
See https://developers.google.com/protocol-buffers/docs/reference/go/faq#namespace-conflict

WARNING: proto: message solo.io.envoy.api.v2.core.HealthCheck.Payload is already registered
	previously from: "github.com/solo-io/gloo/projects/gloo/pkg/api/external/envoy/api/v2/core"
	currently from:  "github.com/solo-io/solo-apis/pkg/api/gloo.solo.io/external/envoy/api/v2/core"
See https://developers.google.com/protocol-buffers/docs/reference/go/faq#namespace-conflict

WARNING: proto: message solo.io.envoy.api.v2.core.HealthCheck.HttpHealthCheck is already registered
	previously from: "github.com/solo-io/gloo/projects/gloo/pkg/api/external/envoy/api/v2/core"
	currently from:  "github.com/solo-io/solo-apis/pkg/api/gloo.solo.io/external/envoy/api/v2/core"
See https://developers.google.com/protocol-buffers/docs/reference/go/faq#namespace-conflict

WARNING: proto: message solo.io.envoy.api.v2.core.HealthCheck.TcpHealthCheck is already registered
	previously from: "github.com/solo-io/gloo/projects/gloo/pkg/api/external/envoy/api/v2/core"
	currently from:  "github.com/solo-io/solo-apis/pkg/api/gloo.solo.io/external/envoy/api/v2/core"
See https://developers.google.com/protocol-buffers/docs/reference/go/faq#namespace-conflict

WARNING: proto: message solo.io.envoy.api.v2.core.HealthCheck.RedisHealthCheck is already registered
	previously from: "github.com/solo-io/gloo/projects/gloo/pkg/api/external/envoy/api/v2/core"
	currently from:  "github.com/solo-io/solo-apis/pkg/api/gloo.solo.io/external/envoy/api/v2/core"
See https://developers.google.com/protocol-buffers/docs/reference/go/faq#namespace-conflict

WARNING: proto: message solo.io.envoy.api.v2.core.HealthCheck.GrpcHealthCheck is already registered
	previously from: "github.com/solo-io/gloo/projects/gloo/pkg/api/external/envoy/api/v2/core"
	currently from:  "github.com/solo-io/solo-apis/pkg/api/gloo.solo.io/external/envoy/api/v2/core"
See https://developers.google.com/protocol-buffers/docs/reference/go/faq#namespace-conflict

WARNING: proto: message solo.io.envoy.api.v2.core.HealthCheck.CustomHealthCheck is already registered
	previously from: "github.com/solo-io/gloo/projects/gloo/pkg/api/external/envoy/api/v2/core"
	currently from:  "github.com/solo-io/solo-apis/pkg/api/gloo.solo.io/external/envoy/api/v2/core"
See https://developers.google.com/protocol-buffers/docs/reference/go/faq#namespace-conflict

WARNING: proto: file "github.com/solo-io/solo-apis/api/gloo/gloo/v1/options/aws/ec2/aws_ec2.proto" has a name conflict over aws_ec2.options.gloo.solo.io.TagFilter
	previously from: "github.com/solo-io/gloo/projects/gloo/pkg/api/v1/options/aws/ec2"
	currently from:  "github.com/solo-io/solo-apis/pkg/api/gloo.solo.io/v1/options/aws/ec2"
See https://developers.google.com/protocol-buffers/docs/reference/go/faq#namespace-conflict

WARNING: proto: file "github.com/solo-io/solo-apis/api/gloo/gloo/v1/options/aws/ec2/aws_ec2.proto" has a name conflict over aws_ec2.options.gloo.solo.io.UpstreamSpec
	previously from: "github.com/solo-io/gloo/projects/gloo/pkg/api/v1/options/aws/ec2"
	currently from:  "github.com/solo-io/solo-apis/pkg/api/gloo.solo.io/v1/options/aws/ec2"
See https://developers.google.com/protocol-buffers/docs/reference/go/faq#namespace-conflict

WARNING: proto: message aws_ec2.options.gloo.solo.io.UpstreamSpec is already registered
	previously from: "github.com/solo-io/gloo/projects/gloo/pkg/api/v1/options/aws/ec2"
	currently from:  "github.com/solo-io/solo-apis/pkg/api/gloo.solo.io/v1/options/aws/ec2"
See https://developers.google.com/protocol-buffers/docs/reference/go/faq#namespace-conflict

WARNING: proto: message aws_ec2.options.gloo.solo.io.TagFilter is already registered
	previously from: "github.com/solo-io/gloo/projects/gloo/pkg/api/v1/options/aws/ec2"
	currently from:  "github.com/solo-io/solo-apis/pkg/api/gloo.solo.io/v1/options/aws/ec2"
See https://developers.google.com/protocol-buffers/docs/reference/go/faq#namespace-conflict

WARNING: proto: message aws_ec2.options.gloo.solo.io.TagFilter.KvPair is already registered
	previously from: "github.com/solo-io/gloo/projects/gloo/pkg/api/v1/options/aws/ec2"
	currently from:  "github.com/solo-io/solo-apis/pkg/api/gloo.solo.io/v1/options/aws/ec2"
See https://developers.google.com/protocol-buffers/docs/reference/go/faq#namespace-conflict

WARNING: proto: file "github.com/solo-io/solo-apis/api/gloo/gloo/v1/options/kubernetes/kubernetes.proto" has a name conflict over kubernetes.options.gloo.solo.io.UpstreamSpec
	previously from: "github.com/solo-io/gloo/projects/gloo/pkg/api/v1/options/kubernetes"
	currently from:  "github.com/solo-io/solo-apis/pkg/api/gloo.solo.io/v1/options/kubernetes"
See https://developers.google.com/protocol-buffers/docs/reference/go/faq#namespace-conflict

WARNING: proto: message kubernetes.options.gloo.solo.io.UpstreamSpec is already registered
	previously from: "github.com/solo-io/gloo/projects/gloo/pkg/api/v1/options/kubernetes"
	currently from:  "github.com/solo-io/solo-apis/pkg/api/gloo.solo.io/v1/options/kubernetes"
See https://developers.google.com/protocol-buffers/docs/reference/go/faq#namespace-conflict

WARNING: proto: file "github.com/solo-io/solo-apis/api/gloo/gloo/v1/options/pipe/pipe.proto" has a name conflict over pipe.options.gloo.solo.io.UpstreamSpec
	previously from: "github.com/solo-io/gloo/projects/gloo/pkg/api/v1/options/pipe"
	currently from:  "github.com/solo-io/solo-apis/pkg/api/gloo.solo.io/v1/options/pipe"
See https://developers.google.com/protocol-buffers/docs/reference/go/faq#namespace-conflict

WARNING: proto: message pipe.options.gloo.solo.io.UpstreamSpec is already registered
	previously from: "github.com/solo-io/gloo/projects/gloo/pkg/api/v1/options/pipe"
	currently from:  "github.com/solo-io/solo-apis/pkg/api/gloo.solo.io/v1/options/pipe"
See https://developers.google.com/protocol-buffers/docs/reference/go/faq#namespace-conflict

WARNING: proto: file "github.com/solo-io/solo-apis/api/gloo/gloo/v1/options/static/static.proto" has a name conflict over static.options.gloo.solo.io.Host
	previously from: "github.com/solo-io/gloo/projects/gloo/pkg/api/v1/options/static"
	currently from:  "github.com/solo-io/solo-apis/pkg/api/gloo.solo.io/v1/options/static"
See https://developers.google.com/protocol-buffers/docs/reference/go/faq#namespace-conflict

WARNING: proto: file "github.com/solo-io/solo-apis/api/gloo/gloo/v1/options/static/static.proto" has a name conflict over static.options.gloo.solo.io.UpstreamSpec
	previously from: "github.com/solo-io/gloo/projects/gloo/pkg/api/v1/options/static"
	currently from:  "github.com/solo-io/solo-apis/pkg/api/gloo.solo.io/v1/options/static"
See https://developers.google.com/protocol-buffers/docs/reference/go/faq#namespace-conflict

WARNING: proto: message static.options.gloo.solo.io.UpstreamSpec is already registered
	previously from: "github.com/solo-io/gloo/projects/gloo/pkg/api/v1/options/static"
	currently from:  "github.com/solo-io/solo-apis/pkg/api/gloo.solo.io/v1/options/static"
See https://developers.google.com/protocol-buffers/docs/reference/go/faq#namespace-conflict

WARNING: proto: message static.options.gloo.solo.io.Host is already registered
	previously from: "github.com/solo-io/gloo/projects/gloo/pkg/api/v1/options/static"
	currently from:  "github.com/solo-io/solo-apis/pkg/api/gloo.solo.io/v1/options/static"
See https://developers.google.com/protocol-buffers/docs/reference/go/faq#namespace-conflict

WARNING: proto: message static.options.gloo.solo.io.Host.HealthCheckConfig is already registered
	previously from: "github.com/solo-io/gloo/projects/gloo/pkg/api/v1/options/static"
	currently from:  "github.com/solo-io/solo-apis/pkg/api/gloo.solo.io/v1/options/static"
See https://developers.google.com/protocol-buffers/docs/reference/go/faq#namespace-conflict

WARNING: proto: file "github.com/solo-io/solo-apis/api/gloo/gloo/v1/artifact.proto" has a name conflict over gloo.solo.io.Artifact
	previously from: "github.com/solo-io/gloo/projects/gloo/pkg/api/v1"
	currently from:  "github.com/solo-io/solo-apis/pkg/api/gloo.solo.io/v1"
See https://developers.google.com/protocol-buffers/docs/reference/go/faq#namespace-conflict

WARNING: proto: message gloo.solo.io.Artifact is already registered
	previously from: "github.com/solo-io/gloo/projects/gloo/pkg/api/v1"
	currently from:  "github.com/solo-io/solo-apis/pkg/api/gloo.solo.io/v1"
See https://developers.google.com/protocol-buffers/docs/reference/go/faq#namespace-conflict

WARNING: proto: file "github.com/solo-io/solo-apis/api/gloo/gloo/v1/circuit_breaker.proto" has a name conflict over gloo.solo.io.CircuitBreakerConfig
	previously from: "github.com/solo-io/gloo/projects/gloo/pkg/api/v1"
	currently from:  "github.com/solo-io/solo-apis/pkg/api/gloo.solo.io/v1"
See https://developers.google.com/protocol-buffers/docs/reference/go/faq#namespace-conflict

WARNING: proto: message gloo.solo.io.CircuitBreakerConfig is already registered
	previously from: "github.com/solo-io/gloo/projects/gloo/pkg/api/v1"
	currently from:  "github.com/solo-io/solo-apis/pkg/api/gloo.solo.io/v1"
See https://developers.google.com/protocol-buffers/docs/reference/go/faq#namespace-conflict

WARNING: proto: file "github.com/solo-io/solo-apis/api/gloo/gloo/v1/connection.proto" has a name conflict over gloo.solo.io.ConnectionConfig
	previously from: "github.com/solo-io/gloo/projects/gloo/pkg/api/v1"
	currently from:  "github.com/solo-io/solo-apis/pkg/api/gloo.solo.io/v1"
See https://developers.google.com/protocol-buffers/docs/reference/go/faq#namespace-conflict

WARNING: proto: message gloo.solo.io.ConnectionConfig is already registered
	previously from: "github.com/solo-io/gloo/projects/gloo/pkg/api/v1"
	currently from:  "github.com/solo-io/solo-apis/pkg/api/gloo.solo.io/v1"
See https://developers.google.com/protocol-buffers/docs/reference/go/faq#namespace-conflict

WARNING: proto: message gloo.solo.io.ConnectionConfig.TcpKeepAlive is already registered
	previously from: "github.com/solo-io/gloo/projects/gloo/pkg/api/v1"
	currently from:  "github.com/solo-io/solo-apis/pkg/api/gloo.solo.io/v1"
See https://developers.google.com/protocol-buffers/docs/reference/go/faq#namespace-conflict

WARNING: proto: file "github.com/solo-io/solo-apis/api/gloo/gloo/v1/endpoint.proto" has a name conflict over gloo.solo.io.HealthCheckConfig
	previously from: "github.com/solo-io/gloo/projects/gloo/pkg/api/v1"
	currently from:  "github.com/solo-io/solo-apis/pkg/api/gloo.solo.io/v1"
See https://developers.google.com/protocol-buffers/docs/reference/go/faq#namespace-conflict

WARNING: proto: file "github.com/solo-io/solo-apis/api/gloo/gloo/v1/endpoint.proto" has a name conflict over gloo.solo.io.Endpoint
	previously from: "github.com/solo-io/gloo/projects/gloo/pkg/api/v1"
	currently from:  "github.com/solo-io/solo-apis/pkg/api/gloo.solo.io/v1"
See https://developers.google.com/protocol-buffers/docs/reference/go/faq#namespace-conflict

WARNING: proto: message gloo.solo.io.Endpoint is already registered
	previously from: "github.com/solo-io/gloo/projects/gloo/pkg/api/v1"
	currently from:  "github.com/solo-io/solo-apis/pkg/api/gloo.solo.io/v1"
See https://developers.google.com/protocol-buffers/docs/reference/go/faq#namespace-conflict

WARNING: proto: message gloo.solo.io.HealthCheckConfig is already registered
	previously from: "github.com/solo-io/gloo/projects/gloo/pkg/api/v1"
	currently from:  "github.com/solo-io/solo-apis/pkg/api/gloo.solo.io/v1"
See https://developers.google.com/protocol-buffers/docs/reference/go/faq#namespace-conflict

WARNING: proto: file "github.com/solo-io/solo-apis/api/gloo/gloo/v1/extensions.proto" has a name conflict over gloo.solo.io.Extension
	previously from: "github.com/solo-io/gloo/projects/gloo/pkg/api/v1"
	currently from:  "github.com/solo-io/solo-apis/pkg/api/gloo.solo.io/v1"
See https://developers.google.com/protocol-buffers/docs/reference/go/faq#namespace-conflict

WARNING: proto: file "github.com/solo-io/solo-apis/api/gloo/gloo/v1/extensions.proto" has a name conflict over gloo.solo.io.Extensions
	previously from: "github.com/solo-io/gloo/projects/gloo/pkg/api/v1"
	currently from:  "github.com/solo-io/solo-apis/pkg/api/gloo.solo.io/v1"
See https://developers.google.com/protocol-buffers/docs/reference/go/faq#namespace-conflict

WARNING: proto: message gloo.solo.io.Extensions is already registered
	previously from: "github.com/solo-io/gloo/projects/gloo/pkg/api/v1"
	currently from:  "github.com/solo-io/solo-apis/pkg/api/gloo.solo.io/v1"
See https://developers.google.com/protocol-buffers/docs/reference/go/faq#namespace-conflict

WARNING: proto: message gloo.solo.io.Extension is already registered
	previously from: "github.com/solo-io/gloo/projects/gloo/pkg/api/v1"
	currently from:  "github.com/solo-io/solo-apis/pkg/api/gloo.solo.io/v1"
See https://developers.google.com/protocol-buffers/docs/reference/go/faq#namespace-conflict

WARNING: proto: file "github.com/solo-io/solo-apis/api/gloo/gloo/v1/ssl.proto" has a name conflict over gloo.solo.io.SslParameters
	previously from: "github.com/solo-io/gloo/projects/gloo/pkg/api/v1"
	currently from:  "github.com/solo-io/solo-apis/pkg/api/gloo.solo.io/v1"
See https://developers.google.com/protocol-buffers/docs/reference/go/faq#namespace-conflict

WARNING: proto: file "github.com/solo-io/solo-apis/api/gloo/gloo/v1/ssl.proto" has a name conflict over gloo.solo.io.CallCredentials
	previously from: "github.com/solo-io/gloo/projects/gloo/pkg/api/v1"
	currently from:  "github.com/solo-io/solo-apis/pkg/api/gloo.solo.io/v1"
See https://developers.google.com/protocol-buffers/docs/reference/go/faq#namespace-conflict

WARNING: proto: file "github.com/solo-io/solo-apis/api/gloo/gloo/v1/ssl.proto" has a name conflict over gloo.solo.io.SDSConfig
	previously from: "github.com/solo-io/gloo/projects/gloo/pkg/api/v1"
	currently from:  "github.com/solo-io/solo-apis/pkg/api/gloo.solo.io/v1"
See https://developers.google.com/protocol-buffers/docs/reference/go/faq#namespace-conflict

WARNING: proto: file "github.com/solo-io/solo-apis/api/gloo/gloo/v1/ssl.proto" has a name conflict over gloo.solo.io.UpstreamSslConfig
	previously from: "github.com/solo-io/gloo/projects/gloo/pkg/api/v1"
	currently from:  "github.com/solo-io/solo-apis/pkg/api/gloo.solo.io/v1"
See https://developers.google.com/protocol-buffers/docs/reference/go/faq#namespace-conflict

WARNING: proto: file "github.com/solo-io/solo-apis/api/gloo/gloo/v1/ssl.proto" has a name conflict over gloo.solo.io.SSLFiles
	previously from: "github.com/solo-io/gloo/projects/gloo/pkg/api/v1"
	currently from:  "github.com/solo-io/solo-apis/pkg/api/gloo.solo.io/v1"
See https://developers.google.com/protocol-buffers/docs/reference/go/faq#namespace-conflict

WARNING: proto: file "github.com/solo-io/solo-apis/api/gloo/gloo/v1/ssl.proto" has a name conflict over gloo.solo.io.SslConfig
	previously from: "github.com/solo-io/gloo/projects/gloo/pkg/api/v1"
	currently from:  "github.com/solo-io/solo-apis/pkg/api/gloo.solo.io/v1"
See https://developers.google.com/protocol-buffers/docs/reference/go/faq#namespace-conflict

WARNING: proto: enum gloo.solo.io.SslParameters.ProtocolVersion is already registered
	previously from: "github.com/solo-io/gloo/projects/gloo/pkg/api/v1"
	currently from:  "github.com/solo-io/solo-apis/pkg/api/gloo.solo.io/v1"
See https://developers.google.com/protocol-buffers/docs/reference/go/faq#namespace-conflict

WARNING: proto: message gloo.solo.io.SslConfig is already registered
	previously from: "github.com/solo-io/gloo/projects/gloo/pkg/api/v1"
	currently from:  "github.com/solo-io/solo-apis/pkg/api/gloo.solo.io/v1"
See https://developers.google.com/protocol-buffers/docs/reference/go/faq#namespace-conflict

WARNING: proto: message gloo.solo.io.SSLFiles is already registered
	previously from: "github.com/solo-io/gloo/projects/gloo/pkg/api/v1"
	currently from:  "github.com/solo-io/solo-apis/pkg/api/gloo.solo.io/v1"
See https://developers.google.com/protocol-buffers/docs/reference/go/faq#namespace-conflict

WARNING: proto: message gloo.solo.io.UpstreamSslConfig is already registered
	previously from: "github.com/solo-io/gloo/projects/gloo/pkg/api/v1"
	currently from:  "github.com/solo-io/solo-apis/pkg/api/gloo.solo.io/v1"
See https://developers.google.com/protocol-buffers/docs/reference/go/faq#namespace-conflict

WARNING: proto: message gloo.solo.io.SDSConfig is already registered
	previously from: "github.com/solo-io/gloo/projects/gloo/pkg/api/v1"
	currently from:  "github.com/solo-io/solo-apis/pkg/api/gloo.solo.io/v1"
See https://developers.google.com/protocol-buffers/docs/reference/go/faq#namespace-conflict

WARNING: proto: message gloo.solo.io.CallCredentials is already registered
	previously from: "github.com/solo-io/gloo/projects/gloo/pkg/api/v1"
	currently from:  "github.com/solo-io/solo-apis/pkg/api/gloo.solo.io/v1"
See https://developers.google.com/protocol-buffers/docs/reference/go/faq#namespace-conflict

WARNING: proto: message gloo.solo.io.SslParameters is already registered
	previously from: "github.com/solo-io/gloo/projects/gloo/pkg/api/v1"
	currently from:  "github.com/solo-io/solo-apis/pkg/api/gloo.solo.io/v1"
See https://developers.google.com/protocol-buffers/docs/reference/go/faq#namespace-conflict

WARNING: proto: message gloo.solo.io.CallCredentials.FileCredentialSource is already registered
	previously from: "github.com/solo-io/gloo/projects/gloo/pkg/api/v1"
	currently from:  "github.com/solo-io/solo-apis/pkg/api/gloo.solo.io/v1"
See https://developers.google.com/protocol-buffers/docs/reference/go/faq#namespace-conflict

WARNING: proto: file "github.com/solo-io/solo-apis/api/gloo/gloo/v1/failover.proto" has a name conflict over gloo.solo.io.Locality
	previously from: "github.com/solo-io/gloo/projects/gloo/pkg/api/v1"
	currently from:  "github.com/solo-io/solo-apis/pkg/api/gloo.solo.io/v1"
See https://developers.google.com/protocol-buffers/docs/reference/go/faq#namespace-conflict

WARNING: proto: file "github.com/solo-io/solo-apis/api/gloo/gloo/v1/failover.proto" has a name conflict over gloo.solo.io.LbEndpoint
	previously from: "github.com/solo-io/gloo/projects/gloo/pkg/api/v1"
	currently from:  "github.com/solo-io/solo-apis/pkg/api/gloo.solo.io/v1"
See https://developers.google.com/protocol-buffers/docs/reference/go/faq#namespace-conflict

WARNING: proto: file "github.com/solo-io/solo-apis/api/gloo/gloo/v1/failover.proto" has a name conflict over gloo.solo.io.LocalityLbEndpoints
	previously from: "github.com/solo-io/gloo/projects/gloo/pkg/api/v1"
	currently from:  "github.com/solo-io/solo-apis/pkg/api/gloo.solo.io/v1"
See https://developers.google.com/protocol-buffers/docs/reference/go/faq#namespace-conflict

WARNING: proto: file "github.com/solo-io/solo-apis/api/gloo/gloo/v1/failover.proto" has a name conflict over gloo.solo.io.Failover
	previously from: "github.com/solo-io/gloo/projects/gloo/pkg/api/v1"
	currently from:  "github.com/solo-io/solo-apis/pkg/api/gloo.solo.io/v1"
See https://developers.google.com/protocol-buffers/docs/reference/go/faq#namespace-conflict

WARNING: proto: message gloo.solo.io.Failover is already registered
	previously from: "github.com/solo-io/gloo/projects/gloo/pkg/api/v1"
	currently from:  "github.com/solo-io/solo-apis/pkg/api/gloo.solo.io/v1"
See https://developers.google.com/protocol-buffers/docs/reference/go/faq#namespace-conflict

WARNING: proto: message gloo.solo.io.LocalityLbEndpoints is already registered
	previously from: "github.com/solo-io/gloo/projects/gloo/pkg/api/v1"
	currently from:  "github.com/solo-io/solo-apis/pkg/api/gloo.solo.io/v1"
See https://developers.google.com/protocol-buffers/docs/reference/go/faq#namespace-conflict

WARNING: proto: message gloo.solo.io.LbEndpoint is already registered
	previously from: "github.com/solo-io/gloo/projects/gloo/pkg/api/v1"
	currently from:  "github.com/solo-io/solo-apis/pkg/api/gloo.solo.io/v1"
See https://developers.google.com/protocol-buffers/docs/reference/go/faq#namespace-conflict

WARNING: proto: message gloo.solo.io.Locality is already registered
	previously from: "github.com/solo-io/gloo/projects/gloo/pkg/api/v1"
	currently from:  "github.com/solo-io/solo-apis/pkg/api/gloo.solo.io/v1"
See https://developers.google.com/protocol-buffers/docs/reference/go/faq#namespace-conflict

WARNING: proto: message gloo.solo.io.Failover.PrioritizedLocality is already registered
	previously from: "github.com/solo-io/gloo/projects/gloo/pkg/api/v1"
	currently from:  "github.com/solo-io/solo-apis/pkg/api/gloo.solo.io/v1"
See https://developers.google.com/protocol-buffers/docs/reference/go/faq#namespace-conflict

WARNING: proto: message gloo.solo.io.LbEndpoint.HealthCheckConfig is already registered
	previously from: "github.com/solo-io/gloo/projects/gloo/pkg/api/v1"
	currently from:  "github.com/solo-io/solo-apis/pkg/api/gloo.solo.io/v1"
See https://developers.google.com/protocol-buffers/docs/reference/go/faq#namespace-conflict

WARNING: proto: file "github.com/solo-io/solo-apis/api/gloo/gloo/v1/load_balancer.proto" has a name conflict over gloo.solo.io.LoadBalancerConfig
	previously from: "github.com/solo-io/gloo/projects/gloo/pkg/api/v1"
	currently from:  "github.com/solo-io/solo-apis/pkg/api/gloo.solo.io/v1"
See https://developers.google.com/protocol-buffers/docs/reference/go/faq#namespace-conflict

WARNING: proto: message gloo.solo.io.LoadBalancerConfig is already registered
	previously from: "github.com/solo-io/gloo/projects/gloo/pkg/api/v1"
	currently from:  "github.com/solo-io/solo-apis/pkg/api/gloo.solo.io/v1"
See https://developers.google.com/protocol-buffers/docs/reference/go/faq#namespace-conflict

WARNING: proto: message gloo.solo.io.LoadBalancerConfig.RoundRobin is already registered
	previously from: "github.com/solo-io/gloo/projects/gloo/pkg/api/v1"
	currently from:  "github.com/solo-io/solo-apis/pkg/api/gloo.solo.io/v1"
See https://developers.google.com/protocol-buffers/docs/reference/go/faq#namespace-conflict

WARNING: proto: message gloo.solo.io.LoadBalancerConfig.LeastRequest is already registered
	previously from: "github.com/solo-io/gloo/projects/gloo/pkg/api/v1"
	currently from:  "github.com/solo-io/solo-apis/pkg/api/gloo.solo.io/v1"
See https://developers.google.com/protocol-buffers/docs/reference/go/faq#namespace-conflict

WARNING: proto: message gloo.solo.io.LoadBalancerConfig.Random is already registered
	previously from: "github.com/solo-io/gloo/projects/gloo/pkg/api/v1"
	currently from:  "github.com/solo-io/solo-apis/pkg/api/gloo.solo.io/v1"
See https://developers.google.com/protocol-buffers/docs/reference/go/faq#namespace-conflict

WARNING: proto: message gloo.solo.io.LoadBalancerConfig.RingHashConfig is already registered
	previously from: "github.com/solo-io/gloo/projects/gloo/pkg/api/v1"
	currently from:  "github.com/solo-io/solo-apis/pkg/api/gloo.solo.io/v1"
See https://developers.google.com/protocol-buffers/docs/reference/go/faq#namespace-conflict

WARNING: proto: message gloo.solo.io.LoadBalancerConfig.RingHash is already registered
	previously from: "github.com/solo-io/gloo/projects/gloo/pkg/api/v1"
	currently from:  "github.com/solo-io/solo-apis/pkg/api/gloo.solo.io/v1"
See https://developers.google.com/protocol-buffers/docs/reference/go/faq#namespace-conflict

WARNING: proto: message gloo.solo.io.LoadBalancerConfig.Maglev is already registered
	previously from: "github.com/solo-io/gloo/projects/gloo/pkg/api/v1"
	currently from:  "github.com/solo-io/solo-apis/pkg/api/gloo.solo.io/v1"
See https://developers.google.com/protocol-buffers/docs/reference/go/faq#namespace-conflict

WARNING: proto: file "github.com/solo-io/solo-apis/api/gloo/gloo/v1/options.proto" has a name conflict over gloo.solo.io.WeightedDestinationOptions
	previously from: "github.com/solo-io/gloo/projects/gloo/pkg/api/v1"
	currently from:  "github.com/solo-io/solo-apis/pkg/api/gloo.solo.io/v1"
See https://developers.google.com/protocol-buffers/docs/reference/go/faq#namespace-conflict

WARNING: proto: file "github.com/solo-io/solo-apis/api/gloo/gloo/v1/options.proto" has a name conflict over gloo.solo.io.DestinationSpec
	previously from: "github.com/solo-io/gloo/projects/gloo/pkg/api/v1"
	currently from:  "github.com/solo-io/solo-apis/pkg/api/gloo.solo.io/v1"
See https://developers.google.com/protocol-buffers/docs/reference/go/faq#namespace-conflict

WARNING: proto: file "github.com/solo-io/solo-apis/api/gloo/gloo/v1/options.proto" has a name conflict over gloo.solo.io.RouteOptions
	previously from: "github.com/solo-io/gloo/projects/gloo/pkg/api/v1"
	currently from:  "github.com/solo-io/solo-apis/pkg/api/gloo.solo.io/v1"
See https://developers.google.com/protocol-buffers/docs/reference/go/faq#namespace-conflict

WARNING: proto: file "github.com/solo-io/solo-apis/api/gloo/gloo/v1/options.proto" has a name conflict over gloo.solo.io.VirtualHostOptions
	previously from: "github.com/solo-io/gloo/projects/gloo/pkg/api/v1"
	currently from:  "github.com/solo-io/solo-apis/pkg/api/gloo.solo.io/v1"
See https://developers.google.com/protocol-buffers/docs/reference/go/faq#namespace-conflict

WARNING: proto: file "github.com/solo-io/solo-apis/api/gloo/gloo/v1/options.proto" has a name conflict over gloo.solo.io.TcpListenerOptions
	previously from: "github.com/solo-io/gloo/projects/gloo/pkg/api/v1"
	currently from:  "github.com/solo-io/solo-apis/pkg/api/gloo.solo.io/v1"
See https://developers.google.com/protocol-buffers/docs/reference/go/faq#namespace-conflict

WARNING: proto: file "github.com/solo-io/solo-apis/api/gloo/gloo/v1/options.proto" has a name conflict over gloo.solo.io.HttpListenerOptions
	previously from: "github.com/solo-io/gloo/projects/gloo/pkg/api/v1"
	currently from:  "github.com/solo-io/solo-apis/pkg/api/gloo.solo.io/v1"
See https://developers.google.com/protocol-buffers/docs/reference/go/faq#namespace-conflict

WARNING: proto: file "github.com/solo-io/solo-apis/api/gloo/gloo/v1/options.proto" has a name conflict over gloo.solo.io.RouteConfigurationOptions
	previously from: "github.com/solo-io/gloo/projects/gloo/pkg/api/v1"
	currently from:  "github.com/solo-io/solo-apis/pkg/api/gloo.solo.io/v1"
See https://developers.google.com/protocol-buffers/docs/reference/go/faq#namespace-conflict

WARNING: proto: file "github.com/solo-io/solo-apis/api/gloo/gloo/v1/options.proto" has a name conflict over gloo.solo.io.ListenerOptions
	previously from: "github.com/solo-io/gloo/projects/gloo/pkg/api/v1"
	currently from:  "github.com/solo-io/solo-apis/pkg/api/gloo.solo.io/v1"
See https://developers.google.com/protocol-buffers/docs/reference/go/faq#namespace-conflict

WARNING: proto: message gloo.solo.io.ListenerOptions is already registered
	previously from: "github.com/solo-io/gloo/projects/gloo/pkg/api/v1"
	currently from:  "github.com/solo-io/solo-apis/pkg/api/gloo.solo.io/v1"
See https://developers.google.com/protocol-buffers/docs/reference/go/faq#namespace-conflict

WARNING: proto: message gloo.solo.io.RouteConfigurationOptions is already registered
	previously from: "github.com/solo-io/gloo/projects/gloo/pkg/api/v1"
	currently from:  "github.com/solo-io/solo-apis/pkg/api/gloo.solo.io/v1"
See https://developers.google.com/protocol-buffers/docs/reference/go/faq#namespace-conflict

WARNING: proto: message gloo.solo.io.HttpListenerOptions is already registered
	previously from: "github.com/solo-io/gloo/projects/gloo/pkg/api/v1"
	currently from:  "github.com/solo-io/solo-apis/pkg/api/gloo.solo.io/v1"
See https://developers.google.com/protocol-buffers/docs/reference/go/faq#namespace-conflict

WARNING: proto: message gloo.solo.io.TcpListenerOptions is already registered
	previously from: "github.com/solo-io/gloo/projects/gloo/pkg/api/v1"
	currently from:  "github.com/solo-io/solo-apis/pkg/api/gloo.solo.io/v1"
See https://developers.google.com/protocol-buffers/docs/reference/go/faq#namespace-conflict

WARNING: proto: message gloo.solo.io.VirtualHostOptions is already registered
	previously from: "github.com/solo-io/gloo/projects/gloo/pkg/api/v1"
	currently from:  "github.com/solo-io/solo-apis/pkg/api/gloo.solo.io/v1"
See https://developers.google.com/protocol-buffers/docs/reference/go/faq#namespace-conflict

WARNING: proto: message gloo.solo.io.RouteOptions is already registered
	previously from: "github.com/solo-io/gloo/projects/gloo/pkg/api/v1"
	currently from:  "github.com/solo-io/solo-apis/pkg/api/gloo.solo.io/v1"
See https://developers.google.com/protocol-buffers/docs/reference/go/faq#namespace-conflict

WARNING: proto: message gloo.solo.io.DestinationSpec is already registered
	previously from: "github.com/solo-io/gloo/projects/gloo/pkg/api/v1"
	currently from:  "github.com/solo-io/solo-apis/pkg/api/gloo.solo.io/v1"
See https://developers.google.com/protocol-buffers/docs/reference/go/faq#namespace-conflict

WARNING: proto: message gloo.solo.io.WeightedDestinationOptions is already registered
	previously from: "github.com/solo-io/gloo/projects/gloo/pkg/api/v1"
	currently from:  "github.com/solo-io/solo-apis/pkg/api/gloo.solo.io/v1"
See https://developers.google.com/protocol-buffers/docs/reference/go/faq#namespace-conflict

WARNING: proto: file "github.com/solo-io/solo-apis/api/gloo/gloo/v1/subset.proto" has a name conflict over gloo.solo.io.Subset
	previously from: "github.com/solo-io/gloo/projects/gloo/pkg/api/v1"
	currently from:  "github.com/solo-io/solo-apis/pkg/api/gloo.solo.io/v1"
See https://developers.google.com/protocol-buffers/docs/reference/go/faq#namespace-conflict

WARNING: proto: message gloo.solo.io.Subset is already registered
	previously from: "github.com/solo-io/gloo/projects/gloo/pkg/api/v1"
	currently from:  "github.com/solo-io/solo-apis/pkg/api/gloo.solo.io/v1"
See https://developers.google.com/protocol-buffers/docs/reference/go/faq#namespace-conflict

WARNING: proto: file "github.com/solo-io/solo-apis/api/gloo/gloo/v1/proxy.proto" has a name conflict over gloo.solo.io.SourceMetadata
	previously from: "github.com/solo-io/gloo/projects/gloo/pkg/api/v1"
	currently from:  "github.com/solo-io/solo-apis/pkg/api/gloo.solo.io/v1"
See https://developers.google.com/protocol-buffers/docs/reference/go/faq#namespace-conflict

WARNING: proto: file "github.com/solo-io/solo-apis/api/gloo/gloo/v1/proxy.proto" has a name conflict over gloo.solo.io.DirectResponseAction
	previously from: "github.com/solo-io/gloo/projects/gloo/pkg/api/v1"
	currently from:  "github.com/solo-io/solo-apis/pkg/api/gloo.solo.io/v1"
See https://developers.google.com/protocol-buffers/docs/reference/go/faq#namespace-conflict

WARNING: proto: file "github.com/solo-io/solo-apis/api/gloo/gloo/v1/proxy.proto" has a name conflict over gloo.solo.io.RedirectAction
	previously from: "github.com/solo-io/gloo/projects/gloo/pkg/api/v1"
	currently from:  "github.com/solo-io/solo-apis/pkg/api/gloo.solo.io/v1"
See https://developers.google.com/protocol-buffers/docs/reference/go/faq#namespace-conflict

WARNING: proto: file "github.com/solo-io/solo-apis/api/gloo/gloo/v1/proxy.proto" has a name conflict over gloo.solo.io.WeightedDestination
	previously from: "github.com/solo-io/gloo/projects/gloo/pkg/api/v1"
	currently from:  "github.com/solo-io/solo-apis/pkg/api/gloo.solo.io/v1"
See https://developers.google.com/protocol-buffers/docs/reference/go/faq#namespace-conflict

WARNING: proto: file "github.com/solo-io/solo-apis/api/gloo/gloo/v1/proxy.proto" has a name conflict over gloo.solo.io.MultiDestination
	previously from: "github.com/solo-io/gloo/projects/gloo/pkg/api/v1"
	currently from:  "github.com/solo-io/solo-apis/pkg/api/gloo.solo.io/v1"
See https://developers.google.com/protocol-buffers/docs/reference/go/faq#namespace-conflict

WARNING: proto: file "github.com/solo-io/solo-apis/api/gloo/gloo/v1/proxy.proto" has a name conflict over gloo.solo.io.ConsulServiceDestination
	previously from: "github.com/solo-io/gloo/projects/gloo/pkg/api/v1"
	currently from:  "github.com/solo-io/solo-apis/pkg/api/gloo.solo.io/v1"
See https://developers.google.com/protocol-buffers/docs/reference/go/faq#namespace-conflict

WARNING: proto: file "github.com/solo-io/solo-apis/api/gloo/gloo/v1/proxy.proto" has a name conflict over gloo.solo.io.KubernetesServiceDestination
	previously from: "github.com/solo-io/gloo/projects/gloo/pkg/api/v1"
	currently from:  "github.com/solo-io/solo-apis/pkg/api/gloo.solo.io/v1"
See https://developers.google.com/protocol-buffers/docs/reference/go/faq#namespace-conflict

WARNING: proto: file "github.com/solo-io/solo-apis/api/gloo/gloo/v1/proxy.proto" has a name conflict over gloo.solo.io.Destination
	previously from: "github.com/solo-io/gloo/projects/gloo/pkg/api/v1"
	currently from:  "github.com/solo-io/solo-apis/pkg/api/gloo.solo.io/v1"
See https://developers.google.com/protocol-buffers/docs/reference/go/faq#namespace-conflict

WARNING: proto: file "github.com/solo-io/solo-apis/api/gloo/gloo/v1/proxy.proto" has a name conflict over gloo.solo.io.RouteAction
	previously from: "github.com/solo-io/gloo/projects/gloo/pkg/api/v1"
	currently from:  "github.com/solo-io/solo-apis/pkg/api/gloo.solo.io/v1"
See https://developers.google.com/protocol-buffers/docs/reference/go/faq#namespace-conflict

WARNING: proto: file "github.com/solo-io/solo-apis/api/gloo/gloo/v1/proxy.proto" has a name conflict over gloo.solo.io.Route
	previously from: "github.com/solo-io/gloo/projects/gloo/pkg/api/v1"
	currently from:  "github.com/solo-io/solo-apis/pkg/api/gloo.solo.io/v1"
See https://developers.google.com/protocol-buffers/docs/reference/go/faq#namespace-conflict

WARNING: proto: file "github.com/solo-io/solo-apis/api/gloo/gloo/v1/proxy.proto" has a name conflict over gloo.solo.io.VirtualHost
	previously from: "github.com/solo-io/gloo/projects/gloo/pkg/api/v1"
	currently from:  "github.com/solo-io/solo-apis/pkg/api/gloo.solo.io/v1"
See https://developers.google.com/protocol-buffers/docs/reference/go/faq#namespace-conflict

WARNING: proto: file "github.com/solo-io/solo-apis/api/gloo/gloo/v1/proxy.proto" has a name conflict over gloo.solo.io.AggregateListener
	previously from: "github.com/solo-io/gloo/projects/gloo/pkg/api/v1"
	currently from:  "github.com/solo-io/solo-apis/pkg/api/gloo.solo.io/v1"
See https://developers.google.com/protocol-buffers/docs/reference/go/faq#namespace-conflict

WARNING: proto: file "github.com/solo-io/solo-apis/api/gloo/gloo/v1/proxy.proto" has a name conflict over gloo.solo.io.Matcher
	previously from: "github.com/solo-io/gloo/projects/gloo/pkg/api/v1"
	currently from:  "github.com/solo-io/solo-apis/pkg/api/gloo.solo.io/v1"
See https://developers.google.com/protocol-buffers/docs/reference/go/faq#namespace-conflict

WARNING: proto: file "github.com/solo-io/solo-apis/api/gloo/gloo/v1/proxy.proto" has a name conflict over gloo.solo.io.MatchedListener
	previously from: "github.com/solo-io/gloo/projects/gloo/pkg/api/v1"
	currently from:  "github.com/solo-io/solo-apis/pkg/api/gloo.solo.io/v1"
See https://developers.google.com/protocol-buffers/docs/reference/go/faq#namespace-conflict

WARNING: proto: file "github.com/solo-io/solo-apis/api/gloo/gloo/v1/proxy.proto" has a name conflict over gloo.solo.io.HybridListener
	previously from: "github.com/solo-io/gloo/projects/gloo/pkg/api/v1"
	currently from:  "github.com/solo-io/solo-apis/pkg/api/gloo.solo.io/v1"
See https://developers.google.com/protocol-buffers/docs/reference/go/faq#namespace-conflict

WARNING: proto: file "github.com/solo-io/solo-apis/api/gloo/gloo/v1/proxy.proto" has a name conflict over gloo.solo.io.HttpListener
	previously from: "github.com/solo-io/gloo/projects/gloo/pkg/api/v1"
	currently from:  "github.com/solo-io/solo-apis/pkg/api/gloo.solo.io/v1"
See https://developers.google.com/protocol-buffers/docs/reference/go/faq#namespace-conflict

WARNING: proto: file "github.com/solo-io/solo-apis/api/gloo/gloo/v1/proxy.proto" has a name conflict over gloo.solo.io.TcpHost
	previously from: "github.com/solo-io/gloo/projects/gloo/pkg/api/v1"
	currently from:  "github.com/solo-io/solo-apis/pkg/api/gloo.solo.io/v1"
See https://developers.google.com/protocol-buffers/docs/reference/go/faq#namespace-conflict

WARNING: proto: file "github.com/solo-io/solo-apis/api/gloo/gloo/v1/proxy.proto" has a name conflict over gloo.solo.io.TcpListener
	previously from: "github.com/solo-io/gloo/projects/gloo/pkg/api/v1"
	currently from:  "github.com/solo-io/solo-apis/pkg/api/gloo.solo.io/v1"
See https://developers.google.com/protocol-buffers/docs/reference/go/faq#namespace-conflict

WARNING: proto: file "github.com/solo-io/solo-apis/api/gloo/gloo/v1/proxy.proto" has a name conflict over gloo.solo.io.Listener
	previously from: "github.com/solo-io/gloo/projects/gloo/pkg/api/v1"
	currently from:  "github.com/solo-io/solo-apis/pkg/api/gloo.solo.io/v1"
See https://developers.google.com/protocol-buffers/docs/reference/go/faq#namespace-conflict

WARNING: proto: enum gloo.solo.io.RedirectAction.RedirectResponseCode is already registered
	previously from: "github.com/solo-io/gloo/projects/gloo/pkg/api/v1"
	currently from:  "github.com/solo-io/solo-apis/pkg/api/gloo.solo.io/v1"
See https://developers.google.com/protocol-buffers/docs/reference/go/faq#namespace-conflict

WARNING: proto: message gloo.solo.io.Listener is already registered
	previously from: "github.com/solo-io/gloo/projects/gloo/pkg/api/v1"
	currently from:  "github.com/solo-io/solo-apis/pkg/api/gloo.solo.io/v1"
See https://developers.google.com/protocol-buffers/docs/reference/go/faq#namespace-conflict

WARNING: proto: message gloo.solo.io.TcpListener is already registered
	previously from: "github.com/solo-io/gloo/projects/gloo/pkg/api/v1"
	currently from:  "github.com/solo-io/solo-apis/pkg/api/gloo.solo.io/v1"
See https://developers.google.com/protocol-buffers/docs/reference/go/faq#namespace-conflict

WARNING: proto: message gloo.solo.io.TcpHost is already registered
	previously from: "github.com/solo-io/gloo/projects/gloo/pkg/api/v1"
	currently from:  "github.com/solo-io/solo-apis/pkg/api/gloo.solo.io/v1"
See https://developers.google.com/protocol-buffers/docs/reference/go/faq#namespace-conflict

WARNING: proto: message gloo.solo.io.HttpListener is already registered
	previously from: "github.com/solo-io/gloo/projects/gloo/pkg/api/v1"
	currently from:  "github.com/solo-io/solo-apis/pkg/api/gloo.solo.io/v1"
See https://developers.google.com/protocol-buffers/docs/reference/go/faq#namespace-conflict

WARNING: proto: message gloo.solo.io.HybridListener is already registered
	previously from: "github.com/solo-io/gloo/projects/gloo/pkg/api/v1"
	currently from:  "github.com/solo-io/solo-apis/pkg/api/gloo.solo.io/v1"
See https://developers.google.com/protocol-buffers/docs/reference/go/faq#namespace-conflict

WARNING: proto: message gloo.solo.io.MatchedListener is already registered
	previously from: "github.com/solo-io/gloo/projects/gloo/pkg/api/v1"
	currently from:  "github.com/solo-io/solo-apis/pkg/api/gloo.solo.io/v1"
See https://developers.google.com/protocol-buffers/docs/reference/go/faq#namespace-conflict

WARNING: proto: message gloo.solo.io.Matcher is already registered
	previously from: "github.com/solo-io/gloo/projects/gloo/pkg/api/v1"
	currently from:  "github.com/solo-io/solo-apis/pkg/api/gloo.solo.io/v1"
See https://developers.google.com/protocol-buffers/docs/reference/go/faq#namespace-conflict

WARNING: proto: message gloo.solo.io.AggregateListener is already registered
	previously from: "github.com/solo-io/gloo/projects/gloo/pkg/api/v1"
	currently from:  "github.com/solo-io/solo-apis/pkg/api/gloo.solo.io/v1"
See https://developers.google.com/protocol-buffers/docs/reference/go/faq#namespace-conflict

WARNING: proto: message gloo.solo.io.VirtualHost is already registered
	previously from: "github.com/solo-io/gloo/projects/gloo/pkg/api/v1"
	currently from:  "github.com/solo-io/solo-apis/pkg/api/gloo.solo.io/v1"
See https://developers.google.com/protocol-buffers/docs/reference/go/faq#namespace-conflict

WARNING: proto: message gloo.solo.io.Route is already registered
	previously from: "github.com/solo-io/gloo/projects/gloo/pkg/api/v1"
	currently from:  "github.com/solo-io/solo-apis/pkg/api/gloo.solo.io/v1"
See https://developers.google.com/protocol-buffers/docs/reference/go/faq#namespace-conflict

WARNING: proto: message gloo.solo.io.RouteAction is already registered
	previously from: "github.com/solo-io/gloo/projects/gloo/pkg/api/v1"
	currently from:  "github.com/solo-io/solo-apis/pkg/api/gloo.solo.io/v1"
See https://developers.google.com/protocol-buffers/docs/reference/go/faq#namespace-conflict

WARNING: proto: message gloo.solo.io.Destination is already registered
	previously from: "github.com/solo-io/gloo/projects/gloo/pkg/api/v1"
	currently from:  "github.com/solo-io/solo-apis/pkg/api/gloo.solo.io/v1"
See https://developers.google.com/protocol-buffers/docs/reference/go/faq#namespace-conflict

WARNING: proto: message gloo.solo.io.KubernetesServiceDestination is already registered
	previously from: "github.com/solo-io/gloo/projects/gloo/pkg/api/v1"
	currently from:  "github.com/solo-io/solo-apis/pkg/api/gloo.solo.io/v1"
See https://developers.google.com/protocol-buffers/docs/reference/go/faq#namespace-conflict

WARNING: proto: message gloo.solo.io.ConsulServiceDestination is already registered
	previously from: "github.com/solo-io/gloo/projects/gloo/pkg/api/v1"
	currently from:  "github.com/solo-io/solo-apis/pkg/api/gloo.solo.io/v1"
See https://developers.google.com/protocol-buffers/docs/reference/go/faq#namespace-conflict

WARNING: proto: message gloo.solo.io.MultiDestination is already registered
	previously from: "github.com/solo-io/gloo/projects/gloo/pkg/api/v1"
	currently from:  "github.com/solo-io/solo-apis/pkg/api/gloo.solo.io/v1"
See https://developers.google.com/protocol-buffers/docs/reference/go/faq#namespace-conflict

WARNING: proto: message gloo.solo.io.WeightedDestination is already registered
	previously from: "github.com/solo-io/gloo/projects/gloo/pkg/api/v1"
	currently from:  "github.com/solo-io/solo-apis/pkg/api/gloo.solo.io/v1"
See https://developers.google.com/protocol-buffers/docs/reference/go/faq#namespace-conflict

WARNING: proto: message gloo.solo.io.RedirectAction is already registered
	previously from: "github.com/solo-io/gloo/projects/gloo/pkg/api/v1"
	currently from:  "github.com/solo-io/solo-apis/pkg/api/gloo.solo.io/v1"
See https://developers.google.com/protocol-buffers/docs/reference/go/faq#namespace-conflict

WARNING: proto: message gloo.solo.io.DirectResponseAction is already registered
	previously from: "github.com/solo-io/gloo/projects/gloo/pkg/api/v1"
	currently from:  "github.com/solo-io/solo-apis/pkg/api/gloo.solo.io/v1"
See https://developers.google.com/protocol-buffers/docs/reference/go/faq#namespace-conflict

WARNING: proto: message gloo.solo.io.SourceMetadata is already registered
	previously from: "github.com/solo-io/gloo/projects/gloo/pkg/api/v1"
	currently from:  "github.com/solo-io/solo-apis/pkg/api/gloo.solo.io/v1"
See https://developers.google.com/protocol-buffers/docs/reference/go/faq#namespace-conflict

WARNING: proto: message gloo.solo.io.TcpHost.TcpAction is already registered
	previously from: "github.com/solo-io/gloo/projects/gloo/pkg/api/v1"
	currently from:  "github.com/solo-io/solo-apis/pkg/api/gloo.solo.io/v1"
See https://developers.google.com/protocol-buffers/docs/reference/go/faq#namespace-conflict

WARNING: proto: message gloo.solo.io.AggregateListener.HttpResources is already registered
	previously from: "github.com/solo-io/gloo/projects/gloo/pkg/api/v1"
	currently from:  "github.com/solo-io/solo-apis/pkg/api/gloo.solo.io/v1"
See https://developers.google.com/protocol-buffers/docs/reference/go/faq#namespace-conflict

WARNING: proto: message gloo.solo.io.AggregateListener.HttpFilterChain is already registered
	previously from: "github.com/solo-io/gloo/projects/gloo/pkg/api/v1"
	currently from:  "github.com/solo-io/solo-apis/pkg/api/gloo.solo.io/v1"
See https://developers.google.com/protocol-buffers/docs/reference/go/faq#namespace-conflict

WARNING: proto: message gloo.solo.io.SourceMetadata.SourceRef is already registered
	previously from: "github.com/solo-io/gloo/projects/gloo/pkg/api/v1"
	currently from:  "github.com/solo-io/solo-apis/pkg/api/gloo.solo.io/v1"
See https://developers.google.com/protocol-buffers/docs/reference/go/faq#namespace-conflict

WARNING: proto: file "github.com/solo-io/solo-apis/api/gloo/gloo/v1/secret.proto" has a name conflict over gloo.solo.io.HeaderSecret
	previously from: "github.com/solo-io/gloo/projects/gloo/pkg/api/v1"
	currently from:  "github.com/solo-io/solo-apis/pkg/api/gloo.solo.io/v1"
See https://developers.google.com/protocol-buffers/docs/reference/go/faq#namespace-conflict

WARNING: proto: file "github.com/solo-io/solo-apis/api/gloo/gloo/v1/secret.proto" has a name conflict over gloo.solo.io.TlsSecret
	previously from: "github.com/solo-io/gloo/projects/gloo/pkg/api/v1"
	currently from:  "github.com/solo-io/solo-apis/pkg/api/gloo.solo.io/v1"
See https://developers.google.com/protocol-buffers/docs/reference/go/faq#namespace-conflict

WARNING: proto: file "github.com/solo-io/solo-apis/api/gloo/gloo/v1/secret.proto" has a name conflict over gloo.solo.io.AzureSecret
	previously from: "github.com/solo-io/gloo/projects/gloo/pkg/api/v1"
	currently from:  "github.com/solo-io/solo-apis/pkg/api/gloo.solo.io/v1"
See https://developers.google.com/protocol-buffers/docs/reference/go/faq#namespace-conflict

WARNING: proto: file "github.com/solo-io/solo-apis/api/gloo/gloo/v1/secret.proto" has a name conflict over gloo.solo.io.AwsSecret
	previously from: "github.com/solo-io/gloo/projects/gloo/pkg/api/v1"
	currently from:  "github.com/solo-io/solo-apis/pkg/api/gloo.solo.io/v1"
See https://developers.google.com/protocol-buffers/docs/reference/go/faq#namespace-conflict

WARNING: proto: file "github.com/solo-io/solo-apis/api/gloo/gloo/v1/secret.proto" has a name conflict over gloo.solo.io.Secret
	previously from: "github.com/solo-io/gloo/projects/gloo/pkg/api/v1"
	currently from:  "github.com/solo-io/solo-apis/pkg/api/gloo.solo.io/v1"
See https://developers.google.com/protocol-buffers/docs/reference/go/faq#namespace-conflict

WARNING: proto: message gloo.solo.io.Secret is already registered
	previously from: "github.com/solo-io/gloo/projects/gloo/pkg/api/v1"
	currently from:  "github.com/solo-io/solo-apis/pkg/api/gloo.solo.io/v1"
See https://developers.google.com/protocol-buffers/docs/reference/go/faq#namespace-conflict

WARNING: proto: message gloo.solo.io.AwsSecret is already registered
	previously from: "github.com/solo-io/gloo/projects/gloo/pkg/api/v1"
	currently from:  "github.com/solo-io/solo-apis/pkg/api/gloo.solo.io/v1"
See https://developers.google.com/protocol-buffers/docs/reference/go/faq#namespace-conflict

WARNING: proto: message gloo.solo.io.AzureSecret is already registered
	previously from: "github.com/solo-io/gloo/projects/gloo/pkg/api/v1"
	currently from:  "github.com/solo-io/solo-apis/pkg/api/gloo.solo.io/v1"
See https://developers.google.com/protocol-buffers/docs/reference/go/faq#namespace-conflict

WARNING: proto: message gloo.solo.io.TlsSecret is already registered
	previously from: "github.com/solo-io/gloo/projects/gloo/pkg/api/v1"
	currently from:  "github.com/solo-io/solo-apis/pkg/api/gloo.solo.io/v1"
See https://developers.google.com/protocol-buffers/docs/reference/go/faq#namespace-conflict

WARNING: proto: message gloo.solo.io.HeaderSecret is already registered
	previously from: "github.com/solo-io/gloo/projects/gloo/pkg/api/v1"
	currently from:  "github.com/solo-io/solo-apis/pkg/api/gloo.solo.io/v1"
See https://developers.google.com/protocol-buffers/docs/reference/go/faq#namespace-conflict

WARNING: proto: file "github.com/solo-io/solo-apis/api/gloo/gloo/v1/settings.proto" has a name conflict over gloo.solo.io.GraphqlOptions
	previously from: "github.com/solo-io/gloo/projects/gloo/pkg/api/v1"
	currently from:  "github.com/solo-io/solo-apis/pkg/api/gloo.solo.io/v1"
See https://developers.google.com/protocol-buffers/docs/reference/go/faq#namespace-conflict

WARNING: proto: file "github.com/solo-io/solo-apis/api/gloo/gloo/v1/settings.proto" has a name conflict over gloo.solo.io.ConsoleOptions
	previously from: "github.com/solo-io/gloo/projects/gloo/pkg/api/v1"
	currently from:  "github.com/solo-io/solo-apis/pkg/api/gloo.solo.io/v1"
See https://developers.google.com/protocol-buffers/docs/reference/go/faq#namespace-conflict

WARNING: proto: file "github.com/solo-io/solo-apis/api/gloo/gloo/v1/settings.proto" has a name conflict over gloo.solo.io.GatewayOptions
	previously from: "github.com/solo-io/gloo/projects/gloo/pkg/api/v1"
	currently from:  "github.com/solo-io/solo-apis/pkg/api/gloo.solo.io/v1"
See https://developers.google.com/protocol-buffers/docs/reference/go/faq#namespace-conflict

WARNING: proto: file "github.com/solo-io/solo-apis/api/gloo/gloo/v1/settings.proto" has a name conflict over gloo.solo.io.VirtualServiceOptions
	previously from: "github.com/solo-io/gloo/projects/gloo/pkg/api/v1"
	currently from:  "github.com/solo-io/solo-apis/pkg/api/gloo.solo.io/v1"
See https://developers.google.com/protocol-buffers/docs/reference/go/faq#namespace-conflict

WARNING: proto: file "github.com/solo-io/solo-apis/api/gloo/gloo/v1/settings.proto" has a name conflict over gloo.solo.io.GlooOptions
	previously from: "github.com/solo-io/gloo/projects/gloo/pkg/api/v1"
	currently from:  "github.com/solo-io/solo-apis/pkg/api/gloo.solo.io/v1"
See https://developers.google.com/protocol-buffers/docs/reference/go/faq#namespace-conflict

WARNING: proto: file "github.com/solo-io/solo-apis/api/gloo/gloo/v1/settings.proto" has a name conflict over gloo.solo.io.UpstreamOptions
	previously from: "github.com/solo-io/gloo/projects/gloo/pkg/api/v1"
	currently from:  "github.com/solo-io/solo-apis/pkg/api/gloo.solo.io/v1"
See https://developers.google.com/protocol-buffers/docs/reference/go/faq#namespace-conflict

WARNING: proto: enum gloo.solo.io.GraphqlOptions.SchemaChangeValidationOptions.ProcessingRule is already registered
	previously from: "github.com/solo-io/gloo/projects/gloo/pkg/api/v1"
	currently from:  "github.com/solo-io/solo-apis/pkg/api/gloo.solo.io/v1"
See https://developers.google.com/protocol-buffers/docs/reference/go/faq#namespace-conflict

WARNING: proto: message gloo.solo.io.UpstreamOptions is already registered
	previously from: "github.com/solo-io/gloo/projects/gloo/pkg/api/v1"
	currently from:  "github.com/solo-io/solo-apis/pkg/api/gloo.solo.io/v1"
See https://developers.google.com/protocol-buffers/docs/reference/go/faq#namespace-conflict

WARNING: proto: message gloo.solo.io.GlooOptions is already registered
	previously from: "github.com/solo-io/gloo/projects/gloo/pkg/api/v1"
	currently from:  "github.com/solo-io/solo-apis/pkg/api/gloo.solo.io/v1"
See https://developers.google.com/protocol-buffers/docs/reference/go/faq#namespace-conflict

WARNING: proto: message gloo.solo.io.VirtualServiceOptions is already registered
	previously from: "github.com/solo-io/gloo/projects/gloo/pkg/api/v1"
	currently from:  "github.com/solo-io/solo-apis/pkg/api/gloo.solo.io/v1"
See https://developers.google.com/protocol-buffers/docs/reference/go/faq#namespace-conflict

WARNING: proto: message gloo.solo.io.GatewayOptions is already registered
	previously from: "github.com/solo-io/gloo/projects/gloo/pkg/api/v1"
	currently from:  "github.com/solo-io/solo-apis/pkg/api/gloo.solo.io/v1"
See https://developers.google.com/protocol-buffers/docs/reference/go/faq#namespace-conflict

WARNING: proto: message gloo.solo.io.ConsoleOptions is already registered
	previously from: "github.com/solo-io/gloo/projects/gloo/pkg/api/v1"
	currently from:  "github.com/solo-io/solo-apis/pkg/api/gloo.solo.io/v1"
See https://developers.google.com/protocol-buffers/docs/reference/go/faq#namespace-conflict

WARNING: proto: message gloo.solo.io.GraphqlOptions is already registered
	previously from: "github.com/solo-io/gloo/projects/gloo/pkg/api/v1"
	currently from:  "github.com/solo-io/solo-apis/pkg/api/gloo.solo.io/v1"
See https://developers.google.com/protocol-buffers/docs/reference/go/faq#namespace-conflict

WARNING: proto: message gloo.solo.io.GlooOptions.AWSOptions is already registered
	previously from: "github.com/solo-io/gloo/projects/gloo/pkg/api/v1"
	currently from:  "github.com/solo-io/solo-apis/pkg/api/gloo.solo.io/v1"
See https://developers.google.com/protocol-buffers/docs/reference/go/faq#namespace-conflict

WARNING: proto: message gloo.solo.io.GlooOptions.InvalidConfigPolicy is already registered
	previously from: "github.com/solo-io/gloo/projects/gloo/pkg/api/v1"
	currently from:  "github.com/solo-io/solo-apis/pkg/api/gloo.solo.io/v1"
See https://developers.google.com/protocol-buffers/docs/reference/go/faq#namespace-conflict

WARNING: proto: message gloo.solo.io.GatewayOptions.ValidationOptions is already registered
	previously from: "github.com/solo-io/gloo/projects/gloo/pkg/api/v1"
	currently from:  "github.com/solo-io/solo-apis/pkg/api/gloo.solo.io/v1"
See https://developers.google.com/protocol-buffers/docs/reference/go/faq#namespace-conflict

WARNING: proto: message gloo.solo.io.GraphqlOptions.SchemaChangeValidationOptions is already registered
	previously from: "github.com/solo-io/gloo/projects/gloo/pkg/api/v1"
	currently from:  "github.com/solo-io/solo-apis/pkg/api/gloo.solo.io/v1"
See https://developers.google.com/protocol-buffers/docs/reference/go/faq#namespace-conflict

WARNING: proto: file "github.com/solo-io/solo-apis/api/gloo/gloo/v1/upstream.proto" has a name conflict over gloo.solo.io.HeaderValue
	previously from: "github.com/solo-io/gloo/projects/gloo/pkg/api/v1"
	currently from:  "github.com/solo-io/solo-apis/pkg/api/gloo.solo.io/v1"
See https://developers.google.com/protocol-buffers/docs/reference/go/faq#namespace-conflict

WARNING: proto: file "github.com/solo-io/solo-apis/api/gloo/gloo/v1/upstream.proto" has a name conflict over gloo.solo.io.DiscoveryMetadata
	previously from: "github.com/solo-io/gloo/projects/gloo/pkg/api/v1"
	currently from:  "github.com/solo-io/solo-apis/pkg/api/gloo.solo.io/v1"
See https://developers.google.com/protocol-buffers/docs/reference/go/faq#namespace-conflict

WARNING: proto: message gloo.solo.io.DiscoveryMetadata is already registered
	previously from: "github.com/solo-io/gloo/projects/gloo/pkg/api/v1"
	currently from:  "github.com/solo-io/solo-apis/pkg/api/gloo.solo.io/v1"
See https://developers.google.com/protocol-buffers/docs/reference/go/faq#namespace-conflict

WARNING: proto: message gloo.solo.io.HeaderValue is already registered
	previously from: "github.com/solo-io/gloo/projects/gloo/pkg/api/v1"
	currently from:  "github.com/solo-io/solo-apis/pkg/api/gloo.solo.io/v1"
See https://developers.google.com/protocol-buffers/docs/reference/go/faq#namespace-conflict

Running Suite: E2e Suite
========================
Random Seed: 1662732827
Will run 3 of 279 specs

[31m[1m"[0m[31mFri, 09 Sep 2022 10:14:14 EDT: /Users/ben/Documents/solo-repos/solo-projects/test/services/envoy.go:112[0m[31m[1m"[0m	Using docker to run envoy
SSSSSSSSSSSSSSSSSSSSSSSSSSSSSSSSSSSSSSSSSSSSSSSSSSSSSSSSSSSSSSSSSSSSSSSSSSSSSSSSSSSSSSSSSSSSSSSSSSSSSSSSSSSSSSSSSSSSSSSSSSSSSSSSSSSSSSSSSSSSSSSSSSSSSSSSSSSSSSSSSSSSSSSSSSSSSSSSSSSSSSSSSSSSSSSSSSSSSSSSSSSSSSSSSSSSSSSSSSSSSSSSSSSSSSSSSSSSSSSSSSSSSSSSSSSSSSSSSSSSSSSSSSSSSSSSSSSS•••
JUnit report was created: /Users/ben/Documents/solo-repos/solo-projects/test/e2e/junit.xml

Ran 3 of 279 Specs in 9.719 seconds
SUCCESS! -- 3 Passed | 0 Failed | 0 Pending | 276 Skipped
PASS | FOCUSED

[38;5;228mYou're using deprecated Ginkgo functionality:[0m
[38;5;228m=============================================[0m
[1m[38;5;10mGinkgo 2.0[0m is under active development and will introduce several new features, improvements, and a small handful of breaking changes.
A release candidate for 2.0 is now available and 2.0 should GA in Fall 2021.  [1mPlease give the RC a try and send us feedback![0m
  - To learn more, view the migration guide at [38;5;14m[4mhttps://github.com/onsi/ginkgo/blob/ver2/docs/MIGRATING_TO_V2.md[0m
  - For instructions on using the Release Candidate visit [38;5;14m[4mhttps://github.com/onsi/ginkgo/blob/ver2/docs/MIGRATING_TO_V2.md#using-the-beta[0m
  - To comment, chime in at [38;5;14m[4mhttps://github.com/onsi/ginkgo/issues/711[0m

  [38;5;11mYou are using a custom reporter.  Support for custom reporters will likely be removed in V2.  Most users were using them to generate junit or teamcity reports and this functionality will be merged into the core reporter.  In addition, Ginkgo 2.0 will support emitting a JSON-formatted report that users can then manipulate to generate custom reports.

  [38;5;9m[1mIf this change will be impactful to you please leave a comment on [38;5;14m[4mhttps://github.com/onsi/ginkgo/issues/711[0m[0m
  [1mLearn more at:[0m [38;5;14m[4mhttps://github.com/onsi/ginkgo/blob/ver2/docs/MIGRATING_TO_V2.md#removed-custom-reporters[0m

[38;5;243mTo silence deprecations that can be silenced set the following environment variable:[0m
  [38;5;243mACK_GINKGO_DEPRECATIONS=1.16.5[0m


Ginkgo ran 1 suite in 36.636981138s
Test Suite Passed
Detected Programmatic Focus - setting exit status to 197
